<html>
<body>
<pre>
<h1>µVision Build Log</h1>
<h2>Tool Versions:</h2>
IDE-Version: ¦ÌVision V5.25.2.0
Copyright (C) 2018 ARM Ltd and ARM Germany GmbH. All rights reserved.
License Information: dsadasd dasdadad, fsdgdfhfhf, LIC=BL22Z-J3QUQ-F0FN5-G1JR7-E4BUH-17S8Q
 
Tool Versions:
Toolchain:       MDK-ARM Professional  Version: 5.25.2.0
Toolchain Path:  C:\Keil_v5\ARM\ARMCC\Bin
C Compiler:      Armcc.exe V5.06 update 6 (build 750)
Assembler:       Armasm.exe V5.06 update 6 (build 750)
Linker/Locator:  ArmLink.exe V5.06 update 6 (build 750)
Library Manager: ArmAr.exe V5.06 update 6 (build 750)
Hex Converter:   FromElf.exe V5.06 update 6 (build 750)
CPU DLL:         SARMCM3.DLL V5.25.2.0
Dialog DLL:      DCM.DLL V1.17.1.0
Target DLL:      Segger\JL2CM3.dll V2.99.29.0
Dialog DLL:      TCM.DLL V1.35.1.0
 
<h2>Project:</h2>
\\Mac\Home\Desktop\Events\lesson_design\UCOS_UCGUI 2\PROJECT\Camera and uc_gui_2.0.uvprojx
Project File Date:  12/19/2018

<h2>Output:</h2>
*** Using Compiler 'V5.06 update 6 (build 750)', folder: 'C:\Keil_v5\ARM\ARMCC\Bin'
Build target 'UCOS_UCGUI'
creating preprocessor file for stm32f10x_it.c...
creating preprocessor file for core_cm3.c...
creating preprocessor file for system_stm32f10x.c...
creating preprocessor file for ADC.C...
creating preprocessor file for main.c...
creating preprocessor file for GUI_X.c...
creating preprocessor file for ucGUI_Practice.c...
creating preprocessor file for app.c...
compiling app.c...
creating preprocessor file for MyCalculator V1.0.c...
creating preprocessor file for AboutFrame.c...
creating preprocessor file for ILI9325.c...
creating preprocessor file for lcm_api.c...
creating preprocessor file for touch.c...
compiling touch.c...
creating preprocessor file for SysConfig.c...
compiling SysConfig.c...
creating preprocessor file for uart.c...
creating preprocessor file for delay.c...
creating preprocessor file for stm32f10x_adc.c...
creating preprocessor file for stm32f10x_gpio.c...
creating preprocessor file for stm32f10x_rtc.c...
creating preprocessor file for stm32f10x_rcc.c...
creating preprocessor file for stm32f10x_spi.c...
creating preprocessor file for stm32f10x_tim.c...
creating preprocessor file for stm32f10x_usart.c...
creating preprocessor file for stm32f10x_dma.c...
creating preprocessor file for stm32f10x_exti.c...
creating preprocessor file for stm32f10x_bkp.c...
creating preprocessor file for misc.c...
creating preprocessor file for stm32f10x_pwr.c...
creating preprocessor file for stm32f10x_fsmc.c...
creating preprocessor file for LCDNull.c...
creating preprocessor file for os_cpu_c.c...
creating preprocessor file for os_dbg.c...
creating preprocessor file for os_core.c...
creating preprocessor file for os_flag.c...
creating preprocessor file for os_mbox.c...
creating preprocessor file for os_mem.c...
creating preprocessor file for os_mutex.c...
creating preprocessor file for os_q.c...
creating preprocessor file for os_sem.c...
creating preprocessor file for os_task.c...
creating preprocessor file for os_time.c...
creating preprocessor file for os_tmr.c...
creating preprocessor file for calculator.c...
creating preprocessor file for stack.c...
creating preprocessor file for fpconv.c...
linking...
Program Size: Code=62188 RO-data=39500 RW-data=2000 ZI-data=52072  
FromELF: creating hex file...
After Build - User command #1: fromelf.exe --bin -o ygowill.bin ..\Output\ygowill.axf
"..\Output\ygowill.axf" - 0 Error(s), 0 Warning(s).

<h2>Software Packages used:</h2>

Package Vendor: ARM
                http://www.keil.com/pack/ARM.CMSIS.5.3.0.pack
                ARM.CMSIS.5.3.0
                CMSIS (Cortex Microcontroller Software Interface Standard)
   * Component: CORE Version: 5.1.1

Package Vendor: Keil
                http://www.keil.com/pack/Keil.STM32F1xx_DFP.2.3.0.pack
                Keil.STM32F1xx_DFP.2.3.0
                STMicroelectronics STM32F1 Series Device Support, Drivers and Examples

<h2>Collection of Component include folders:</h2>
  .\RTE\_UCOS_UCGUI
  C:\Keil_v5\ARM\PACK\ARM\CMSIS\5.3.0\CMSIS\Include
  C:\Keil_v5\ARM\PACK\Keil\STM32F1xx_DFP\2.3.0\Device\Include

<h2>Collection of Component Files used:</h2>

   * Component: ARM::CMSIS:CORE:5.1.1
Build Time Elapsed:  00:00:22
</pre>
</body>
</html>
