Component: ARM Compiler 5.06 update 6 (build 750) Tool: armlink [4d35ed]

==============================================================================

Section Cross References

    stm32f10x_it.o(i.EXTI1_IRQHandler) refers to stm32f10x_exti.o(i.EXTI_ClearITPendingBit) for EXTI_ClearITPendingBit
    stm32f10x_it.o(i.RTCAlarm_IRQHandler) refers to stm32f10x_exti.o(i.EXTI_ClearITPendingBit) for EXTI_ClearITPendingBit
    stm32f10x_it.o(i.SysTick_Handler) refers to stm32f10x_it.o(.data) for .data
    stm32f10x_it.o(i.TIM2_IRQHandler) refers to stm32f10x_tim.o(i.TIM_GetITStatus) for TIM_GetITStatus
    stm32f10x_it.o(i.TIM2_IRQHandler) refers to stm32f10x_tim.o(i.TIM_ClearITPendingBit) for TIM_ClearITPendingBit
    stm32f10x_it.o(i.TIM2_IRQHandler) refers to gui_x.o(.data) for OS_TimeMS
    system_stm32f10x.o(i.SystemCoreClockUpdate) refers to system_stm32f10x.o(.data) for .data
    startup_stm32f10x_md.o(STACK) refers (Special) to heapauxi.o(.text) for __use_two_region_memory
    startup_stm32f10x_md.o(HEAP) refers (Special) to heapauxi.o(.text) for __use_two_region_memory
    startup_stm32f10x_md.o(RESET) refers (Special) to heapauxi.o(.text) for __use_two_region_memory
    startup_stm32f10x_md.o(RESET) refers to startup_stm32f10x_md.o(STACK) for __initial_sp
    startup_stm32f10x_md.o(RESET) refers to startup_stm32f10x_md.o(.text) for Reset_Handler
    startup_stm32f10x_md.o(RESET) refers to stm32f10x_it.o(i.SysTick_Handler) for SysTick_Handler
    startup_stm32f10x_md.o(RESET) refers to stm32f10x_it.o(i.WWDG_IRQHandler) for WWDG_IRQHandler
    startup_stm32f10x_md.o(RESET) refers to stm32f10x_it.o(i.PVD_IRQHandler) for PVD_IRQHandler
    startup_stm32f10x_md.o(RESET) refers to stm32f10x_it.o(i.TAMPER_IRQHandler) for TAMPER_IRQHandler
    startup_stm32f10x_md.o(RESET) refers to stm32f10x_it.o(i.RTC_IRQHandler) for RTC_IRQHandler
    startup_stm32f10x_md.o(RESET) refers to stm32f10x_it.o(i.FLASH_IRQHandler) for FLASH_IRQHandler
    startup_stm32f10x_md.o(RESET) refers to stm32f10x_it.o(i.RCC_IRQHandler) for RCC_IRQHandler
    startup_stm32f10x_md.o(RESET) refers to stm32f10x_it.o(i.EXTI0_IRQHandler) for EXTI0_IRQHandler
    startup_stm32f10x_md.o(RESET) refers to stm32f10x_it.o(i.EXTI1_IRQHandler) for EXTI1_IRQHandler
    startup_stm32f10x_md.o(RESET) refers to stm32f10x_it.o(i.EXTI2_IRQHandler) for EXTI2_IRQHandler
    startup_stm32f10x_md.o(RESET) refers to stm32f10x_it.o(i.EXTI4_IRQHandler) for EXTI4_IRQHandler
    startup_stm32f10x_md.o(RESET) refers to stm32f10x_it.o(i.EXTI9_5_IRQHandler) for EXTI9_5_IRQHandler
    startup_stm32f10x_md.o(RESET) refers to stm32f10x_it.o(i.TIM1_BRK_IRQHandler) for TIM1_BRK_IRQHandler
    startup_stm32f10x_md.o(RESET) refers to stm32f10x_it.o(i.TIM1_UP_IRQHandler) for TIM1_UP_IRQHandler
    startup_stm32f10x_md.o(RESET) refers to stm32f10x_it.o(i.TIM1_TRG_COM_IRQHandler) for TIM1_TRG_COM_IRQHandler
    startup_stm32f10x_md.o(RESET) refers to stm32f10x_it.o(i.TIM1_CC_IRQHandler) for TIM1_CC_IRQHandler
    startup_stm32f10x_md.o(RESET) refers to stm32f10x_it.o(i.TIM2_IRQHandler) for TIM2_IRQHandler
    startup_stm32f10x_md.o(RESET) refers to stm32f10x_it.o(i.TIM3_IRQHandler) for TIM3_IRQHandler
    startup_stm32f10x_md.o(RESET) refers to stm32f10x_it.o(i.TIM4_IRQHandler) for TIM4_IRQHandler
    startup_stm32f10x_md.o(RESET) refers to stm32f10x_it.o(i.I2C1_EV_IRQHandler) for I2C1_EV_IRQHandler
    startup_stm32f10x_md.o(RESET) refers to stm32f10x_it.o(i.I2C1_ER_IRQHandler) for I2C1_ER_IRQHandler
    startup_stm32f10x_md.o(RESET) refers to stm32f10x_it.o(i.I2C2_EV_IRQHandler) for I2C2_EV_IRQHandler
    startup_stm32f10x_md.o(RESET) refers to stm32f10x_it.o(i.I2C2_ER_IRQHandler) for I2C2_ER_IRQHandler
    startup_stm32f10x_md.o(RESET) refers to stm32f10x_it.o(i.SPI1_IRQHandler) for SPI1_IRQHandler
    startup_stm32f10x_md.o(RESET) refers to stm32f10x_it.o(i.SPI2_IRQHandler) for SPI2_IRQHandler
    startup_stm32f10x_md.o(RESET) refers to stm32f10x_it.o(i.USART1_IRQHandler) for USART1_IRQHandler
    startup_stm32f10x_md.o(RESET) refers to stm32f10x_it.o(i.USART2_IRQHandler) for USART2_IRQHandler
    startup_stm32f10x_md.o(RESET) refers to stm32f10x_it.o(i.USART3_IRQHandler) for USART3_IRQHandler
    startup_stm32f10x_md.o(RESET) refers to stm32f10x_it.o(i.EXTI15_10_IRQHandler) for EXTI15_10_IRQHandler
    startup_stm32f10x_md.o(RESET) refers to stm32f10x_it.o(i.RTCAlarm_IRQHandler) for RTCAlarm_IRQHandler
    startup_stm32f10x_md.o(RESET) refers to stm32f10x_it.o(i.USBWakeUp_IRQHandler) for USBWakeUp_IRQHandler
    startup_stm32f10x_md.o(.text) refers (Special) to heapauxi.o(.text) for __use_two_region_memory
    startup_stm32f10x_md.o(.text) refers to __main.o(!!!main) for __main
    startup_stm32f10x_md.o(.text) refers to startup_stm32f10x_md.o(HEAP) for Heap_Mem
    startup_stm32f10x_md.o(.text) refers to startup_stm32f10x_md.o(STACK) for Stack_Mem
[...]
    0x0805f477   0x0805f477   0x0000000d   Data   RO         4283    .constdata          Camera_uCGUI Lib.lib(f13b_ascii.o)
    0x0805f484   0x0805f484   0x0000001a   Data   RO         4284    .constdata          Camera_uCGUI Lib.lib(f13b_ascii.o)
    0x0805f49e   0x0805f49e   0x0000000d   Data   RO         4285    .constdata          Camera_uCGUI Lib.lib(f13b_ascii.o)
    0x0805f4ab   0x0805f4ab   0x0000000d   Data   RO         4286    .constdata          Camera_uCGUI Lib.lib(f13b_ascii.o)
    0x0805f4b8   0x0805f4b8   0x0000000d   Data   RO         4287    .constdata          Camera_uCGUI Lib.lib(f13b_ascii.o)
    0x0805f4c5   0x0805f4c5   0x0000000d   Data   RO         4288    .constdata          Camera_uCGUI Lib.lib(f13b_ascii.o)
    0x0805f4d2   0x0805f4d2   0x0000000d   Data   RO         4289    .constdata          Camera_uCGUI Lib.lib(f13b_ascii.o)
    0x0805f4df   0x0805f4df   0x0000000d   Data   RO         4290    .constdata          Camera_uCGUI Lib.lib(f13b_ascii.o)
    0x0805f4ec   0x0805f4ec   0x0000000d   Data   RO         4291    .constdata          Camera_uCGUI Lib.lib(f13b_ascii.o)
    0x0805f4f9   0x0805f4f9   0x0000000d   Data   RO         4292    .constdata          Camera_uCGUI Lib.lib(f13b_ascii.o)
    0x0805f506   0x0805f506   0x0000000d   Data   RO         4293    .constdata          Camera_uCGUI Lib.lib(f13b_ascii.o)
    0x0805f513   0x0805f513   0x0000000d   Data   RO         4294    .constdata          Camera_uCGUI Lib.lib(f13b_ascii.o)
    0x0805f520   0x0805f520   0x0000000d   Data   RO         4295    .constdata          Camera_uCGUI Lib.lib(f13b_ascii.o)
    0x0805f52d   0x0805f52d   0x0000000d   Data   RO         4296    .constdata          Camera_uCGUI Lib.lib(f13b_ascii.o)
    0x0805f53a   0x0805f53a   0x0000000d   Data   RO         4297    .constdata          Camera_uCGUI Lib.lib(f13b_ascii.o)
    0x0805f547   0x0805f547   0x0000000d   Data   RO         4298    .constdata          Camera_uCGUI Lib.lib(f13b_ascii.o)
    0x0805f554   0x0805f554   0x0000001a   Data   RO         4299    .constdata          Camera_uCGUI Lib.lib(f13b_ascii.o)
    0x0805f56e   0x0805f56e   0x0000000d   Data   RO         4300    .constdata          Camera_uCGUI Lib.lib(f13b_ascii.o)
    0x0805f57b   0x0805f57b   0x0000000d   Data   RO         4301    .constdata          Camera_uCGUI Lib.lib(f13b_ascii.o)
    0x0805f588   0x0805f588   0x0000000d   Data   RO         4302    .constdata          Camera_uCGUI Lib.lib(f13b_ascii.o)
    0x0805f595   0x0805f595   0x0000000d   Data   RO         4303    .constdata          Camera_uCGUI Lib.lib(f13b_ascii.o)
    0x0805f5a2   0x0805f5a2   0x0000000d   Data   RO         4304    .constdata          Camera_uCGUI Lib.lib(f13b_ascii.o)
    0x0805f5af   0x0805f5af   0x0000000d   Data   RO         4305    .constdata          Camera_uCGUI Lib.lib(f13b_ascii.o)
    0x0805f5bc   0x0805f5bc   0x0000000d   Data   RO         4306    .constdata          Camera_uCGUI Lib.lib(f13b_ascii.o)
    0x0805f5c9   0x0805f5c9   0x0000000d   Data   RO         4307    .constdata          Camera_uCGUI Lib.lib(f13b_ascii.o)
    0x0805f5d6   0x0805f5d6   0x0000000d   Data   RO         4308    .constdata          Camera_uCGUI Lib.lib(f13b_ascii.o)
    0x0805f5e3   0x0805f5e3   0x0000001a   Data   RO         4309    .constdata          Camera_uCGUI Lib.lib(f13b_ascii.o)
    0x0805f5fd   0x0805f5fd   0x0000000d   Data   RO         4310    .constdata          Camera_uCGUI Lib.lib(f13b_ascii.o)
    0x0805f60a   0x0805f60a   0x0000000d   Data   RO         4311    .constdata          Camera_uCGUI Lib.lib(f13b_ascii.o)
    0x0805f617   0x0805f617   0x0000000d   Data   RO         4312    .constdata          Camera_uCGUI Lib.lib(f13b_ascii.o)
    0x0805f624   0x0805f624   0x0000000d   Data   RO         4313    .constdata          Camera_uCGUI Lib.lib(f13b_ascii.o)
    0x0805f631   0x0805f631   0x0000000d   Data   RO         4314    .constdata          Camera_uCGUI Lib.lib(f13b_ascii.o)
    0x0805f63e   0x0805f63e   0x0000000d   Data   RO         4315    .constdata          Camera_uCGUI Lib.lib(f13b_ascii.o)
    0x0805f64b   0x0805f64b   0x0000001a   Data   RO         4316    .constdata          Camera_uCGUI Lib.lib(f13b_ascii.o)
    0x0805f665   0x0805f665   0x00000003   PAD
    0x0805f668   0x0805f668   0x000002f8   Data   RO         4317    .constdata          Camera_uCGUI Lib.lib(f13b_ascii.o)
    0x0805f960   0x0805f960   0x0000000c   Data   RO         4318    .constdata          Camera_uCGUI Lib.lib(f13b_ascii.o)
    0x0805f96c   0x0805f96c   0x00000020   Data   RO         4319    .constdata          Camera_uCGUI Lib.lib(f13b_ascii.o)
    0x0805f98c   0x0805f98c   0x00000010   Data   RO         4320    .constdata          Camera_uCGUI Lib.lib(f16_ascii.o)
    0x0805f99c   0x0805f99c   0x00000010   Data   RO         4321    .constdata          Camera_uCGUI Lib.lib(f16_ascii.o)
    0x0805f9ac   0x0805f9ac   0x00000010   Data   RO         4322    .constdata          Camera_uCGUI Lib.lib(f16_ascii.o)
    0x0805f9bc   0x0805f9bc   0x00000010   Data   RO         4323    .constdata          Camera_uCGUI Lib.lib(f16_ascii.o)
    0x0805f9cc   0x0805f9cc   0x00000010   Data   RO         4324    .constdata          Camera_uCGUI Lib.lib(f16_ascii.o)
    0x0805f9dc   0x0805f9dc   0x00000020   Data   RO         4325    .constdata          Camera_uCGUI Lib.lib(f16_ascii.o)
    0x0805f9fc   0x0805f9fc   0x00000020   Data   RO         4326    .constdata          Camera_uCGUI Lib.lib(f16_ascii.o)
    0x0805fa1c   0x0805fa1c   0x00000010   Data   RO         4327    .constdata          Camera_uCGUI Lib.lib(f16_ascii.o)
    0x0805fa2c   0x0805fa2c   0x00000010   Data   RO         4328    .constdata          Camera_uCGUI Lib.lib(f16_ascii.o)
    0x0805fa3c   0x0805fa3c   0x00000010   Data   RO         4329    .constdata          Camera_uCGUI Lib.lib(f16_ascii.o)
    0x0805fa4c   0x0805fa4c   0x00000010   Data   RO         4330    .constdata          Camera_uCGUI Lib.lib(f16_ascii.o)
    0x0805fa5c   0x0805fa5c   0x00000010   Data   RO         4331    .constdata          Camera_uCGUI Lib.lib(f16_ascii.o)
    0x0805fa6c   0x0805fa6c   0x00000010   Data   RO         4332    .constdata          Camera_uCGUI Lib.lib(f16_ascii.o)
    0x0805fa7c   0x0805fa7c   0x00000010   Data   RO         4333    .constdata          Camera_uCGUI Lib.lib(f16_ascii.o)
    0x0805fa8c   0x0805fa8c   0x00000010   Data   RO         4334    .constdata          Camera_uCGUI Lib.lib(f16_ascii.o)
    0x0805fa9c   0x0805fa9c   0x00000010   Data   RO         4335    .constdata          Camera_uCGUI Lib.lib(f16_ascii.o)
    0x0805faac   0x0805faac   0x00000010   Data   RO         4336    .constdata          Camera_uCGUI Lib.lib(f16_ascii.o)
    0x0805fabc   0x0805fabc   0x00000010   Data   RO         4337    .constdata          Camera_uCGUI Lib.lib(f16_ascii.o)
    0x0805facc   0x0805facc   0x00000010   Data   RO         4338    .constdata          Camera_uCGUI Lib.lib(f16_ascii.o)
    0x0805fadc   0x0805fadc   0x00000010   Data   RO         4339    .constdata          Camera_uCGUI Lib.lib(f16_ascii.o)
    0x0805faec   0x0805faec   0x00000010   Data   RO         4340    .constdata          Camera_uCGUI Lib.lib(f16_ascii.o)
    0x0805fafc   0x0805fafc   0x00000010   Data   RO         4341    .constdata          Camera_uCGUI Lib.lib(f16_ascii.o)
    0x0805fb0c   0x0805fb0c   0x00000010   Data   RO         4342    .constdata          Camera_uCGUI Lib.lib(f16_ascii.o)
    0x0805fb1c   0x0805fb1c   0x00000010   Data   RO         4343    .constdata          Camera_uCGUI Lib.lib(f16_ascii.o)
    0x0805fb2c   0x0805fb2c   0x00000010   Data   RO         4344    .constdata          Camera_uCGUI Lib.lib(f16_ascii.o)
    0x0805fb3c   0x0805fb3c   0x00000010   Data   RO         4345    .constdata          Camera_uCGUI Lib.lib(f16_ascii.o)
    0x0805fb4c   0x0805fb4c   0x00000010   Data   RO         4346    .constdata          Camera_uCGUI Lib.lib(f16_ascii.o)
    0x0805fb5c   0x0805fb5c   0x00000010   Data   RO         4347    .constdata          Camera_uCGUI Lib.lib(f16_ascii.o)
    0x0805fb6c   0x0805fb6c   0x00000010   Data   RO         4348    .constdata          Camera_uCGUI Lib.lib(f16_ascii.o)
    0x0805fb7c   0x0805fb7c   0x00000010   Data   RO         4349    .constdata          Camera_uCGUI Lib.lib(f16_ascii.o)
    0x0805fb8c   0x0805fb8c   0x00000010   Data   RO         4350    .constdata          Camera_uCGUI Lib.lib(f16_ascii.o)
    0x0805fb9c   0x0805fb9c   0x00000010   Data   RO         4351    .constdata          Camera_uCGUI Lib.lib(f16_ascii.o)
    0x0805fbac   0x0805fbac   0x00000020   Data   RO         4352    .constdata          Camera_uCGUI Lib.lib(f16_ascii.o)
    0x0805fbcc   0x0805fbcc   0x00000020   Data   RO         4353    .constdata          Camera_uCGUI Lib.lib(f16_ascii.o)
    0x0805fbec   0x0805fbec   0x00000020   Data   RO         4354    .constdata          Camera_uCGUI Lib.lib(f16_ascii.o)
    0x0805fc0c   0x0805fc0c   0x00000020   Data   RO         4355    .constdata          Camera_uCGUI Lib.lib(f16_ascii.o)
    0x0805fc2c   0x0805fc2c   0x00000020   Data   RO         4356    .constdata          Camera_uCGUI Lib.lib(f16_ascii.o)
    0x0805fc4c   0x0805fc4c   0x00000020   Data   RO         4357    .constdata          Camera_uCGUI Lib.lib(f16_ascii.o)
    0x0805fc6c   0x0805fc6c   0x00000010   Data   RO         4358    .constdata          Camera_uCGUI Lib.lib(f16_ascii.o)
    0x0805fc7c   0x0805fc7c   0x00000020   Data   RO         4359    .constdata          Camera_uCGUI Lib.lib(f16_ascii.o)
    0x0805fc9c   0x0805fc9c   0x00000020   Data   RO         4360    .constdata          Camera_uCGUI Lib.lib(f16_ascii.o)
    0x0805fcbc   0x0805fcbc   0x00000010   Data   RO         4361    .constdata          Camera_uCGUI Lib.lib(f16_ascii.o)
    0x0805fccc   0x0805fccc   0x00000010   Data   RO         4362    .constdata          Camera_uCGUI Lib.lib(f16_ascii.o)
    0x0805fcdc   0x0805fcdc   0x00000020   Data   RO         4363    .constdata          Camera_uCGUI Lib.lib(f16_ascii.o)
    0x0805fcfc   0x0805fcfc   0x00000010   Data   RO         4364    .constdata          Camera_uCGUI Lib.lib(f16_ascii.o)
    0x0805fd0c   0x0805fd0c   0x00000020   Data   RO         4365    .constdata          Camera_uCGUI Lib.lib(f16_ascii.o)
    0x0805fd2c   0x0805fd2c   0x00000020   Data   RO         4366    .constdata          Camera_uCGUI Lib.lib(f16_ascii.o)
    0x0805fd4c   0x0805fd4c   0x00000020   Data   RO         4367    .constdata          Camera_uCGUI Lib.lib(f16_ascii.o)
    0x0805fd6c   0x0805fd6c   0x00000020   Data   RO         4368    .constdata          Camera_uCGUI Lib.lib(f16_ascii.o)
    0x0805fd8c   0x0805fd8c   0x00000020   Data   RO         4369    .constdata          Camera_uCGUI Lib.lib(f16_ascii.o)
    0x0805fdac   0x0805fdac   0x00000020   Data   RO         4370    .constdata          Camera_uCGUI Lib.lib(f16_ascii.o)
    0x0805fdcc   0x0805fdcc   0x00000020   Data   RO         4371    .constdata          Camera_uCGUI Lib.lib(f16_ascii.o)
    0x0805fdec   0x0805fdec   0x00000010   Data   RO         4372    .constdata          Camera_uCGUI Lib.lib(f16_ascii.o)
    0x0805fdfc   0x0805fdfc   0x00000020   Data   RO         4373    .constdata          Camera_uCGUI Lib.lib(f16_ascii.o)
    0x0805fe1c   0x0805fe1c   0x00000020   Data   RO         4374    .constdata          Camera_uCGUI Lib.lib(f16_ascii.o)
    0x0805fe3c   0x0805fe3c   0x00000020   Data   RO         4375    .constdata          Camera_uCGUI Lib.lib(f16_ascii.o)
    0x0805fe5c   0x0805fe5c   0x00000010   Data   RO         4376    .constdata          Camera_uCGUI Lib.lib(f16_ascii.o)
    0x0805fe6c   0x0805fe6c   0x00000020   Data   RO         4377    .constdata          Camera_uCGUI Lib.lib(f16_ascii.o)
    0x0805fe8c   0x0805fe8c   0x00000010   Data   RO         4378    .constdata          Camera_uCGUI Lib.lib(f16_ascii.o)
    0x0805fe9c   0x0805fe9c   0x00000010   Data   RO         4379    .constdata          Camera_uCGUI Lib.lib(f16_ascii.o)
    0x0805feac   0x0805feac   0x00000010   Data   RO         4380    .constdata          Camera_uCGUI Lib.lib(f16_ascii.o)
    0x0805febc   0x0805febc   0x00000010   Data   RO         4381    .constdata          Camera_uCGUI Lib.lib(f16_ascii.o)
    0x0805fecc   0x0805fecc   0x00000010   Data   RO         4382    .constdata          Camera_uCGUI Lib.lib(f16_ascii.o)
    0x0805fedc   0x0805fedc   0x00000010   Data   RO         4383    .constdata          Camera_uCGUI Lib.lib(f16_ascii.o)
    0x0805feec   0x0805feec   0x00000010   Data   RO         4384    .constdata          Camera_uCGUI Lib.lib(f16_ascii.o)
    0x0805fefc   0x0805fefc   0x00000010   Data   RO         4385    .constdata          Camera_uCGUI Lib.lib(f16_ascii.o)
    0x0805ff0c   0x0805ff0c   0x00000010   Data   RO         4386    .constdata          Camera_uCGUI Lib.lib(f16_ascii.o)
    0x0805ff1c   0x0805ff1c   0x00000010   Data   RO         4387    .constdata          Camera_uCGUI Lib.lib(f16_ascii.o)
    0x0805ff2c   0x0805ff2c   0x00000010   Data   RO         4388    .constdata          Camera_uCGUI Lib.lib(f16_ascii.o)
    0x0805ff3c   0x0805ff3c   0x00000010   Data   RO         4389    .constdata          Camera_uCGUI Lib.lib(f16_ascii.o)
    0x0805ff4c   0x0805ff4c   0x00000010   Data   RO         4390    .constdata          Camera_uCGUI Lib.lib(f16_ascii.o)
    0x0805ff5c   0x0805ff5c   0x00000010   Data   RO         4391    .constdata          Camera_uCGUI Lib.lib(f16_ascii.o)
    0x0805ff6c   0x0805ff6c   0x00000010   Data   RO         4392    .constdata          Camera_uCGUI Lib.lib(f16_ascii.o)
    0x0805ff7c   0x0805ff7c   0x00000010   Data   RO         4393    .constdata          Camera_uCGUI Lib.lib(f16_ascii.o)
    0x0805ff8c   0x0805ff8c   0x00000010   Data   RO         4394    .constdata          Camera_uCGUI Lib.lib(f16_ascii.o)
    0x0805ff9c   0x0805ff9c   0x00000010   Data   RO         4395    .constdata          Camera_uCGUI Lib.lib(f16_ascii.o)
    0x0805ffac   0x0805ffac   0x00000010   Data   RO         4396    .constdata          Camera_uCGUI Lib.lib(f16_ascii.o)
    0x0805ffbc   0x0805ffbc   0x00000020   Data   RO         4397    .constdata          Camera_uCGUI Lib.lib(f16_ascii.o)
    0x0805ffdc   0x0805ffdc   0x00000010   Data   RO         4398    .constdata          Camera_uCGUI Lib.lib(f16_ascii.o)
    0x0805ffec   0x0805ffec   0x00000010   Data   RO         4399    .constdata          Camera_uCGUI Lib.lib(f16_ascii.o)
    0x0805fffc   0x0805fffc   0x00000010   Data   RO         4400    .constdata          Camera_uCGUI Lib.lib(f16_ascii.o)
    0x0806000c   0x0806000c   0x00000010   Data   RO         4401    .constdata          Camera_uCGUI Lib.lib(f16_ascii.o)
    0x0806001c   0x0806001c   0x00000010   Data   RO         4402    .constdata          Camera_uCGUI Lib.lib(f16_ascii.o)
    0x0806002c   0x0806002c   0x00000010   Data   RO         4403    .constdata          Camera_uCGUI Lib.lib(f16_ascii.o)
    0x0806003c   0x0806003c   0x00000010   Data   RO         4404    .constdata          Camera_uCGUI Lib.lib(f16_ascii.o)
    0x0806004c   0x0806004c   0x00000010   Data   RO         4405    .constdata          Camera_uCGUI Lib.lib(f16_ascii.o)
    0x0806005c   0x0806005c   0x00000010   Data   RO         4406    .constdata          Camera_uCGUI Lib.lib(f16_ascii.o)
    0x0806006c   0x0806006c   0x00000020   Data   RO         4407    .constdata          Camera_uCGUI Lib.lib(f16_ascii.o)
    0x0806008c   0x0806008c   0x00000010   Data   RO         4408    .constdata          Camera_uCGUI Lib.lib(f16_ascii.o)
    0x0806009c   0x0806009c   0x00000010   Data   RO         4409    .constdata          Camera_uCGUI Lib.lib(f16_ascii.o)
    0x080600ac   0x080600ac   0x00000010   Data   RO         4410    .constdata          Camera_uCGUI Lib.lib(f16_ascii.o)
    0x080600bc   0x080600bc   0x00000010   Data   RO         4411    .constdata          Camera_uCGUI Lib.lib(f16_ascii.o)
    0x080600cc   0x080600cc   0x00000010   Data   RO         4412    .constdata          Camera_uCGUI Lib.lib(f16_ascii.o)
    0x080600dc   0x080600dc   0x00000010   Data   RO         4413    .constdata          Camera_uCGUI Lib.lib(f16_ascii.o)
    0x080600ec   0x080600ec   0x00000010   Data   RO         4414    .constdata          Camera_uCGUI Lib.lib(f16_ascii.o)
    0x080600fc   0x080600fc   0x00000300   Data   RO         4415    .constdata          Camera_uCGUI Lib.lib(f16_ascii.o)
    0x080603fc   0x080603fc   0x0000000c   Data   RO         4416    .constdata          Camera_uCGUI Lib.lib(f16_ascii.o)
    0x08060408   0x08060408   0x00000020   Data   RO         4417    .constdata          Camera_uCGUI Lib.lib(f16_ascii.o)
    0x08060428   0x08060428   0x00000018   Data   RO         4418    .constdata          Camera_uCGUI Lib.lib(f24_ascii.o)
    0x08060440   0x08060440   0x00000018   Data   RO         4419    .constdata          Camera_uCGUI Lib.lib(f24_ascii.o)
    0x08060458   0x08060458   0x00000018   Data   RO         4420    .constdata          Camera_uCGUI Lib.lib(f24_ascii.o)
    0x08060470   0x08060470   0x00000030   Data   RO         4421    .constdata          Camera_uCGUI Lib.lib(f24_ascii.o)
    0x080604a0   0x080604a0   0x00000030   Data   RO         4422    .constdata          Camera_uCGUI Lib.lib(f24_ascii.o)
    0x080604d0   0x080604d0   0x00000048   Data   RO         4423    .constdata          Camera_uCGUI Lib.lib(f24_ascii.o)
    0x08060518   0x08060518   0x00000030   Data   RO         4424    .constdata          Camera_uCGUI Lib.lib(f24_ascii.o)
    0x08060548   0x08060548   0x00000018   Data   RO         4425    .constdata          Camera_uCGUI Lib.lib(f24_ascii.o)
    0x08060560   0x08060560   0x00000018   Data   RO         4426    .constdata          Camera_uCGUI Lib.lib(f24_ascii.o)
    0x08060578   0x08060578   0x00000018   Data   RO         4427    .constdata          Camera_uCGUI Lib.lib(f24_ascii.o)
    0x08060590   0x08060590   0x00000018   Data   RO         4428    .constdata          Camera_uCGUI Lib.lib(f24_ascii.o)
    0x080605a8   0x080605a8   0x00000030   Data   RO         4429    .constdata          Camera_uCGUI Lib.lib(f24_ascii.o)
    0x080605d8   0x080605d8   0x00000018   Data   RO         4430    .constdata          Camera_uCGUI Lib.lib(f24_ascii.o)
    0x080605f0   0x080605f0   0x00000018   Data   RO         4431    .constdata          Camera_uCGUI Lib.lib(f24_ascii.o)
    0x08060608   0x08060608   0x00000018   Data   RO         4432    .constdata          Camera_uCGUI Lib.lib(f24_ascii.o)
    0x08060620   0x08060620   0x00000018   Data   RO         4433    .constdata          Camera_uCGUI Lib.lib(f24_ascii.o)
    0x08060638   0x08060638   0x00000030   Data   RO         4434    .constdata          Camera_uCGUI Lib.lib(f24_ascii.o)
    0x08060668   0x08060668   0x00000030   Data   RO         4435    .constdata          Camera_uCGUI Lib.lib(f24_ascii.o)
    0x08060698   0x08060698   0x00000030   Data   RO         4436    .constdata          Camera_uCGUI Lib.lib(f24_ascii.o)
    0x080606c8   0x080606c8   0x00000030   Data   RO         4437    .constdata          Camera_uCGUI Lib.lib(f24_ascii.o)
    0x080606f8   0x080606f8   0x00000030   Data   RO         4438    .constdata          Camera_uCGUI Lib.lib(f24_ascii.o)
    0x08060728   0x08060728   0x00000030   Data   RO         4439    .constdata          Camera_uCGUI Lib.lib(f24_ascii.o)
    0x08060758   0x08060758   0x00000030   Data   RO         4440    .constdata          Camera_uCGUI Lib.lib(f24_ascii.o)
    0x08060788   0x08060788   0x00000030   Data   RO         4441    .constdata          Camera_uCGUI Lib.lib(f24_ascii.o)
    0x080607b8   0x080607b8   0x00000030   Data   RO         4442    .constdata          Camera_uCGUI Lib.lib(f24_ascii.o)
    0x080607e8   0x080607e8   0x00000030   Data   RO         4443    .constdata          Camera_uCGUI Lib.lib(f24_ascii.o)
    0x08060818   0x08060818   0x00000018   Data   RO         4444    .constdata          Camera_uCGUI Lib.lib(f24_ascii.o)
    0x08060830   0x08060830   0x00000018   Data   RO         4445    .constdata          Camera_uCGUI Lib.lib(f24_ascii.o)
    0x08060848   0x08060848   0x00000030   Data   RO         4446    .constdata          Camera_uCGUI Lib.lib(f24_ascii.o)
    0x08060878   0x08060878   0x00000030   Data   RO         4447    .constdata          Camera_uCGUI Lib.lib(f24_ascii.o)
    0x080608a8   0x080608a8   0x00000030   Data   RO         4448    .constdata          Camera_uCGUI Lib.lib(f24_ascii.o)
    0x080608d8   0x080608d8   0x00000030   Data   RO         4449    .constdata          Camera_uCGUI Lib.lib(f24_ascii.o)
    0x08060908   0x08060908   0x00000048   Data   RO         4450    .constdata          Camera_uCGUI Lib.lib(f24_ascii.o)
    0x08060950   0x08060950   0x00000030   Data   RO         4451    .constdata          Camera_uCGUI Lib.lib(f24_ascii.o)
    0x08060980   0x08060980   0x00000030   Data   RO         4452    .constdata          Camera_uCGUI Lib.lib(f24_ascii.o)
    0x080609b0   0x080609b0   0x00000030   Data   RO         4453    .constdata          Camera_uCGUI Lib.lib(f24_ascii.o)
    0x080609e0   0x080609e0   0x00000030   Data   RO         4454    .constdata          Camera_uCGUI Lib.lib(f24_ascii.o)
    0x08060a10   0x08060a10   0x00000030   Data   RO         4455    .constdata          Camera_uCGUI Lib.lib(f24_ascii.o)
    0x08060a40   0x08060a40   0x00000030   Data   RO         4456    .constdata          Camera_uCGUI Lib.lib(f24_ascii.o)
    0x08060a70   0x08060a70   0x00000030   Data   RO         4457    .constdata          Camera_uCGUI Lib.lib(f24_ascii.o)
    0x08060aa0   0x08060aa0   0x00000030   Data   RO         4458    .constdata          Camera_uCGUI Lib.lib(f24_ascii.o)
    0x08060ad0   0x08060ad0   0x00000018   Data   RO         4459    .constdata          Camera_uCGUI Lib.lib(f24_ascii.o)
    0x08060ae8   0x08060ae8   0x00000030   Data   RO         4460    .constdata          Camera_uCGUI Lib.lib(f24_ascii.o)
    0x08060b18   0x08060b18   0x00000030   Data   RO         4461    .constdata          Camera_uCGUI Lib.lib(f24_ascii.o)
    0x08060b48   0x08060b48   0x00000030   Data   RO         4462    .constdata          Camera_uCGUI Lib.lib(f24_ascii.o)
    0x08060b78   0x08060b78   0x00000048   Data   RO         4463    .constdata          Camera_uCGUI Lib.lib(f24_ascii.o)
    0x08060bc0   0x08060bc0   0x00000030   Data   RO         4464    .constdata          Camera_uCGUI Lib.lib(f24_ascii.o)
    0x08060bf0   0x08060bf0   0x00000030   Data   RO         4465    .constdata          Camera_uCGUI Lib.lib(f24_ascii.o)
    0x08060c20   0x08060c20   0x00000030   Data   RO         4466    .constdata          Camera_uCGUI Lib.lib(f24_ascii.o)
    0x08060c50   0x08060c50   0x00000030   Data   RO         4467    .constdata          Camera_uCGUI Lib.lib(f24_ascii.o)
    0x08060c80   0x08060c80   0x00000030   Data   RO         4468    .constdata          Camera_uCGUI Lib.lib(f24_ascii.o)
    0x08060cb0   0x08060cb0   0x00000030   Data   RO         4469    .constdata          Camera_uCGUI Lib.lib(f24_ascii.o)
    0x08060ce0   0x08060ce0   0x00000030   Data   RO         4470    .constdata          Camera_uCGUI Lib.lib(f24_ascii.o)
    0x08060d10   0x08060d10   0x00000030   Data   RO         4471    .constdata          Camera_uCGUI Lib.lib(f24_ascii.o)
    0x08060d40   0x08060d40   0x00000030   Data   RO         4472    .constdata          Camera_uCGUI Lib.lib(f24_ascii.o)
    0x08060d70   0x08060d70   0x00000048   Data   RO         4473    .constdata          Camera_uCGUI Lib.lib(f24_ascii.o)
    0x08060db8   0x08060db8   0x00000030   Data   RO         4474    .constdata          Camera_uCGUI Lib.lib(f24_ascii.o)
    0x08060de8   0x08060de8   0x00000030   Data   RO         4475    .constdata          Camera_uCGUI Lib.lib(f24_ascii.o)
    0x08060e18   0x08060e18   0x00000030   Data   RO         4476    .constdata          Camera_uCGUI Lib.lib(f24_ascii.o)
    0x08060e48   0x08060e48   0x00000018   Data   RO         4477    .constdata          Camera_uCGUI Lib.lib(f24_ascii.o)
    0x08060e60   0x08060e60   0x00000018   Data   RO         4478    .constdata          Camera_uCGUI Lib.lib(f24_ascii.o)
    0x08060e78   0x08060e78   0x00000018   Data   RO         4479    .constdata          Camera_uCGUI Lib.lib(f24_ascii.o)
    0x08060e90   0x08060e90   0x00000018   Data   RO         4480    .constdata          Camera_uCGUI Lib.lib(f24_ascii.o)
    0x08060ea8   0x08060ea8   0x00000030   Data   RO         4481    .constdata          Camera_uCGUI Lib.lib(f24_ascii.o)
    0x08060ed8   0x08060ed8   0x00000018   Data   RO         4482    .constdata          Camera_uCGUI Lib.lib(f24_ascii.o)
    0x08060ef0   0x08060ef0   0x00000030   Data   RO         4483    .constdata          Camera_uCGUI Lib.lib(f24_ascii.o)
    0x08060f20   0x08060f20   0x00000030   Data   RO         4484    .constdata          Camera_uCGUI Lib.lib(f24_ascii.o)
    0x08060f50   0x08060f50   0x00000030   Data   RO         4485    .constdata          Camera_uCGUI Lib.lib(f24_ascii.o)
    0x08060f80   0x08060f80   0x00000030   Data   RO         4486    .constdata          Camera_uCGUI Lib.lib(f24_ascii.o)
    0x08060fb0   0x08060fb0   0x00000030   Data   RO         4487    .constdata          Camera_uCGUI Lib.lib(f24_ascii.o)
    0x08060fe0   0x08060fe0   0x00000018   Data   RO         4488    .constdata          Camera_uCGUI Lib.lib(f24_ascii.o)
    0x08060ff8   0x08060ff8   0x00000030   Data   RO         4489    .constdata          Camera_uCGUI Lib.lib(f24_ascii.o)
    0x08061028   0x08061028   0x00000030   Data   RO         4490    .constdata          Camera_uCGUI Lib.lib(f24_ascii.o)
    0x08061058   0x08061058   0x00000018   Data   RO         4491    .constdata          Camera_uCGUI Lib.lib(f24_ascii.o)
    0x08061070   0x08061070   0x00000018   Data   RO         4492    .constdata          Camera_uCGUI Lib.lib(f24_ascii.o)
    0x08061088   0x08061088   0x00000030   Data   RO         4493    .constdata          Camera_uCGUI Lib.lib(f24_ascii.o)
    0x080610b8   0x080610b8   0x00000018   Data   RO         4494    .constdata          Camera_uCGUI Lib.lib(f24_ascii.o)
    0x080610d0   0x080610d0   0x00000030   Data   RO         4495    .constdata          Camera_uCGUI Lib.lib(f24_ascii.o)
    0x08061100   0x08061100   0x00000030   Data   RO         4496    .constdata          Camera_uCGUI Lib.lib(f24_ascii.o)
    0x08061130   0x08061130   0x00000030   Data   RO         4497    .constdata          Camera_uCGUI Lib.lib(f24_ascii.o)
    0x08061160   0x08061160   0x00000030   Data   RO         4498    .constdata          Camera_uCGUI Lib.lib(f24_ascii.o)
    0x08061190   0x08061190   0x00000030   Data   RO         4499    .constdata          Camera_uCGUI Lib.lib(f24_ascii.o)
    0x080611c0   0x080611c0   0x00000018   Data   RO         4500    .constdata          Camera_uCGUI Lib.lib(f24_ascii.o)
    0x080611d8   0x080611d8   0x00000030   Data   RO         4501    .constdata          Camera_uCGUI Lib.lib(f24_ascii.o)
    0x08061208   0x08061208   0x00000018   Data   RO         4502    .constdata          Camera_uCGUI Lib.lib(f24_ascii.o)
    0x08061220   0x08061220   0x00000030   Data   RO         4503    .constdata          Camera_uCGUI Lib.lib(f24_ascii.o)
    0x08061250   0x08061250   0x00000030   Data   RO         4504    .constdata          Camera_uCGUI Lib.lib(f24_ascii.o)
    0x08061280   0x08061280   0x00000030   Data   RO         4505    .constdata          Camera_uCGUI Lib.lib(f24_ascii.o)
    0x080612b0   0x080612b0   0x00000030   Data   RO         4506    .constdata          Camera_uCGUI Lib.lib(f24_ascii.o)
    0x080612e0   0x080612e0   0x00000030   Data   RO         4507    .constdata          Camera_uCGUI Lib.lib(f24_ascii.o)
    0x08061310   0x08061310   0x00000030   Data   RO         4508    .constdata          Camera_uCGUI Lib.lib(f24_ascii.o)
    0x08061340   0x08061340   0x00000018   Data   RO         4509    .constdata          Camera_uCGUI Lib.lib(f24_ascii.o)
    0x08061358   0x08061358   0x00000018   Data   RO         4510    .constdata          Camera_uCGUI Lib.lib(f24_ascii.o)
    0x08061370   0x08061370   0x00000018   Data   RO         4511    .constdata          Camera_uCGUI Lib.lib(f24_ascii.o)
    0x08061388   0x08061388   0x00000030   Data   RO         4512    .constdata          Camera_uCGUI Lib.lib(f24_ascii.o)
    0x080613b8   0x080613b8   0x000002f8   Data   RO         4513    .constdata          Camera_uCGUI Lib.lib(f24_ascii.o)
    0x080616b0   0x080616b0   0x0000000c   Data   RO         4514    .constdata          Camera_uCGUI Lib.lib(f24_ascii.o)
    0x080616bc   0x080616bc   0x00000020   Data   RO         4515    .constdata          Camera_uCGUI Lib.lib(f24_ascii.o)
    0x080616dc   0x080616dc   0x00000018   Data   RO         4626    .constdata          Camera_uCGUI Lib.lib(widget_effect_3d.o)
    0x080616f4   0x080616f4   0x00000018   Data   RO         4629    .constdata          Camera_uCGUI Lib.lib(widget_effect_none.o)
    0x0806170c   0x0806170c   0x00000018   Data   RO         4632    .constdata          Camera_uCGUI Lib.lib(widget_effect_simple.o)
    0x08061724   0x08061724   0x00000028   Data   RO         4720    .constdata          Camera_uCGUI Lib.lib(gui_adddecshift.o)
    0x0806174c   0x0806174c   0x00000010   Data   RO         4723    .constdata          Camera_uCGUI Lib.lib(gui_addhex.o)
    0x0806175c   0x0806175c   0x00000010   Data   RO         4775    .constdata          Camera_uCGUI Lib.lib(gui_uc_encodenone.o)
    0x0806176c   0x0806176c   0x00000008   Data   RO         4795    .constdata          Camera_uCGUI Lib.lib(f08_1.o)
    0x08061774   0x08061774   0x00000008   Data   RO         4796    .constdata          Camera_uCGUI Lib.lib(f08_1.o)
    0x0806177c   0x0806177c   0x00000008   Data   RO         4797    .constdata          Camera_uCGUI Lib.lib(f08_1.o)
    0x08061784   0x08061784   0x00000008   Data   RO         4798    .constdata          Camera_uCGUI Lib.lib(f08_1.o)
    0x0806178c   0x0806178c   0x00000008   Data   RO         4799    .constdata          Camera_uCGUI Lib.lib(f08_1.o)
    0x08061794   0x08061794   0x00000008   Data   RO         4800    .constdata          Camera_uCGUI Lib.lib(f08_1.o)
    0x0806179c   0x0806179c   0x00000008   Data   RO         4801    .constdata          Camera_uCGUI Lib.lib(f08_1.o)
    0x080617a4   0x080617a4   0x00000008   Data   RO         4802    .constdata          Camera_uCGUI Lib.lib(f08_1.o)
    0x080617ac   0x080617ac   0x00000008   Data   RO         4803    .constdata          Camera_uCGUI Lib.lib(f08_1.o)
    0x080617b4   0x080617b4   0x00000008   Data   RO         4804    .constdata          Camera_uCGUI Lib.lib(f08_1.o)
    0x080617bc   0x080617bc   0x00000008   Data   RO         4805    .constdata          Camera_uCGUI Lib.lib(f08_1.o)
    0x080617c4   0x080617c4   0x00000008   Data   RO         4806    .constdata          Camera_uCGUI Lib.lib(f08_1.o)
    0x080617cc   0x080617cc   0x00000008   Data   RO         4807    .constdata          Camera_uCGUI Lib.lib(f08_1.o)
    0x080617d4   0x080617d4   0x00000008   Data   RO         4808    .constdata          Camera_uCGUI Lib.lib(f08_1.o)
    0x080617dc   0x080617dc   0x00000008   Data   RO         4809    .constdata          Camera_uCGUI Lib.lib(f08_1.o)
    0x080617e4   0x080617e4   0x00000008   Data   RO         4810    .constdata          Camera_uCGUI Lib.lib(f08_1.o)
    0x080617ec   0x080617ec   0x00000008   Data   RO         4811    .constdata          Camera_uCGUI Lib.lib(f08_1.o)
    0x080617f4   0x080617f4   0x00000008   Data   RO         4812    .constdata          Camera_uCGUI Lib.lib(f08_1.o)
    0x080617fc   0x080617fc   0x00000008   Data   RO         4813    .constdata          Camera_uCGUI Lib.lib(f08_1.o)
    0x08061804   0x08061804   0x00000008   Data   RO         4814    .constdata          Camera_uCGUI Lib.lib(f08_1.o)
    0x0806180c   0x0806180c   0x00000008   Data   RO         4815    .constdata          Camera_uCGUI Lib.lib(f08_1.o)
    0x08061814   0x08061814   0x00000008   Data   RO         4816    .constdata          Camera_uCGUI Lib.lib(f08_1.o)
    0x0806181c   0x0806181c   0x00000008   Data   RO         4817    .constdata          Camera_uCGUI Lib.lib(f08_1.o)
    0x08061824   0x08061824   0x00000008   Data   RO         4818    .constdata          Camera_uCGUI Lib.lib(f08_1.o)
    0x0806182c   0x0806182c   0x00000008   Data   RO         4819    .constdata          Camera_uCGUI Lib.lib(f08_1.o)
    0x08061834   0x08061834   0x00000008   Data   RO         4820    .constdata          Camera_uCGUI Lib.lib(f08_1.o)
    0x0806183c   0x0806183c   0x00000008   Data   RO         4821    .constdata          Camera_uCGUI Lib.lib(f08_1.o)
    0x08061844   0x08061844   0x00000008   Data   RO         4822    .constdata          Camera_uCGUI Lib.lib(f08_1.o)
    0x0806184c   0x0806184c   0x00000008   Data   RO         4823    .constdata          Camera_uCGUI Lib.lib(f08_1.o)
    0x08061854   0x08061854   0x00000008   Data   RO         4824    .constdata          Camera_uCGUI Lib.lib(f08_1.o)
    0x0806185c   0x0806185c   0x00000008   Data   RO         4825    .constdata          Camera_uCGUI Lib.lib(f08_1.o)
    0x08061864   0x08061864   0x00000008   Data   RO         4826    .constdata          Camera_uCGUI Lib.lib(f08_1.o)
    0x0806186c   0x0806186c   0x00000008   Data   RO         4827    .constdata          Camera_uCGUI Lib.lib(f08_1.o)
    0x08061874   0x08061874   0x00000008   Data   RO         4828    .constdata          Camera_uCGUI Lib.lib(f08_1.o)
    0x0806187c   0x0806187c   0x00000008   Data   RO         4829    .constdata          Camera_uCGUI Lib.lib(f08_1.o)
    0x08061884   0x08061884   0x00000008   Data   RO         4830    .constdata          Camera_uCGUI Lib.lib(f08_1.o)
    0x0806188c   0x0806188c   0x00000008   Data   RO         4831    .constdata          Camera_uCGUI Lib.lib(f08_1.o)
    0x08061894   0x08061894   0x00000008   Data   RO         4832    .constdata          Camera_uCGUI Lib.lib(f08_1.o)
    0x0806189c   0x0806189c   0x00000008   Data   RO         4833    .constdata          Camera_uCGUI Lib.lib(f08_1.o)
    0x080618a4   0x080618a4   0x00000008   Data   RO         4834    .constdata          Camera_uCGUI Lib.lib(f08_1.o)
    0x080618ac   0x080618ac   0x00000008   Data   RO         4835    .constdata          Camera_uCGUI Lib.lib(f08_1.o)
    0x080618b4   0x080618b4   0x00000008   Data   RO         4836    .constdata          Camera_uCGUI Lib.lib(f08_1.o)
    0x080618bc   0x080618bc   0x00000008   Data   RO         4837    .constdata          Camera_uCGUI Lib.lib(f08_1.o)
    0x080618c4   0x080618c4   0x00000008   Data   RO         4838    .constdata          Camera_uCGUI Lib.lib(f08_1.o)
    0x080618cc   0x080618cc   0x00000008   Data   RO         4839    .constdata          Camera_uCGUI Lib.lib(f08_1.o)
    0x080618d4   0x080618d4   0x00000008   Data   RO         4840    .constdata          Camera_uCGUI Lib.lib(f08_1.o)
    0x080618dc   0x080618dc   0x00000008   Data   RO         4841    .constdata          Camera_uCGUI Lib.lib(f08_1.o)
    0x080618e4   0x080618e4   0x00000008   Data   RO         4842    .constdata          Camera_uCGUI Lib.lib(f08_1.o)
    0x080618ec   0x080618ec   0x00000008   Data   RO         4843    .constdata          Camera_uCGUI Lib.lib(f08_1.o)
    0x080618f4   0x080618f4   0x00000008   Data   RO         4844    .constdata          Camera_uCGUI Lib.lib(f08_1.o)
    0x080618fc   0x080618fc   0x00000008   Data   RO         4845    .constdata          Camera_uCGUI Lib.lib(f08_1.o)
    0x08061904   0x08061904   0x00000008   Data   RO         4846    .constdata          Camera_uCGUI Lib.lib(f08_1.o)
    0x0806190c   0x0806190c   0x00000008   Data   RO         4847    .constdata          Camera_uCGUI Lib.lib(f08_1.o)
    0x08061914   0x08061914   0x00000008   Data   RO         4848    .constdata          Camera_uCGUI Lib.lib(f08_1.o)
    0x0806191c   0x0806191c   0x00000008   Data   RO         4849    .constdata          Camera_uCGUI Lib.lib(f08_1.o)
    0x08061924   0x08061924   0x00000008   Data   RO         4850    .constdata          Camera_uCGUI Lib.lib(f08_1.o)
    0x0806192c   0x0806192c   0x00000008   Data   RO         4851    .constdata          Camera_uCGUI Lib.lib(f08_1.o)
    0x08061934   0x08061934   0x00000008   Data   RO         4852    .constdata          Camera_uCGUI Lib.lib(f08_1.o)
    0x0806193c   0x0806193c   0x00000008   Data   RO         4853    .constdata          Camera_uCGUI Lib.lib(f08_1.o)
    0x08061944   0x08061944   0x00000008   Data   RO         4854    .constdata          Camera_uCGUI Lib.lib(f08_1.o)
    0x0806194c   0x0806194c   0x00000008   Data   RO         4855    .constdata          Camera_uCGUI Lib.lib(f08_1.o)
    0x08061954   0x08061954   0x00000008   Data   RO         4856    .constdata          Camera_uCGUI Lib.lib(f08_1.o)
    0x0806195c   0x0806195c   0x00000008   Data   RO         4857    .constdata          Camera_uCGUI Lib.lib(f08_1.o)
    0x08061964   0x08061964   0x00000008   Data   RO         4858    .constdata          Camera_uCGUI Lib.lib(f08_1.o)
    0x0806196c   0x0806196c   0x00000008   Data   RO         4859    .constdata          Camera_uCGUI Lib.lib(f08_1.o)
    0x08061974   0x08061974   0x00000008   Data   RO         4860    .constdata          Camera_uCGUI Lib.lib(f08_1.o)
    0x0806197c   0x0806197c   0x00000008   Data   RO         4861    .constdata          Camera_uCGUI Lib.lib(f08_1.o)
    0x08061984   0x08061984   0x00000008   Data   RO         4862    .constdata          Camera_uCGUI Lib.lib(f08_1.o)
    0x0806198c   0x0806198c   0x00000008   Data   RO         4863    .constdata          Camera_uCGUI Lib.lib(f08_1.o)
    0x08061994   0x08061994   0x00000008   Data   RO         4864    .constdata          Camera_uCGUI Lib.lib(f08_1.o)
    0x0806199c   0x0806199c   0x00000010   Data   RO         4865    .constdata          Camera_uCGUI Lib.lib(f08_1.o)
    0x080619ac   0x080619ac   0x00000008   Data   RO         4866    .constdata          Camera_uCGUI Lib.lib(f08_1.o)
    0x080619b4   0x080619b4   0x00000008   Data   RO         4867    .constdata          Camera_uCGUI Lib.lib(f08_1.o)
    0x080619bc   0x080619bc   0x00000008   Data   RO         4868    .constdata          Camera_uCGUI Lib.lib(f08_1.o)
    0x080619c4   0x080619c4   0x00000008   Data   RO         4869    .constdata          Camera_uCGUI Lib.lib(f08_1.o)
    0x080619cc   0x080619cc   0x00000008   Data   RO         4870    .constdata          Camera_uCGUI Lib.lib(f08_1.o)
    0x080619d4   0x080619d4   0x00000008   Data   RO         4871    .constdata          Camera_uCGUI Lib.lib(f08_1.o)
    0x080619dc   0x080619dc   0x00000008   Data   RO         4872    .constdata          Camera_uCGUI Lib.lib(f08_1.o)
    0x080619e4   0x080619e4   0x00000008   Data   RO         4873    .constdata          Camera_uCGUI Lib.lib(f08_1.o)
    0x080619ec   0x080619ec   0x00000008   Data   RO         4874    .constdata          Camera_uCGUI Lib.lib(f08_1.o)
    0x080619f4   0x080619f4   0x00000008   Data   RO         4875    .constdata          Camera_uCGUI Lib.lib(f08_1.o)
    0x080619fc   0x080619fc   0x00000008   Data   RO         4876    .constdata          Camera_uCGUI Lib.lib(f08_1.o)
    0x08061a04   0x08061a04   0x00000008   Data   RO         4877    .constdata          Camera_uCGUI Lib.lib(f08_1.o)
    0x08061a0c   0x08061a0c   0x00000008   Data   RO         4878    .constdata          Camera_uCGUI Lib.lib(f08_1.o)
    0x08061a14   0x08061a14   0x00000008   Data   RO         4879    .constdata          Camera_uCGUI Lib.lib(f08_1.o)
    0x08061a1c   0x08061a1c   0x00000008   Data   RO         4880    .constdata          Camera_uCGUI Lib.lib(f08_1.o)
    0x08061a24   0x08061a24   0x00000008   Data   RO         4881    .constdata          Camera_uCGUI Lib.lib(f08_1.o)
    0x08061a2c   0x08061a2c   0x00000008   Data   RO         4882    .constdata          Camera_uCGUI Lib.lib(f08_1.o)
    0x08061a34   0x08061a34   0x00000008   Data   RO         4883    .constdata          Camera_uCGUI Lib.lib(f08_1.o)
    0x08061a3c   0x08061a3c   0x00000008   Data   RO         4884    .constdata          Camera_uCGUI Lib.lib(f08_1.o)
    0x08061a44   0x08061a44   0x00000008   Data   RO         4885    .constdata          Camera_uCGUI Lib.lib(f08_1.o)
    0x08061a4c   0x08061a4c   0x00000008   Data   RO         4886    .constdata          Camera_uCGUI Lib.lib(f08_1.o)
    0x08061a54   0x08061a54   0x00000008   Data   RO         4887    .constdata          Camera_uCGUI Lib.lib(f08_1.o)
    0x08061a5c   0x08061a5c   0x00000008   Data   RO         4888    .constdata          Camera_uCGUI Lib.lib(f08_1.o)
    0x08061a64   0x08061a64   0x00000008   Data   RO         4889    .constdata          Camera_uCGUI Lib.lib(f08_1.o)
    0x08061a6c   0x08061a6c   0x00000008   Data   RO         4890    .constdata          Camera_uCGUI Lib.lib(f08_1.o)
    0x08061a74   0x08061a74   0x00000300   Data   RO         4891    .constdata          Camera_uCGUI Lib.lib(f08_1.o)
    0x08061d74   0x08061d74   0x0000000c   Data   RO         4892    .constdata          Camera_uCGUI Lib.lib(f08_1.o)
    0x08061d80   0x08061d80   0x00000020   Data   RO         4893    .constdata          Camera_uCGUI Lib.lib(f08_1.o)
    0x08061da0   0x08061da0   0x0000000d   Data   RO         4894    .constdata          Camera_uCGUI Lib.lib(f13_ascii.o)
    0x08061dad   0x08061dad   0x0000000d   Data   RO         4895    .constdata          Camera_uCGUI Lib.lib(f13_ascii.o)
    0x08061dba   0x08061dba   0x0000000d   Data   RO         4896    .constdata          Camera_uCGUI Lib.lib(f13_ascii.o)
    0x08061dc7   0x08061dc7   0x0000000d   Data   RO         4897    .constdata          Camera_uCGUI Lib.lib(f13_ascii.o)
    0x08061dd4   0x08061dd4   0x0000000d   Data   RO         4898    .constdata          Camera_uCGUI Lib.lib(f13_ascii.o)
    0x08061de1   0x08061de1   0x0000001a   Data   RO         4899    .constdata          Camera_uCGUI Lib.lib(f13_ascii.o)
    0x08061dfb   0x08061dfb   0x0000000d   Data   RO         4900    .constdata          Camera_uCGUI Lib.lib(f13_ascii.o)
    0x08061e08   0x08061e08   0x0000000d   Data   RO         4901    .constdata          Camera_uCGUI Lib.lib(f13_ascii.o)
    0x08061e15   0x08061e15   0x0000000d   Data   RO         4902    .constdata          Camera_uCGUI Lib.lib(f13_ascii.o)
    0x08061e22   0x08061e22   0x0000000d   Data   RO         4903    .constdata          Camera_uCGUI Lib.lib(f13_ascii.o)
    0x08061e2f   0x08061e2f   0x0000000d   Data   RO         4904    .constdata          Camera_uCGUI Lib.lib(f13_ascii.o)
    0x08061e3c   0x08061e3c   0x0000000d   Data   RO         4905    .constdata          Camera_uCGUI Lib.lib(f13_ascii.o)
    0x08061e49   0x08061e49   0x0000000d   Data   RO         4906    .constdata          Camera_uCGUI Lib.lib(f13_ascii.o)
    0x08061e56   0x08061e56   0x0000000d   Data   RO         4907    .constdata          Camera_uCGUI Lib.lib(f13_ascii.o)
    0x08061e63   0x08061e63   0x0000000d   Data   RO         4908    .constdata          Camera_uCGUI Lib.lib(f13_ascii.o)
    0x08061e70   0x08061e70   0x0000000d   Data   RO         4909    .constdata          Camera_uCGUI Lib.lib(f13_ascii.o)
    0x08061e7d   0x08061e7d   0x0000000d   Data   RO         4910    .constdata          Camera_uCGUI Lib.lib(f13_ascii.o)
    0x08061e8a   0x08061e8a   0x0000000d   Data   RO         4911    .constdata          Camera_uCGUI Lib.lib(f13_ascii.o)
    0x08061e97   0x08061e97   0x0000000d   Data   RO         4912    .constdata          Camera_uCGUI Lib.lib(f13_ascii.o)
    0x08061ea4   0x08061ea4   0x0000000d   Data   RO         4913    .constdata          Camera_uCGUI Lib.lib(f13_ascii.o)
    0x08061eb1   0x08061eb1   0x0000000d   Data   RO         4914    .constdata          Camera_uCGUI Lib.lib(f13_ascii.o)
    0x08061ebe   0x08061ebe   0x0000000d   Data   RO         4915    .constdata          Camera_uCGUI Lib.lib(f13_ascii.o)
    0x08061ecb   0x08061ecb   0x0000000d   Data   RO         4916    .constdata          Camera_uCGUI Lib.lib(f13_ascii.o)
    0x08061ed8   0x08061ed8   0x0000000d   Data   RO         4917    .constdata          Camera_uCGUI Lib.lib(f13_ascii.o)
    0x08061ee5   0x08061ee5   0x0000000d   Data   RO         4918    .constdata          Camera_uCGUI Lib.lib(f13_ascii.o)
    0x08061ef2   0x08061ef2   0x0000000d   Data   RO         4919    .constdata          Camera_uCGUI Lib.lib(f13_ascii.o)
    0x08061eff   0x08061eff   0x0000000d   Data   RO         4920    .constdata          Camera_uCGUI Lib.lib(f13_ascii.o)
    0x08061f0c   0x08061f0c   0x0000000d   Data   RO         4921    .constdata          Camera_uCGUI Lib.lib(f13_ascii.o)
    0x08061f19   0x08061f19   0x0000000d   Data   RO         4922    .constdata          Camera_uCGUI Lib.lib(f13_ascii.o)
    0x08061f26   0x08061f26   0x0000000d   Data   RO         4923    .constdata          Camera_uCGUI Lib.lib(f13_ascii.o)
    0x08061f33   0x08061f33   0x0000000d   Data   RO         4924    .constdata          Camera_uCGUI Lib.lib(f13_ascii.o)
    0x08061f40   0x08061f40   0x0000000d   Data   RO         4925    .constdata          Camera_uCGUI Lib.lib(f13_ascii.o)
    0x08061f4d   0x08061f4d   0x0000001a   Data   RO         4926    .constdata          Camera_uCGUI Lib.lib(f13_ascii.o)
    0x08061f67   0x08061f67   0x0000000d   Data   RO         4927    .constdata          Camera_uCGUI Lib.lib(f13_ascii.o)
    0x08061f74   0x08061f74   0x0000000d   Data   RO         4928    .constdata          Camera_uCGUI Lib.lib(f13_ascii.o)
    0x08061f81   0x08061f81   0x0000000d   Data   RO         4929    .constdata          Camera_uCGUI Lib.lib(f13_ascii.o)
    0x08061f8e   0x08061f8e   0x0000000d   Data   RO         4930    .constdata          Camera_uCGUI Lib.lib(f13_ascii.o)
    0x08061f9b   0x08061f9b   0x0000000d   Data   RO         4931    .constdata          Camera_uCGUI Lib.lib(f13_ascii.o)
    0x08061fa8   0x08061fa8   0x0000000d   Data   RO         4932    .constdata          Camera_uCGUI Lib.lib(f13_ascii.o)
    0x08061fb5   0x08061fb5   0x0000000d   Data   RO         4933    .constdata          Camera_uCGUI Lib.lib(f13_ascii.o)
    0x08061fc2   0x08061fc2   0x0000000d   Data   RO         4934    .constdata          Camera_uCGUI Lib.lib(f13_ascii.o)
    0x08061fcf   0x08061fcf   0x0000000d   Data   RO         4935    .constdata          Camera_uCGUI Lib.lib(f13_ascii.o)
    0x08061fdc   0x08061fdc   0x0000000d   Data   RO         4936    .constdata          Camera_uCGUI Lib.lib(f13_ascii.o)
    0x08061fe9   0x08061fe9   0x0000000d   Data   RO         4937    .constdata          Camera_uCGUI Lib.lib(f13_ascii.o)
    0x08061ff6   0x08061ff6   0x0000000d   Data   RO         4938    .constdata          Camera_uCGUI Lib.lib(f13_ascii.o)
    0x08062003   0x08062003   0x0000000d   Data   RO         4939    .constdata          Camera_uCGUI Lib.lib(f13_ascii.o)
    0x08062010   0x08062010   0x0000000d   Data   RO         4940    .constdata          Camera_uCGUI Lib.lib(f13_ascii.o)
    0x0806201d   0x0806201d   0x0000000d   Data   RO         4941    .constdata          Camera_uCGUI Lib.lib(f13_ascii.o)
    0x0806202a   0x0806202a   0x0000000d   Data   RO         4942    .constdata          Camera_uCGUI Lib.lib(f13_ascii.o)
    0x08062037   0x08062037   0x0000000d   Data   RO         4943    .constdata          Camera_uCGUI Lib.lib(f13_ascii.o)
    0x08062044   0x08062044   0x0000000d   Data   RO         4944    .constdata          Camera_uCGUI Lib.lib(f13_ascii.o)
    0x08062051   0x08062051   0x0000000d   Data   RO         4945    .constdata          Camera_uCGUI Lib.lib(f13_ascii.o)
    0x0806205e   0x0806205e   0x0000000d   Data   RO         4946    .constdata          Camera_uCGUI Lib.lib(f13_ascii.o)
    0x0806206b   0x0806206b   0x0000000d   Data   RO         4947    .constdata          Camera_uCGUI Lib.lib(f13_ascii.o)
    0x08062078   0x08062078   0x0000000d   Data   RO         4948    .constdata          Camera_uCGUI Lib.lib(f13_ascii.o)
    0x08062085   0x08062085   0x0000001a   Data   RO         4949    .constdata          Camera_uCGUI Lib.lib(f13_ascii.o)
    0x0806209f   0x0806209f   0x0000000d   Data   RO         4950    .constdata          Camera_uCGUI Lib.lib(f13_ascii.o)
    0x080620ac   0x080620ac   0x0000000d   Data   RO         4951    .constdata          Camera_uCGUI Lib.lib(f13_ascii.o)
    0x080620b9   0x080620b9   0x0000000d   Data   RO         4952    .constdata          Camera_uCGUI Lib.lib(f13_ascii.o)
    0x080620c6   0x080620c6   0x0000000d   Data   RO         4953    .constdata          Camera_uCGUI Lib.lib(f13_ascii.o)
    0x080620d3   0x080620d3   0x0000000d   Data   RO         4954    .constdata          Camera_uCGUI Lib.lib(f13_ascii.o)
    0x080620e0   0x080620e0   0x0000000d   Data   RO         4955    .constdata          Camera_uCGUI Lib.lib(f13_ascii.o)
    0x080620ed   0x080620ed   0x0000000d   Data   RO         4956    .constdata          Camera_uCGUI Lib.lib(f13_ascii.o)
    0x080620fa   0x080620fa   0x0000000d   Data   RO         4957    .constdata          Camera_uCGUI Lib.lib(f13_ascii.o)
    0x08062107   0x08062107   0x0000000d   Data   RO         4958    .constdata          Camera_uCGUI Lib.lib(f13_ascii.o)
    0x08062114   0x08062114   0x0000000d   Data   RO         4959    .constdata          Camera_uCGUI Lib.lib(f13_ascii.o)
    0x08062121   0x08062121   0x0000000d   Data   RO         4960    .constdata          Camera_uCGUI Lib.lib(f13_ascii.o)
    0x0806212e   0x0806212e   0x0000000d   Data   RO         4961    .constdata          Camera_uCGUI Lib.lib(f13_ascii.o)
    0x0806213b   0x0806213b   0x0000000d   Data   RO         4962    .constdata          Camera_uCGUI Lib.lib(f13_ascii.o)
    0x08062148   0x08062148   0x0000000d   Data   RO         4963    .constdata          Camera_uCGUI Lib.lib(f13_ascii.o)
    0x08062155   0x08062155   0x0000000d   Data   RO         4964    .constdata          Camera_uCGUI Lib.lib(f13_ascii.o)
    0x08062162   0x08062162   0x0000000d   Data   RO         4965    .constdata          Camera_uCGUI Lib.lib(f13_ascii.o)
    0x0806216f   0x0806216f   0x0000000d   Data   RO         4966    .constdata          Camera_uCGUI Lib.lib(f13_ascii.o)
    0x0806217c   0x0806217c   0x0000000d   Data   RO         4967    .constdata          Camera_uCGUI Lib.lib(f13_ascii.o)
    0x08062189   0x08062189   0x0000000d   Data   RO         4968    .constdata          Camera_uCGUI Lib.lib(f13_ascii.o)
    0x08062196   0x08062196   0x0000000d   Data   RO         4969    .constdata          Camera_uCGUI Lib.lib(f13_ascii.o)
    0x080621a3   0x080621a3   0x0000000d   Data   RO         4970    .constdata          Camera_uCGUI Lib.lib(f13_ascii.o)
    0x080621b0   0x080621b0   0x0000000d   Data   RO         4971    .constdata          Camera_uCGUI Lib.lib(f13_ascii.o)
    0x080621bd   0x080621bd   0x0000000d   Data   RO         4972    .constdata          Camera_uCGUI Lib.lib(f13_ascii.o)
    0x080621ca   0x080621ca   0x0000000d   Data   RO         4973    .constdata          Camera_uCGUI Lib.lib(f13_ascii.o)
    0x080621d7   0x080621d7   0x0000000d   Data   RO         4974    .constdata          Camera_uCGUI Lib.lib(f13_ascii.o)
    0x080621e4   0x080621e4   0x0000000d   Data   RO         4975    .constdata          Camera_uCGUI Lib.lib(f13_ascii.o)
    0x080621f1   0x080621f1   0x0000000d   Data   RO         4976    .constdata          Camera_uCGUI Lib.lib(f13_ascii.o)
    0x080621fe   0x080621fe   0x0000000d   Data   RO         4977    .constdata          Camera_uCGUI Lib.lib(f13_ascii.o)
    0x0806220b   0x0806220b   0x0000000d   Data   RO         4978    .constdata          Camera_uCGUI Lib.lib(f13_ascii.o)
    0x08062218   0x08062218   0x0000000d   Data   RO         4979    .constdata          Camera_uCGUI Lib.lib(f13_ascii.o)
    0x08062225   0x08062225   0x0000000d   Data   RO         4980    .constdata          Camera_uCGUI Lib.lib(f13_ascii.o)
    0x08062232   0x08062232   0x0000000d   Data   RO         4981    .constdata          Camera_uCGUI Lib.lib(f13_ascii.o)
    0x0806223f   0x0806223f   0x0000000d   Data   RO         4982    .constdata          Camera_uCGUI Lib.lib(f13_ascii.o)
    0x0806224c   0x0806224c   0x0000000d   Data   RO         4983    .constdata          Camera_uCGUI Lib.lib(f13_ascii.o)
    0x08062259   0x08062259   0x0000000d   Data   RO         4984    .constdata          Camera_uCGUI Lib.lib(f13_ascii.o)
    0x08062266   0x08062266   0x0000000d   Data   RO         4985    .constdata          Camera_uCGUI Lib.lib(f13_ascii.o)
    0x08062273   0x08062273   0x0000000d   Data   RO         4986    .constdata          Camera_uCGUI Lib.lib(f13_ascii.o)
    0x08062280   0x08062280   0x0000000d   Data   RO         4987    .constdata          Camera_uCGUI Lib.lib(f13_ascii.o)
    0x0806228d   0x0806228d   0x0000000d   Data   RO         4988    .constdata          Camera_uCGUI Lib.lib(f13_ascii.o)
    0x0806229a   0x0806229a   0x00000002   PAD
    0x0806229c   0x0806229c   0x000002f8   Data   RO         4989    .constdata          Camera_uCGUI Lib.lib(f13_ascii.o)
    0x08062594   0x08062594   0x0000000c   Data   RO         4990    .constdata          Camera_uCGUI Lib.lib(f13_ascii.o)
    0x080625a0   0x080625a0   0x0000000c   Data   RO         5014    .constdata          Camera_uCGUI Lib.lib(gui_draw_bitmap.o)
    0x080625ac   0x080625ac   0x00000010   Data   RO         5035    .constdata          Camera_uCGUI Lib.lib(radio_image.o)
    0x080625bc   0x080625bc   0x00000010   Data   RO         5036    .constdata          Camera_uCGUI Lib.lib(radio_image.o)
    0x080625cc   0x080625cc   0x00000008   Data   RO         5037    .constdata          Camera_uCGUI Lib.lib(radio_image.o)
    0x080625d4   0x080625d4   0x0000000c   Data   RO         5038    .constdata          Camera_uCGUI Lib.lib(radio_image.o)
    0x080625e0   0x080625e0   0x0000000c   Data   RO         5039    .constdata          Camera_uCGUI Lib.lib(radio_image.o)
    0x080625ec   0x080625ec   0x0000000c   Data   RO         5040    .constdata          Camera_uCGUI Lib.lib(radio_image.o)
    0x080625f8   0x080625f8   0x00000024   Data   RO         5041    .constdata          Camera_uCGUI Lib.lib(radio_image.o)
    0x0806261c   0x0806261c   0x00000004   Data   RO         5042    .constdata          Camera_uCGUI Lib.lib(radio_image.o)
    0x08062620   0x08062620   0x00000028   Data   RO         5043    .constdata          Camera_uCGUI Lib.lib(radio_image.o)
    0x08062648   0x08062648   0x00000014   Data   RO         5044    .constdata          Camera_uCGUI Lib.lib(radio_image.o)
    0x0806265c   0x0806265c   0x00000014   Data   RO         5128    .constdata          Camera_uCGUI Lib.lib(gui_cursorheaderm.o)
    0x08062670   0x08062670   0x0000000c   Data   RO         5129    .constdata          Camera_uCGUI Lib.lib(gui_cursorheaderm.o)
    0x0806267c   0x0806267c   0x000002f8   Data   RO         5150    .constdata          Camera_uCGUI Lib.lib(f08_ascii.o)
    0x08062974   0x08062974   0x000002f8   Data   RO         5151    .constdata          Camera_uCGUI Lib.lib(f08_ascii.o)
    0x08062c6c   0x08062c6c   0x0000000c   Data   RO         5152    .constdata          Camera_uCGUI Lib.lib(f08_ascii.o)
    0x08062c78   0x08062c78   0x00000008   Data   RO         5154    .constdata          Camera_uCGUI Lib.lib(checkbox_image.o)
    0x08062c80   0x08062c80   0x00000008   Data   RO         5155    .constdata          Camera_uCGUI Lib.lib(checkbox_image.o)
    0x08062c88   0x08062c88   0x0000000c   Data   RO         5156    .constdata          Camera_uCGUI Lib.lib(checkbox_image.o)
    0x08062c94   0x08062c94   0x0000000c   Data   RO         5157    .constdata          Camera_uCGUI Lib.lib(checkbox_image.o)
    0x08062ca0   0x08062ca0   0x00000016   Data   RO         5158    .constdata          Camera_uCGUI Lib.lib(checkbox_image.o)
    0x08062cb6   0x08062cb6   0x00000002   PAD
    0x08062cb8   0x08062cb8   0x00000028   Data   RO         5159    .constdata          Camera_uCGUI Lib.lib(checkbox_image.o)
    0x08062ce0   0x08062ce0   0x00000014   Data   RO         5180    .constdata          Camera_uCGUI Lib.lib(gui_cursorarrowm.o)
    0x08062cf4   0x08062cf4   0x0000000c   Data   RO         5181    .constdata          Camera_uCGUI Lib.lib(gui_cursorarrowm.o)
    0x08062d00   0x08062d00   0x00000055   Data   RO         5182    .constdata          Camera_uCGUI Lib.lib(gui_cursorheadermpx.o)
    0x08062d55   0x08062d55   0x00000003   PAD
    0x08062d58   0x08062d58   0x0000000c   Data   RO         5183    .constdata          Camera_uCGUI Lib.lib(gui_cursorpal.o)
    0x08062d64   0x08062d64   0x0000000c   Data   RO         5184    .constdata          Camera_uCGUI Lib.lib(gui_cursorpal.o)
    0x08062d70   0x08062d70   0x00000030   Data   RO         5190    .constdata          Camera_uCGUI Lib.lib(lcd_api.o)
    0x08062da0   0x08062da0   0x0000003c   Data   RO         5202    .constdata          Camera_uCGUI Lib.lib(gui_cursorarrowmpx.o)
    0x08062ddc   0x08062ddc   0x00000060   Data   RO          698    .conststring        dialog_all.o
    0x08062e3c   0x08062e3c   0x00000030   Data   RO          792    .conststring        dialog_slidercolor.o
    0x08062e6c   0x08062e6c   0x0000006e   Data   RO          878    .conststring        dialog_nestedmodal.o
    0x08062eda   0x08062eda   0x00000002   PAD
    0x08062edc   0x08062edc   0x000000c5   Data   RO          937    .conststring        widget_effect.o
    0x08062fa1   0x08062fa1   0x00000003   PAD
    0x08062fa4   0x08062fa4   0x000000e3   Data   RO          995    .conststring        widget_numpad.o
    0x08063087   0x08063087   0x00000001   PAD
    0x08063088   0x08063088   0x00000089   Data   RO         1043    .conststring        widget_multipage.o
    0x08063111   0x08063111   0x00000003   PAD
    0x08063114   0x08063114   0x0000002d   Data   RO         1109    .conststring        widget_buttonround.o
    0x08063141   0x08063141   0x00000003   PAD
    0x08063144   0x08063144   0x00000020   Data   RO         5533    Region$$Table       anon$$obj.o


    Execution Region ER_RW (Exec base: 0x20000000, Load base: 0x08063164, Size: 0x00000344, Max: 0xffffffff, ABSOLUTE, COMPRESSED[0x00000134])

    Exec Addr    Load Addr    Size         Type   Attr      Idx    E Section Name        Object

    0x20000000   COMPRESSED   0x00000004   Data   RW           56    .data               stm32f10x_it.o
    0x20000004   COMPRESSED   0x00000004   Data   RW          612    .data               gui_x.o
    0x20000008   COMPRESSED   0x00000003   Data   RW          793    .data               dialog_slidercolor.o
    0x2000000b   COMPRESSED   0x00000001   PAD
    0x2000000c   COMPRESSED   0x0000002c   Data   RW          831    .data               wm_lateclipping.o
    0x20000038   COMPRESSED   0x00000054   Data   RW          938    .data               widget_effect.o
    0x2000008c   COMPRESSED   0x00000030   Data   RW          996    .data               widget_numpad.o
    0x200000bc   COMPRESSED   0x00000001   Data   RW         1044    .data               widget_multipage.o
    0x200000bd   COMPRESSED   0x00000003   PAD
    0x200000c0   COMPRESSED   0x00000010   Data   RW         1110    .data               widget_buttonround.o
    0x200000d0   COMPRESSED   0x00000008   Data   RW         3956    .data               Camera_uCGUI Lib.lib(gui_dispstringinrectex.o)
    0x200000d8   COMPRESSED   0x00000010   Data   RW         3973    .data               Camera_uCGUI Lib.lib(gui_onkey.o)
    0x200000e8   COMPRESSED   0x00000034   Data   RW         3983    .data               Camera_uCGUI Lib.lib(gui_touch_driveranalog.o)
    0x2000011c   COMPRESSED   0x00000001   Data   RW         3987    .data               Camera_uCGUI Lib.lib(guialloc.o)
    0x2000011d   COMPRESSED   0x00000003   PAD
    0x20000120   COMPRESSED   0x00000008   Data   RW         3996    .data               Camera_uCGUI Lib.lib(guicore.o)
    0x20000128   COMPRESSED   0x00000004   Data   RW         3997    .data               Camera_uCGUI Lib.lib(guicore.o)
    0x2000012c   COMPRESSED   0x00000004   Data   RW         3998    .data               Camera_uCGUI Lib.lib(guicore.o)
    0x20000130   COMPRESSED   0x00000004   Data   RW         3999    .data               Camera_uCGUI Lib.lib(guicore.o)
    0x20000134   COMPRESSED   0x00000004   Data   RW         4000    .data               Camera_uCGUI Lib.lib(guicore.o)
    0x20000138   COMPRESSED   0x00000004   Data   RW         4001    .data               Camera_uCGUI Lib.lib(guicore.o)
    0x2000013c   COMPRESSED   0x00000004   Data   RW         4002    .data               Camera_uCGUI Lib.lib(guicore.o)
    0x20000140   COMPRESSED   0x00000008   Data   RW         4011    .data               Camera_uCGUI Lib.lib(lcd_rotatecw.o)
    0x20000148   COMPRESSED   0x00000020   Data   RW         4517    .data               Camera_uCGUI Lib.lib(button.o)
    0x20000168   COMPRESSED   0x00000004   Data   RW         4534    .data               Camera_uCGUI Lib.lib(dialog.o)
    0x2000016c   COMPRESSED   0x00000020   Data   RW         4537    .data               Camera_uCGUI Lib.lib(dropdown.o)
    0x2000018c   COMPRESSED   0x0000001c   Data   RW         4542    .data               Camera_uCGUI Lib.lib(edit.o)
    0x200001a8   COMPRESSED   0x00000024   Data   RW         4553    .data               Camera_uCGUI Lib.lib(framewin.o)
    0x200001cc   COMPRESSED   0x00000028   Data   RW         4564    .data               Camera_uCGUI Lib.lib(listbox.o)
    0x200001f4   COMPRESSED   0x00000020   Data   RW         4571    .data               Camera_uCGUI Lib.lib(listview.o)
    0x20000214   COMPRESSED   0x00000014   Data   RW         4592    .data               Camera_uCGUI Lib.lib(multiedit.o)
    0x20000228   COMPRESSED   0x00000018   Data   RW         4597    .data               Camera_uCGUI Lib.lib(multipage.o)
    0x20000240   COMPRESSED   0x00000018   Data   RW         4604    .data               Camera_uCGUI Lib.lib(radio.o)
    0x20000258   COMPRESSED   0x00000014   Data   RW         4609    .data               Camera_uCGUI Lib.lib(scrollbar.o)
    0x2000026c   COMPRESSED   0x00000004   Data   RW         4616    .data               Camera_uCGUI Lib.lib(slider.o)
    0x20000270   COMPRESSED   0x00000004   Data   RW         4623    .data               Camera_uCGUI Lib.lib(widget.o)
    0x20000274   COMPRESSED   0x00000004   Data   RW         4637    .data               Camera_uCGUI Lib.lib(window.o)
    0x20000278   COMPRESSED   0x00000028   Data   RW         4642    .data               Camera_uCGUI Lib.lib(wm.o)
    0x200002a0   COMPRESSED   0x00000001   Data   RW         4643    .data               Camera_uCGUI Lib.lib(wm.o)
    0x200002a1   COMPRESSED   0x00000003   PAD
    0x200002a4   COMPRESSED   0x00000004   Data   RW         4739    .data               Camera_uCGUI Lib.lib(gui_fillpolygon.o)
    0x200002a8   COMPRESSED   0x00000008   Data   RW         4770    .data               Camera_uCGUI Lib.lib(gui_touch_storeunstable.o)
    0x200002b0   COMPRESSED   0x00000028   Data   RW         4995    .data               Camera_uCGUI Lib.lib(checkbox.o)
    0x200002d8   COMPRESSED   0x0000001c   Data   RW         5017    .data               Camera_uCGUI Lib.lib(header.o)
    0x200002f4   COMPRESSED   0x00000008   Data   RW         5052    .data               Camera_uCGUI Lib.lib(text.o)
    0x200002fc   COMPRESSED   0x00000004   Data   RW         5103    .data               Camera_uCGUI Lib.lib(wm_setcapturemove.o)
    0x20000300   COMPRESSED   0x00000010   Data   RW         5116    .data               Camera_uCGUI Lib.lib(wmtouch.o)
    0x20000310   COMPRESSED   0x00000030   Data   RW         5143    .data               Camera_uCGUI Lib.lib(guicurs.o)
    0x20000340   COMPRESSED   0x00000004   Data   RW         5191    .data               Camera_uCGUI Lib.lib(lcd_api.o)


    Execution Region ER_ZI (Exec base: 0x20000344, Load base: 0x08063298, Size: 0x00002334, Max: 0xffffffff, ABSOLUTE)

    Exec Addr    Load Addr    Size         Type   Attr      Idx    E Section Name        Object

    0x20000344        -       0x00000028   Zero   RW          876    .bss                dialog_nestedmodal.o
    0x2000036c        -       0x0000001a   Zero   RW          935    .bss                widget_effect.o
    0x20000386   0x08063298   0x00000002   PAD
    0x20000388        -       0x000017e0   Zero   RW         3986    .bss                Camera_uCGUI Lib.lib(guialloc.o)
    0x20001b68        -       0x00000050   Zero   RW         3994    .bss                Camera_uCGUI Lib.lib(guicore.o)
    0x20001bb8        -       0x0000000c   Zero   RW         4640    .bss                Camera_uCGUI Lib.lib(wm.o)
    0x20001bc4        -       0x00000018   Zero   RW         4641    .bss                Camera_uCGUI Lib.lib(wm.o)
    0x20001bdc        -       0x00000018   Zero   RW         4738    .bss                Camera_uCGUI Lib.lib(gui_fillpolygon.o)
    0x20001bf4        -       0x0000000c   Zero   RW         5133    .bss                Camera_uCGUI Lib.lib(gui_pid.o)
    0x20001c00        -       0x0000000c   Zero   RW         5140    .bss                Camera_uCGUI Lib.lib(gui_touch_storestate.o)
    0x20001c0c        -       0x00000200   Zero   RW         5146    .bss                Camera_uCGUI Lib.lib(lcdcolor.o)
    0x20001e0c        -       0x0000000c   Zero   RW         5188    .bss                Camera_uCGUI Lib.lib(gui_touch.o)
    0x20001e18        -       0x00000060   Zero   RW         5405    .bss                c_w.l(libspace.o)
    0x20001e78        -       0x00000000   Zero   RW          486    HEAP                startup_stm32f10x_md.o
    0x20001e78        -       0x00000800   Zero   RW          485    STACK               startup_stm32f10x_md.o


==============================================================================

Image component sizes


      Code (inc. data)   RO Data    RW Data    ZI Data      Debug   Object Name

       628        118        552          0          0       9947   dialog_all.o
      1016        200       1510          0         40       5465   dialog_nestedmodal.o
       552         50        360          3          0       3581   dialog_slidercolor.o
        86         14          0          4          0       2452   gui_x.o
       878         48          0          0          0       8282   ili9325.o
      2150         72          0          0          0      12322   lcdnull.o
      1040        238     307200          0          0       1456   main.o
       160         16          0          0          0       2069   misc.o
        52         18        236          0       2048        812   startup_stm32f10x_md.o
        12          6          0          0          0        497   stm32f10x_exti.o
       230          4          0          0          0       1773   stm32f10x_fsmc.o
       214          0          0          0          0       3652   stm32f10x_gpio.o
       120         12          0          4          0     269271   stm32f10x_it.o
        72         18          0          0          0       1658   stm32f10x_rcc.o
       236          8          0          0          0       4940   stm32f10x_tim.o
       242         12          0          0          0      27223   sysconfig.o
       240         18          0          0          0       1157   system_stm32f10x.o
       912         40          0          0          0       5138   touch.o
       976        342          8          0          0       1493   ucgui_practice.o
       828         76        189         16          0       4717   widget_buttonround.o
      1788        202        929         84         26       7188   widget_effect.o
       696        180        713          1          0       5796   widget_multipage.o
       708         68        811         48          0       4069   widget_numpad.o
       984        158          0         44          0       4034   wm_lateclipping.o

    ----------------------------------------------------------------------
     14832       1918     312552        208       2116     388992   Object Totals
         0          0         32          0          0          0   (incl. Generated)
        12          0         12          4          2          0   (incl. Padding)

    ----------------------------------------------------------------------

      Code (inc. data)   RO Data    RW Data    ZI Data      Debug   Library Member Name

       712          6          0         32          0        444   button.o
        46          0          0          0          0         92   button__setbitmapobj.o
        42          0          0          0          0        112   button_bitmap.o
        62          0          0          0          0         84   button_createindirect.o
       144          0          0          0          0        156   button_get.o
        24          0          0          0          0         76   button_ispressed.o
       760         10          0         40          0        196   checkbox.o
        50          0          0          0          0         84   checkbox_createindirect.o
        22          0          0          0          0         76   checkbox_getstate.o
         0          0        102          0          0          0   checkbox_image.o
        14          0          0          0          0         76   checkbox_ischecked.o
        36          0          0          0          0         92   checkbox_setstate.o
       248          4          0          4          0        368   dialog.o
      1560         16          0         32          0        888   dropdown.o
        50          0          0          0          0         84   dropdown_createindirect.o
      1964          8          0         28          0        820   edit.o
        70          0          0          0          0         88   edit_createindirect.o
       324         10          0          0          0        208   editbin.o
       640         12          0          0          0        312   editdec.o
       328          8          0          0          0        196   edithex.o
         0          0       1588          0          0          0   f08_1.o
         0          0       1532          0          0          0   f08_ascii.o
         0          0       1802          0          0          0   f10_ascii.o
         0          0       2151          0          0          0   f13_1.o
         0          0       2046          0          0          0   f13_ascii.o
         0          0       2221          0          0          0   f13b_ascii.o
         0          0       2716          0          0          0   f16_ascii.o
         0          0       4788          0          0          0   f24_ascii.o
         0          0       3116          0          0          0   f8x16.o
      1628         16          0         36          0        516   framewin.o
       212          0          0          0          0         96   framewin__updatebuttons.o
        72          0          0          0          0        120   framewin_create.o
        60          0          0          0          0         88   framewin_createindirect.o
       120          4          0          0          0        348   framewin_default.o
       144          0          0          0          0        204   framewin_setcolors.o
        52          0          0          0          0         96   framewin_setfont.o
        66          0          0          0          0         84   framewin_settitleheight.o
      1408         16         68          0          0        708   gui2dlib.o
       156          0          0          0          0         84   gui__calctextrect.o
        22          0          0          0          0         68   gui__divideround.o
        16          4          0          0          0         68   gui__getfontsizey.o
        26          0          0          0          0         80   gui__getnumchars.o
        24          0          0          0          0         68   gui__handleeoline.o
        58          0          0          0          0         68   gui__intersectrect.o
        82          0          0          0          0         80   gui__intersectrects.o
        74          0          0          0          0         76   gui__memset.o
        26          0          0          0          0         68   gui__reducerect.o
        64          0          0          0          0         84   gui__settext.o
        68          6          0          0          0        148   gui__strcmp.o
        20          0          0          0          0         68   gui__strlen.o
       218          0          0          0          0        156   gui__wrap.o
        36          0          0          0          0         76   gui_addbin.o
        26          0          0          0          0         88   gui_adddecmin.o
       188          8         40          0          0        184   gui_adddecshift.o
        48          6         16          0          0         76   gui_addhex.o
        48          0          0          0          0         80   gui_alloc_allocinit.o
        28          0          0          0          0         80   gui_alloc_alloczero.o
       318          0          0          0          0        288   gui_array.o
        64          0          0          0          0         80   gui_array_deleteitem.o
        82          0          0          0          0         88   gui_array_resizeitem.o
        20          0          0          0          0         68   gui_clearrectex.o
         0          0         32          0          0          0   gui_cursorarrowm.o
         0          0         60          0          0          0   gui_cursorarrowmpx.o
         0          0         32          0          0          0   gui_cursorheaderm.o
         0          0         85          0          0          0   gui_cursorheadermpx.o
         0          0         24          0          0          0   gui_cursorpal.o
       132          6          0          0          0        112   gui_dispchar.o
        20          0          0          0          0         80   gui_dispchars.o
       236          4          0          0          0         88   gui_dispstring.o
        16          6          0          0          0         68   gui_dispstringat.o
        52          6          0          0          0         92   gui_dispstringhcenter.o
       392          6          0          0          0        144   gui_dispstringinrect.o
       156         14          0          8          0        128   gui_dispstringinrectex.o
        74          0          0          0          0        156   gui_draw.o
        76          6         12          0          0        132   gui_draw_bitmap.o
       208          4          0          0          0        128   gui_drawbitmap.o
       152          4          0          0          0         76   gui_drawfocusrect.o
        72          6          0          0          0         84   gui_drawhline.o
        64          6          0          0          0         80   gui_drawvline.o
        52          4          0          0          0        100   gui_exec.o
       552         14          0          4         24        152   gui_fillpolygon.o
        72          6          0          0          0         84   gui_fillrect.o
        20          0          0          0          0         68   gui_fillrectex.o
       142          0          0          0          0         68   gui_getbitmappixelindex.o
        10          0          0          0          0         68   gui_getclientrect.o
        36          0          0          0          0        140   gui_getcolor.o
        20          4          0          0          0         84   gui_getdisppos.o
        28          6          0          0          0         68   gui_getfontinfo.o
         4          0          0          0          0         68   gui_getfontsizey.o
        20          0          0          0          0         80   gui_getstringdistx.o
       112          6          0          0          0         88   gui_gettextextend.o
        16          0          0          0          0         84   gui_getysizeoffont.o
        48          4          0          0          0        144   gui_goto.o
        92          4          0          0          0         84   gui_invertrect.o
        88          0          0          0          0         76   gui_mergerect.o
        30          0          0          0          0         68   gui_moverect.o
       128          6          0         16          0        244   gui_onkey.o
        36          4          0          0          0        168   gui_pen.o
        68         12          0          0         12        144   gui_pid.o
        56          0          0          0          0         68   gui_rectsintersect.o
        24          6          0          0          0         84   gui_savecontext.o
         8          0          0          0          0         84   gui_setcolor.o
        64          6          0          0          0         96   gui_setdefault.o
         4          0          0          0          0         68   gui_setdrawmode.o
        16          4          0          0          0         68   gui_setfont.o
        16          6          0          0          0         68   gui_setlinestyle.o
        16          4          0          0          0         68   gui_settextalign.o
        16          4          0          0          0         68   gui_settextmode.o
        60          4          0          0         12        160   gui_touch.o
       392          4          0         52          0        400   gui_touch_driveranalog.o
        36          6          0          0         12         68   gui_touch_storestate.o
        60          6          0          8          0        156   gui_touch_storeunstable.o
       148          4          0          0          0        212   gui_uc.o
        36         10         16          0          0        184   gui_uc_encodenone.o
       744         18          0          1       6112        448   guialloc.o
       128          8          0          0          0        268   guichar.o
       328         14          0          0          0        168   guicharline.o
       356          6          0          0          0        300   guicharm.o
       264          6          0          0          0        228   guicharp.o
       964          4          0          0          0        388   guicirc.o
       256         22        108         32         80        140   guicore.o
      1284         34          0         48          0        488   guicurs.o
        68          0          0          0          0         84   guirealloc.o
        44          0          0          0          0         96   guitime.o
       188          0          0          0          0        216   guival.o
      1764         14          0         28          0       1104   header.o
       840          8          0          0          0        460   lcd.o
         0          0         48          4          0          0   lcd_api.o
        60          6          0          0          0         88   lcd_drawvline.o
        16          4          0          0          0         84   lcd_getcolorindex.o
        32          0          0          0          0        168   lcd_l0_generic.o
       744         10          0          8          0        192   lcd_rotatecw.o
        28          6          0          0          0         76   lcd_setcliprectex.o
        64          6          0          0        512        168   lcdcolor.o
        48          0          0          0          0        196   lcdinfo0.o
        28          0          0          0          0        136   lcdpm565.o
        52          0          0          0          0         76   lcdpm565_index2color.o
      2764         10          0         40          0       1116   listbox.o
        80          0          0          0          0        124   listbox_create.o
        54          0          0          0          0         88   listbox_createindirect.o
        50          0          0          0          0        116   listbox_font.o
        54          0          0          0          0        116   listbox_itemspacing.o
        92          0          0          0          0        132   listbox_setautoscroll.o
        36          0          0          0          0         92   listbox_setbkcolor.o
        28          0          0          0          0         92   listbox_setowner.o
        44          0          0          0          0         92   listbox_setscrollbarwidth.o
        46          0          0          0          0         84   listbox_settextcolor.o
      2088          8          0         32          0        580   listview.o
        50          0          0          0          0         84   listview_createindirect.o
        28          0          0          0          0         84   listview_getnumcolumns.o
        28          0          0          0          0         84   listview_getnumrows.o
        20          0          0          0          0         76   listview_getsel.o
        50          0          0          0          0         84   listview_setgridvis.o
        98          0          0          0          0        104   listview_setitemtext.o
        34          0          0          0          0         92   listview_setlborder.o
        34          0          0          0          0         92   listview_setrborder.o
       102          0          0          0          0         96   listview_setsel.o
       460         22          0          0          0        184   messagebox.o
      5002         22          0         20          0       1888   multiedit.o
        56          0          0          0          0         88   multiedit_createindirect.o
      2784         16          0         24          0       1176   multipage.o
      1128         18          0          0          0        608   progbar.o
        50          0          0          0          0         84   progbar_createindirect.o
      1028         14          0         24          0        372   radio.o
        64          0          0          0          0         88   radio_createindirect.o
         0          0        176          0          0          0   radio_image.o
      1600          8          0         20          0        544   scrollbar.o
        82          0          0          0          0        116   scrollbar_create.o
        50          0          0          0          0         84   scrollbar_createindirect.o
        96         12          0          0          0        304   scrollbar_defaults.o
        20          0          0          0          0         76   scrollbar_getvalue.o
        26          0          0          0          0         80   scrollbar_setwidth.o
      1060         14          0          4          0        588   slider.o
        50          0          0          0          0         84   slider_createindirect.o
       268          8          0          8          0        280   text.o
        56          0          0          0          0         88   text_createindirect.o
       956          4          0          4          0        900   widget.o
       304         16         24          0          0        224   widget_effect_3d.o
        24          6         24          0          0        148   widget_effect_none.o
       160          6         24          0          0        204   widget_effect_simple.o
       248          6          0          0          0        108   widget_fillstringinrect.o
        24          0          0          0          0         76   widget_seteffect.o
        46          0          0          0          0        100   widget_setwidth.o
       308         10          0          4          0        156   window.o
      3280         58          0         41         36       1504   wm.o
        54          0          0          0          0         84   wm__foreachdesc.o
        20          0          0          0          0         76   wm__getfirstsibling.o
        32          6          0          0          0         80   wm__getfocussedchild.o
        38          0          0          0          0         80   wm__getprevsibling.o
        44          0          0          0          0         96   wm__isancestor.o
        28          0          0          0          0         80   wm__ischild.o
        20          0          0          0          0         76   wm__isenabled.o
        32          0          0          0          0         96   wm__sendmessage.o
        28          0          0          0          0         92   wm__sendmessageifenabled.o
        40          0          0          0          0         80   wm__sendmessagenopara.o
       212          0          0          0          0         92   wm__updatechildpositions.o
       162          0          0          0          0        176   wm_attachwindow.o
        66          0          0          0          0         96   wm_bringtobottom.o
        84          4          0          0          0        108   wm_bringtotop.o
        94          0          0          0          0        172   wm_checkscrollpos.o
        52          4          0          0          0        136   wm_criticalhandle.o
        54          0          0          0          0        112   wm_enablewindow.o
         4          0          0          0          0         68   wm_foreachdesc.o
        24          0          0          0          0         76   wm_getbkcolor.o
        56         10          0          0          0        100   wm_getclientrect.o
        22          0          0          0          0         76   wm_getclientwindow.o
        12          4          0          0          0         68   wm_getdesktopwindow.o
        74          0          0          0          0         96   wm_getdialogitem.o
        16          0          0          0          0         76   wm_getfirstchild.o
        20          0          0          0          0         76   wm_getflags.o
        16          0          0          0          0         76   wm_getid.o
        32          6          0          0          0         92   wm_getinsiderect.o
       164          0          0          0          0         88   wm_getinsiderectexscrollbar.o
        16          0          0          0          0         76   wm_getnextsibling.o
        64          4          0          0          0        132   wm_getorg.o
        16          0          0          0          0         76   wm_getparent.o
        12          0          0          0          0         84   wm_getscrollbar.o
        42          0          0          0          0         88   wm_getscrollpartner.o
        16          0          0          0          0         76   wm_getscrollstate.o
        72          8          0          0          0        100   wm_getwindowrect.o
        86          0          0          0          0        200   wm_getwindowsize.o
        24          6          0          0          0         68   wm_hascaptured.o
        24          6          0          0          0         68   wm_hasfocus.o
        40          0          0          0          0         84   wm_hide.o
        28          0          0          0          0         76   wm_isfocussable.o
         4          0          0          0          0         68   wm_iswindow.o
        60         10          0          0          0         80   wm_makemodal.o
       202          0          0          0          0        188   wm_move.o
        70          0          0          0          0         96   wm_movechildto.o
        16          0          0          0          0         76   wm_notifyparent.o
        48          4          0          0          0         80   wm_onkey.o
       204          0          0          0          0         88   wm_resizewindow.o
       156          6          0          0          0        188   wm_screen2win.o
         4          0          0          0          0         68   wm_sendmessagenopara.o
        30          0          0          0          0         92   wm_sendtoparent.o
        30          0          0          0          0         80   wm_setcallback.o
        68          8          0          0          0        124   wm_setcapture.o
       144          6          0          4          0         96   wm_setcapturemove.o
        16          6          0          0          0         68   wm_setcreateflags.o
        64         10          0          0          0        120   wm_setdesktopcolor.o
       144          6          0          0          0         88   wm_setfocus.o
       108          0          0          0          0        108   wm_setfocusonnextchild.o
        70          0          0          0          0        148   wm_setscrollbar.o
        24          0          0          0          0         76   wm_setscrollstate.o
        54          0          0          0          0         92   wm_setsize.o
       112          4          0          0          0        140   wm_settrans.o
        20          4          0          0          0         76   wm_setusercliprect.o
        56          0          0          0          0         80   wm_setxsize.o
        56          0          0          0          0         80   wm_setysize.o
        76          0          0          0          0        112   wm_show.o
        88          0          0          0          0        116   wm_stayontop.o
         4          0          0          0          0         84   wmmemdev.o
       472         16          0         16          0        184   wmtouch.o
        90          0          0          0          0          0   __dczerorl2.o
         8          0          0          0          0         68   __main.o
         0          0          0          0          0          0   __rtentry.o
        12          0          0          0          0          0   __rtentry2.o
         6          0          0          0          0          0   __rtentry4.o
        52          8          0          0          0          0   __scatter.o
        28          0          0          0          0          0   __scatter_zi.o
        18          0          0          0          0         80   exit.o
         6          0          0          0          0        152   heapauxi.o
         0          0          0          0          0          0   indicate_semi.o
         2          0          0          0          0          0   libinit.o
         2          0          0          0          0          0   libinit2.o
         2          0          0          0          0          0   libshutdown.o
         2          0          0          0          0          0   libshutdown2.o
         8          4          0          0         96         68   libspace.o
        88          0          0          0          0         76   memcmp.o
        78          0          0          0          0         80   rt_memclr_w.o
       138          0          0          0          0         68   rt_memcpy_v6.o
       100          0          0          0          0         80   rt_memcpy_w.o
       132          0          0          0          0         68   rt_memmove_v6.o
       122          0          0          0          0         80   rt_memmove_w.o
         2          0          0          0          0          0   rtexit.o
        10          0          0          0          0          0   rtexit2.o
        24          0          0          0          0         68   strcat.o
        72          0          0          0          0         80   strcpy.o
        62          0          0          0          0         76   strlen.o
        12          4          0          0          0         68   sys_exit.o
        74          0          0          0          0         80   sys_stackheap_outer.o
         2          0          0          0          0         68   use_no_semi.o

    ----------------------------------------------------------------------
     55612        914      22864        628       6896      41296   Library Totals
        64          0         13          6          0          0   (incl. Padding)

    ----------------------------------------------------------------------

      Code (inc. data)   RO Data    RW Data    ZI Data      Debug   Library Name

     54396        898      22851        622       6800      40036   Camera_uCGUI Lib.lib
      1152         16          0          0         96       1260   c_w.l

    ----------------------------------------------------------------------
     55612        914      22864        628       6896      41296   Library Totals

    ----------------------------------------------------------------------

==============================================================================


      Code (inc. data)   RO Data    RW Data    ZI Data      Debug   

     70444       2832     335416        836       9012     408444   Grand Totals
     70444       2832     335416        308       9012     408444   ELF Image Totals (compressed)
     70444       2832     335416        308          0          0   ROM Totals

==============================================================================

    Total RO  Size (Code + RO Data)               405860 ( 396.35kB)
    Total RW  Size (RW Data + ZI Data)              9848 (   9.62kB)
    Total ROM Size (Code + RO Data + RW Data)     406168 ( 396.65kB)

==============================================================================

