Component: ARM Compiler 5.06 update 6 (build 750) Tool: armlink [4d35ed]

==============================================================================

Section Cross References

    stm32f10x_it.o(i.EXTI1_IRQHandler) refers to stm32f10x_exti.o(i.EXTI_ClearITPendingBit) for EXTI_ClearITPendingBit
    stm32f10x_it.o(i.RTCAlarm_IRQHandler) refers to stm32f10x_exti.o(i.EXTI_ClearITPendingBit) for EXTI_ClearITPendingBit
    stm32f10x_it.o(i.SysTick_Handler) refers to stm32f10x_it.o(.data) for .data
    stm32f10x_it.o(i.TIM2_IRQHandler) refers to stm32f10x_tim.o(i.TIM_GetITStatus) for TIM_GetITStatus
    stm32f10x_it.o(i.TIM2_IRQHandler) refers to stm32f10x_tim.o(i.TIM_ClearITPendingBit) for TIM_ClearITPendingBit
    stm32f10x_it.o(i.TIM2_IRQHandler) refers to gui_x.o(.data) for OS_TimeMS
    system_stm32f10x.o(i.SystemCoreClockUpdate) refers to system_stm32f10x.o(.data) for .data
    startup_stm32f10x_xl.o(RESET) refers to startup_stm32f10x_xl.o(STACK) for __initial_sp
    startup_stm32f10x_xl.o(RESET) refers to startup_stm32f10x_xl.o(.text) for Reset_Handler
    startup_stm32f10x_xl.o(RESET) refers to os_cpu_a.o(.text) for OS_CPU_PendSVHandler
    startup_stm32f10x_xl.o(RESET) refers to stm32f10x_it.o(i.WWDG_IRQHandler) for WWDG_IRQHandler
    startup_stm32f10x_xl.o(RESET) refers to stm32f10x_it.o(i.PVD_IRQHandler) for PVD_IRQHandler
    startup_stm32f10x_xl.o(RESET) refers to stm32f10x_it.o(i.TAMPER_IRQHandler) for TAMPER_IRQHandler
    startup_stm32f10x_xl.o(RESET) refers to stm32f10x_it.o(i.RTC_IRQHandler) for RTC_IRQHandler
    startup_stm32f10x_xl.o(RESET) refers to stm32f10x_it.o(i.FLASH_IRQHandler) for FLASH_IRQHandler
    startup_stm32f10x_xl.o(RESET) refers to stm32f10x_it.o(i.RCC_IRQHandler) for RCC_IRQHandler
    startup_stm32f10x_xl.o(RESET) refers to stm32f10x_it.o(i.EXTI0_IRQHandler) for EXTI0_IRQHandler
    startup_stm32f10x_xl.o(RESET) refers to stm32f10x_it.o(i.EXTI1_IRQHandler) for EXTI1_IRQHandler
    startup_stm32f10x_xl.o(RESET) refers to stm32f10x_it.o(i.EXTI2_IRQHandler) for EXTI2_IRQHandler
    startup_stm32f10x_xl.o(RESET) refers to stm32f10x_it.o(i.EXTI4_IRQHandler) for EXTI4_IRQHandler
    startup_stm32f10x_xl.o(RESET) refers to stm32f10x_it.o(i.EXTI9_5_IRQHandler) for EXTI9_5_IRQHandler
    startup_stm32f10x_xl.o(RESET) refers to stm32f10x_it.o(i.TIM1_CC_IRQHandler) for TIM1_CC_IRQHandler
    startup_stm32f10x_xl.o(RESET) refers to stm32f10x_it.o(i.TIM2_IRQHandler) for TIM2_IRQHandler
    startup_stm32f10x_xl.o(RESET) refers to stm32f10x_it.o(i.TIM3_IRQHandler) for TIM3_IRQHandler
    startup_stm32f10x_xl.o(RESET) refers to stm32f10x_it.o(i.TIM4_IRQHandler) for TIM4_IRQHandler
    startup_stm32f10x_xl.o(RESET) refers to stm32f10x_it.o(i.I2C1_EV_IRQHandler) for I2C1_EV_IRQHandler
    startup_stm32f10x_xl.o(RESET) refers to stm32f10x_it.o(i.I2C1_ER_IRQHandler) for I2C1_ER_IRQHandler
    startup_stm32f10x_xl.o(RESET) refers to stm32f10x_it.o(i.I2C2_EV_IRQHandler) for I2C2_EV_IRQHandler
    startup_stm32f10x_xl.o(RESET) refers to stm32f10x_it.o(i.I2C2_ER_IRQHandler) for I2C2_ER_IRQHandler
    startup_stm32f10x_xl.o(RESET) refers to stm32f10x_it.o(i.SPI1_IRQHandler) for SPI1_IRQHandler
    startup_stm32f10x_xl.o(RESET) refers to stm32f10x_it.o(i.SPI2_IRQHandler) for SPI2_IRQHandler
    startup_stm32f10x_xl.o(RESET) refers to stm32f10x_it.o(i.USART1_IRQHandler) for USART1_IRQHandler
    startup_stm32f10x_xl.o(RESET) refers to stm32f10x_it.o(i.USART2_IRQHandler) for USART2_IRQHandler
    startup_stm32f10x_xl.o(RESET) refers to stm32f10x_it.o(i.USART3_IRQHandler) for USART3_IRQHandler
    startup_stm32f10x_xl.o(RESET) refers to stm32f10x_it.o(i.EXTI15_10_IRQHandler) for EXTI15_10_IRQHandler
    startup_stm32f10x_xl.o(RESET) refers to stm32f10x_it.o(i.RTCAlarm_IRQHandler) for RTCAlarm_IRQHandler
    startup_stm32f10x_xl.o(RESET) refers to stm32f10x_it.o(i.USBWakeUp_IRQHandler) for USBWakeUp_IRQHandler
    startup_stm32f10x_xl.o(.text) refers to system_stm32f10x.o(i.SystemInit) for SystemInit
    startup_stm32f10x_xl.o(.text) refers to entry.o(.ARM.Collect$$$$00000000) for __main
    adc.o(i.ADC_Configuration) refers to stm32f10x_dma.o(i.DMA_DeInit) for DMA_DeInit
    adc.o(i.ADC_Configuration) refers to stm32f10x_dma.o(i.DMA_Init) for DMA_Init
    adc.o(i.ADC_Configuration) refers to stm32f10x_dma.o(i.DMA_Cmd) for DMA_Cmd
    adc.o(i.ADC_Configuration) refers to stm32f10x_adc.o(i.ADC_Init) for ADC_Init
    adc.o(i.ADC_Configuration) refers to stm32f10x_adc.o(i.ADC_RegularChannelConfig) for ADC_RegularChannelConfig
    adc.o(i.ADC_Configuration) refers to stm32f10x_adc.o(i.ADC_TempSensorVrefintCmd) for ADC_TempSensorVrefintCmd
    adc.o(i.ADC_Configuration) refers to stm32f10x_adc.o(i.ADC_DMACmd) for ADC_DMACmd
    adc.o(i.ADC_Configuration) refers to stm32f10x_adc.o(i.ADC_Cmd) for ADC_Cmd
    adc.o(i.ADC_Configuration) refers to stm32f10x_adc.o(i.ADC_ResetCalibration) for ADC_ResetCalibration
[...]
    0x08012180   0x08012180   0x00000030   Data   RO         4891    .constdata          mylib.lib(f24_ascii.o)
    0x080121b0   0x080121b0   0x00000030   Data   RO         4892    .constdata          mylib.lib(f24_ascii.o)
    0x080121e0   0x080121e0   0x00000048   Data   RO         4893    .constdata          mylib.lib(f24_ascii.o)
    0x08012228   0x08012228   0x00000030   Data   RO         4894    .constdata          mylib.lib(f24_ascii.o)
    0x08012258   0x08012258   0x00000030   Data   RO         4895    .constdata          mylib.lib(f24_ascii.o)
    0x08012288   0x08012288   0x00000030   Data   RO         4896    .constdata          mylib.lib(f24_ascii.o)
    0x080122b8   0x080122b8   0x00000018   Data   RO         4897    .constdata          mylib.lib(f24_ascii.o)
    0x080122d0   0x080122d0   0x00000018   Data   RO         4898    .constdata          mylib.lib(f24_ascii.o)
    0x080122e8   0x080122e8   0x00000018   Data   RO         4899    .constdata          mylib.lib(f24_ascii.o)
    0x08012300   0x08012300   0x00000018   Data   RO         4900    .constdata          mylib.lib(f24_ascii.o)
    0x08012318   0x08012318   0x00000030   Data   RO         4901    .constdata          mylib.lib(f24_ascii.o)
    0x08012348   0x08012348   0x00000018   Data   RO         4902    .constdata          mylib.lib(f24_ascii.o)
    0x08012360   0x08012360   0x00000030   Data   RO         4903    .constdata          mylib.lib(f24_ascii.o)
    0x08012390   0x08012390   0x00000030   Data   RO         4904    .constdata          mylib.lib(f24_ascii.o)
    0x080123c0   0x080123c0   0x00000030   Data   RO         4905    .constdata          mylib.lib(f24_ascii.o)
    0x080123f0   0x080123f0   0x00000030   Data   RO         4906    .constdata          mylib.lib(f24_ascii.o)
    0x08012420   0x08012420   0x00000030   Data   RO         4907    .constdata          mylib.lib(f24_ascii.o)
    0x08012450   0x08012450   0x00000018   Data   RO         4908    .constdata          mylib.lib(f24_ascii.o)
    0x08012468   0x08012468   0x00000030   Data   RO         4909    .constdata          mylib.lib(f24_ascii.o)
    0x08012498   0x08012498   0x00000030   Data   RO         4910    .constdata          mylib.lib(f24_ascii.o)
    0x080124c8   0x080124c8   0x00000018   Data   RO         4911    .constdata          mylib.lib(f24_ascii.o)
    0x080124e0   0x080124e0   0x00000018   Data   RO         4912    .constdata          mylib.lib(f24_ascii.o)
    0x080124f8   0x080124f8   0x00000030   Data   RO         4913    .constdata          mylib.lib(f24_ascii.o)
    0x08012528   0x08012528   0x00000018   Data   RO         4914    .constdata          mylib.lib(f24_ascii.o)
    0x08012540   0x08012540   0x00000030   Data   RO         4915    .constdata          mylib.lib(f24_ascii.o)
    0x08012570   0x08012570   0x00000030   Data   RO         4916    .constdata          mylib.lib(f24_ascii.o)
    0x080125a0   0x080125a0   0x00000030   Data   RO         4917    .constdata          mylib.lib(f24_ascii.o)
    0x080125d0   0x080125d0   0x00000030   Data   RO         4918    .constdata          mylib.lib(f24_ascii.o)
    0x08012600   0x08012600   0x00000030   Data   RO         4919    .constdata          mylib.lib(f24_ascii.o)
    0x08012630   0x08012630   0x00000018   Data   RO         4920    .constdata          mylib.lib(f24_ascii.o)
    0x08012648   0x08012648   0x00000030   Data   RO         4921    .constdata          mylib.lib(f24_ascii.o)
    0x08012678   0x08012678   0x00000018   Data   RO         4922    .constdata          mylib.lib(f24_ascii.o)
    0x08012690   0x08012690   0x00000030   Data   RO         4923    .constdata          mylib.lib(f24_ascii.o)
    0x080126c0   0x080126c0   0x00000030   Data   RO         4924    .constdata          mylib.lib(f24_ascii.o)
    0x080126f0   0x080126f0   0x00000030   Data   RO         4925    .constdata          mylib.lib(f24_ascii.o)
    0x08012720   0x08012720   0x00000030   Data   RO         4926    .constdata          mylib.lib(f24_ascii.o)
    0x08012750   0x08012750   0x00000030   Data   RO         4927    .constdata          mylib.lib(f24_ascii.o)
    0x08012780   0x08012780   0x00000030   Data   RO         4928    .constdata          mylib.lib(f24_ascii.o)
    0x080127b0   0x080127b0   0x00000018   Data   RO         4929    .constdata          mylib.lib(f24_ascii.o)
    0x080127c8   0x080127c8   0x00000018   Data   RO         4930    .constdata          mylib.lib(f24_ascii.o)
    0x080127e0   0x080127e0   0x00000018   Data   RO         4931    .constdata          mylib.lib(f24_ascii.o)
    0x080127f8   0x080127f8   0x00000030   Data   RO         4932    .constdata          mylib.lib(f24_ascii.o)
    0x08012828   0x08012828   0x000002f8   Data   RO         4933    .constdata          mylib.lib(f24_ascii.o)
    0x08012b20   0x08012b20   0x0000000c   Data   RO         4934    .constdata          mylib.lib(f24_ascii.o)
    0x08012b2c   0x08012b2c   0x00000020   Data   RO         4935    .constdata          mylib.lib(f24_ascii.o)
    0x08012b4c   0x08012b4c   0x00000018   Data   RO         4936    .constdata          mylib.lib(f24b_ascii.o)
    0x08012b64   0x08012b64   0x00000018   Data   RO         4937    .constdata          mylib.lib(f24b_ascii.o)
    0x08012b7c   0x08012b7c   0x00000030   Data   RO         4938    .constdata          mylib.lib(f24b_ascii.o)
    0x08012bac   0x08012bac   0x00000030   Data   RO         4939    .constdata          mylib.lib(f24b_ascii.o)
    0x08012bdc   0x08012bdc   0x00000030   Data   RO         4940    .constdata          mylib.lib(f24b_ascii.o)
    0x08012c0c   0x08012c0c   0x00000048   Data   RO         4941    .constdata          mylib.lib(f24b_ascii.o)
    0x08012c54   0x08012c54   0x00000030   Data   RO         4942    .constdata          mylib.lib(f24b_ascii.o)
    0x08012c84   0x08012c84   0x00000018   Data   RO         4943    .constdata          mylib.lib(f24b_ascii.o)
    0x08012c9c   0x08012c9c   0x00000018   Data   RO         4944    .constdata          mylib.lib(f24b_ascii.o)
    0x08012cb4   0x08012cb4   0x00000018   Data   RO         4945    .constdata          mylib.lib(f24b_ascii.o)
    0x08012ccc   0x08012ccc   0x00000018   Data   RO         4946    .constdata          mylib.lib(f24b_ascii.o)
    0x08012ce4   0x08012ce4   0x00000030   Data   RO         4947    .constdata          mylib.lib(f24b_ascii.o)
    0x08012d14   0x08012d14   0x00000018   Data   RO         4948    .constdata          mylib.lib(f24b_ascii.o)
    0x08012d2c   0x08012d2c   0x00000018   Data   RO         4949    .constdata          mylib.lib(f24b_ascii.o)
    0x08012d44   0x08012d44   0x00000018   Data   RO         4950    .constdata          mylib.lib(f24b_ascii.o)
    0x08012d5c   0x08012d5c   0x00000018   Data   RO         4951    .constdata          mylib.lib(f24b_ascii.o)
    0x08012d74   0x08012d74   0x00000030   Data   RO         4952    .constdata          mylib.lib(f24b_ascii.o)
    0x08012da4   0x08012da4   0x00000030   Data   RO         4953    .constdata          mylib.lib(f24b_ascii.o)
    0x08012dd4   0x08012dd4   0x00000030   Data   RO         4954    .constdata          mylib.lib(f24b_ascii.o)
    0x08012e04   0x08012e04   0x00000030   Data   RO         4955    .constdata          mylib.lib(f24b_ascii.o)
    0x08012e34   0x08012e34   0x00000030   Data   RO         4956    .constdata          mylib.lib(f24b_ascii.o)
    0x08012e64   0x08012e64   0x00000030   Data   RO         4957    .constdata          mylib.lib(f24b_ascii.o)
    0x08012e94   0x08012e94   0x00000030   Data   RO         4958    .constdata          mylib.lib(f24b_ascii.o)
    0x08012ec4   0x08012ec4   0x00000030   Data   RO         4959    .constdata          mylib.lib(f24b_ascii.o)
    0x08012ef4   0x08012ef4   0x00000030   Data   RO         4960    .constdata          mylib.lib(f24b_ascii.o)
    0x08012f24   0x08012f24   0x00000030   Data   RO         4961    .constdata          mylib.lib(f24b_ascii.o)
    0x08012f54   0x08012f54   0x00000018   Data   RO         4962    .constdata          mylib.lib(f24b_ascii.o)
    0x08012f6c   0x08012f6c   0x00000018   Data   RO         4963    .constdata          mylib.lib(f24b_ascii.o)
    0x08012f84   0x08012f84   0x00000030   Data   RO         4964    .constdata          mylib.lib(f24b_ascii.o)
    0x08012fb4   0x08012fb4   0x00000030   Data   RO         4965    .constdata          mylib.lib(f24b_ascii.o)
    0x08012fe4   0x08012fe4   0x00000030   Data   RO         4966    .constdata          mylib.lib(f24b_ascii.o)
    0x08013014   0x08013014   0x00000030   Data   RO         4967    .constdata          mylib.lib(f24b_ascii.o)
    0x08013044   0x08013044   0x00000048   Data   RO         4968    .constdata          mylib.lib(f24b_ascii.o)
    0x0801308c   0x0801308c   0x00000030   Data   RO         4969    .constdata          mylib.lib(f24b_ascii.o)
    0x080130bc   0x080130bc   0x00000030   Data   RO         4970    .constdata          mylib.lib(f24b_ascii.o)
    0x080130ec   0x080130ec   0x00000030   Data   RO         4971    .constdata          mylib.lib(f24b_ascii.o)
    0x0801311c   0x0801311c   0x00000030   Data   RO         4972    .constdata          mylib.lib(f24b_ascii.o)
    0x0801314c   0x0801314c   0x00000030   Data   RO         4973    .constdata          mylib.lib(f24b_ascii.o)
    0x0801317c   0x0801317c   0x00000030   Data   RO         4974    .constdata          mylib.lib(f24b_ascii.o)
    0x080131ac   0x080131ac   0x00000030   Data   RO         4975    .constdata          mylib.lib(f24b_ascii.o)
    0x080131dc   0x080131dc   0x00000030   Data   RO         4976    .constdata          mylib.lib(f24b_ascii.o)
    0x0801320c   0x0801320c   0x00000018   Data   RO         4977    .constdata          mylib.lib(f24b_ascii.o)
    0x08013224   0x08013224   0x00000030   Data   RO         4978    .constdata          mylib.lib(f24b_ascii.o)
    0x08013254   0x08013254   0x00000030   Data   RO         4979    .constdata          mylib.lib(f24b_ascii.o)
    0x08013284   0x08013284   0x00000030   Data   RO         4980    .constdata          mylib.lib(f24b_ascii.o)
    0x080132b4   0x080132b4   0x00000048   Data   RO         4981    .constdata          mylib.lib(f24b_ascii.o)
    0x080132fc   0x080132fc   0x00000030   Data   RO         4982    .constdata          mylib.lib(f24b_ascii.o)
    0x0801332c   0x0801332c   0x00000030   Data   RO         4983    .constdata          mylib.lib(f24b_ascii.o)
    0x0801335c   0x0801335c   0x00000030   Data   RO         4984    .constdata          mylib.lib(f24b_ascii.o)
    0x0801338c   0x0801338c   0x00000030   Data   RO         4985    .constdata          mylib.lib(f24b_ascii.o)
    0x080133bc   0x080133bc   0x00000030   Data   RO         4986    .constdata          mylib.lib(f24b_ascii.o)
    0x080133ec   0x080133ec   0x00000030   Data   RO         4987    .constdata          mylib.lib(f24b_ascii.o)
    0x0801341c   0x0801341c   0x00000030   Data   RO         4988    .constdata          mylib.lib(f24b_ascii.o)
    0x0801344c   0x0801344c   0x00000030   Data   RO         4989    .constdata          mylib.lib(f24b_ascii.o)
    0x0801347c   0x0801347c   0x00000030   Data   RO         4990    .constdata          mylib.lib(f24b_ascii.o)
    0x080134ac   0x080134ac   0x00000048   Data   RO         4991    .constdata          mylib.lib(f24b_ascii.o)
    0x080134f4   0x080134f4   0x00000030   Data   RO         4992    .constdata          mylib.lib(f24b_ascii.o)
    0x08013524   0x08013524   0x00000030   Data   RO         4993    .constdata          mylib.lib(f24b_ascii.o)
    0x08013554   0x08013554   0x00000030   Data   RO         4994    .constdata          mylib.lib(f24b_ascii.o)
    0x08013584   0x08013584   0x00000018   Data   RO         4995    .constdata          mylib.lib(f24b_ascii.o)
    0x0801359c   0x0801359c   0x00000018   Data   RO         4996    .constdata          mylib.lib(f24b_ascii.o)
    0x080135b4   0x080135b4   0x00000018   Data   RO         4997    .constdata          mylib.lib(f24b_ascii.o)
    0x080135cc   0x080135cc   0x00000030   Data   RO         4998    .constdata          mylib.lib(f24b_ascii.o)
    0x080135fc   0x080135fc   0x00000030   Data   RO         4999    .constdata          mylib.lib(f24b_ascii.o)
    0x0801362c   0x0801362c   0x00000018   Data   RO         5000    .constdata          mylib.lib(f24b_ascii.o)
    0x08013644   0x08013644   0x00000030   Data   RO         5001    .constdata          mylib.lib(f24b_ascii.o)
    0x08013674   0x08013674   0x00000030   Data   RO         5002    .constdata          mylib.lib(f24b_ascii.o)
    0x080136a4   0x080136a4   0x00000030   Data   RO         5003    .constdata          mylib.lib(f24b_ascii.o)
    0x080136d4   0x080136d4   0x00000030   Data   RO         5004    .constdata          mylib.lib(f24b_ascii.o)
    0x08013704   0x08013704   0x00000030   Data   RO         5005    .constdata          mylib.lib(f24b_ascii.o)
    0x08013734   0x08013734   0x00000018   Data   RO         5006    .constdata          mylib.lib(f24b_ascii.o)
    0x0801374c   0x0801374c   0x00000030   Data   RO         5007    .constdata          mylib.lib(f24b_ascii.o)
    0x0801377c   0x0801377c   0x00000030   Data   RO         5008    .constdata          mylib.lib(f24b_ascii.o)
    0x080137ac   0x080137ac   0x00000018   Data   RO         5009    .constdata          mylib.lib(f24b_ascii.o)
    0x080137c4   0x080137c4   0x00000018   Data   RO         5010    .constdata          mylib.lib(f24b_ascii.o)
    0x080137dc   0x080137dc   0x00000030   Data   RO         5011    .constdata          mylib.lib(f24b_ascii.o)
    0x0801380c   0x0801380c   0x00000018   Data   RO         5012    .constdata          mylib.lib(f24b_ascii.o)
    0x08013824   0x08013824   0x00000048   Data   RO         5013    .constdata          mylib.lib(f24b_ascii.o)
    0x0801386c   0x0801386c   0x00000030   Data   RO         5014    .constdata          mylib.lib(f24b_ascii.o)
    0x0801389c   0x0801389c   0x00000030   Data   RO         5015    .constdata          mylib.lib(f24b_ascii.o)
    0x080138cc   0x080138cc   0x00000030   Data   RO         5016    .constdata          mylib.lib(f24b_ascii.o)
    0x080138fc   0x080138fc   0x00000030   Data   RO         5017    .constdata          mylib.lib(f24b_ascii.o)
    0x0801392c   0x0801392c   0x00000018   Data   RO         5018    .constdata          mylib.lib(f24b_ascii.o)
    0x08013944   0x08013944   0x00000030   Data   RO         5019    .constdata          mylib.lib(f24b_ascii.o)
    0x08013974   0x08013974   0x00000018   Data   RO         5020    .constdata          mylib.lib(f24b_ascii.o)
    0x0801398c   0x0801398c   0x00000030   Data   RO         5021    .constdata          mylib.lib(f24b_ascii.o)
    0x080139bc   0x080139bc   0x00000030   Data   RO         5022    .constdata          mylib.lib(f24b_ascii.o)
    0x080139ec   0x080139ec   0x00000030   Data   RO         5023    .constdata          mylib.lib(f24b_ascii.o)
    0x08013a1c   0x08013a1c   0x00000030   Data   RO         5024    .constdata          mylib.lib(f24b_ascii.o)
    0x08013a4c   0x08013a4c   0x00000030   Data   RO         5025    .constdata          mylib.lib(f24b_ascii.o)
    0x08013a7c   0x08013a7c   0x00000030   Data   RO         5026    .constdata          mylib.lib(f24b_ascii.o)
    0x08013aac   0x08013aac   0x00000018   Data   RO         5027    .constdata          mylib.lib(f24b_ascii.o)
    0x08013ac4   0x08013ac4   0x00000018   Data   RO         5028    .constdata          mylib.lib(f24b_ascii.o)
    0x08013adc   0x08013adc   0x00000018   Data   RO         5029    .constdata          mylib.lib(f24b_ascii.o)
    0x08013af4   0x08013af4   0x00000030   Data   RO         5030    .constdata          mylib.lib(f24b_ascii.o)
    0x08013b24   0x08013b24   0x000002f8   Data   RO         5031    .constdata          mylib.lib(f24b_ascii.o)
    0x08013e1c   0x08013e1c   0x0000000c   Data   RO         5032    .constdata          mylib.lib(f24b_ascii.o)
    0x08013e28   0x08013e28   0x00000020   Data   RO         5033    .constdata          mylib.lib(f24b_ascii.o)
    0x08013e48   0x08013e48   0x00000020   Data   RO         5034    .constdata          mylib.lib(f32b_ascii.o)
    0x08013e68   0x08013e68   0x00000020   Data   RO         5035    .constdata          mylib.lib(f32b_ascii.o)
    0x08013e88   0x08013e88   0x00000040   Data   RO         5036    .constdata          mylib.lib(f32b_ascii.o)
    0x08013ec8   0x08013ec8   0x00000040   Data   RO         5037    .constdata          mylib.lib(f32b_ascii.o)
    0x08013f08   0x08013f08   0x00000040   Data   RO         5038    .constdata          mylib.lib(f32b_ascii.o)
    0x08013f48   0x08013f48   0x00000060   Data   RO         5039    .constdata          mylib.lib(f32b_ascii.o)
    0x08013fa8   0x08013fa8   0x00000060   Data   RO         5040    .constdata          mylib.lib(f32b_ascii.o)
    0x08014008   0x08014008   0x00000020   Data   RO         5041    .constdata          mylib.lib(f32b_ascii.o)
    0x08014028   0x08014028   0x00000040   Data   RO         5042    .constdata          mylib.lib(f32b_ascii.o)
    0x08014068   0x08014068   0x00000040   Data   RO         5043    .constdata          mylib.lib(f32b_ascii.o)
    0x080140a8   0x080140a8   0x00000040   Data   RO         5044    .constdata          mylib.lib(f32b_ascii.o)
    0x080140e8   0x080140e8   0x00000040   Data   RO         5045    .constdata          mylib.lib(f32b_ascii.o)
    0x08014128   0x08014128   0x00000020   Data   RO         5046    .constdata          mylib.lib(f32b_ascii.o)
    0x08014148   0x08014148   0x00000040   Data   RO         5047    .constdata          mylib.lib(f32b_ascii.o)
    0x08014188   0x08014188   0x00000020   Data   RO         5048    .constdata          mylib.lib(f32b_ascii.o)
    0x080141a8   0x080141a8   0x00000020   Data   RO         5049    .constdata          mylib.lib(f32b_ascii.o)
    0x080141c8   0x080141c8   0x00000040   Data   RO         5050    .constdata          mylib.lib(f32b_ascii.o)
    0x08014208   0x08014208   0x00000040   Data   RO         5051    .constdata          mylib.lib(f32b_ascii.o)
    0x08014248   0x08014248   0x00000040   Data   RO         5052    .constdata          mylib.lib(f32b_ascii.o)
    0x08014288   0x08014288   0x00000040   Data   RO         5053    .constdata          mylib.lib(f32b_ascii.o)
    0x080142c8   0x080142c8   0x00000040   Data   RO         5054    .constdata          mylib.lib(f32b_ascii.o)
    0x08014308   0x08014308   0x00000040   Data   RO         5055    .constdata          mylib.lib(f32b_ascii.o)
    0x08014348   0x08014348   0x00000040   Data   RO         5056    .constdata          mylib.lib(f32b_ascii.o)
    0x08014388   0x08014388   0x00000040   Data   RO         5057    .constdata          mylib.lib(f32b_ascii.o)
    0x080143c8   0x080143c8   0x00000040   Data   RO         5058    .constdata          mylib.lib(f32b_ascii.o)
    0x08014408   0x08014408   0x00000040   Data   RO         5059    .constdata          mylib.lib(f32b_ascii.o)
    0x08014448   0x08014448   0x00000040   Data   RO         5060    .constdata          mylib.lib(f32b_ascii.o)
    0x08014488   0x08014488   0x00000040   Data   RO         5061    .constdata          mylib.lib(f32b_ascii.o)
    0x080144c8   0x080144c8   0x00000040   Data   RO         5062    .constdata          mylib.lib(f32b_ascii.o)
    0x08014508   0x08014508   0x00000040   Data   RO         5063    .constdata          mylib.lib(f32b_ascii.o)
    0x08014548   0x08014548   0x00000040   Data   RO         5064    .constdata          mylib.lib(f32b_ascii.o)
    0x08014588   0x08014588   0x00000060   Data   RO         5065    .constdata          mylib.lib(f32b_ascii.o)
    0x080145e8   0x080145e8   0x00000080   Data   RO         5066    .constdata          mylib.lib(f32b_ascii.o)
    0x08014668   0x08014668   0x00000060   Data   RO         5067    .constdata          mylib.lib(f32b_ascii.o)
    0x080146c8   0x080146c8   0x00000060   Data   RO         5068    .constdata          mylib.lib(f32b_ascii.o)
    0x08014728   0x08014728   0x00000060   Data   RO         5069    .constdata          mylib.lib(f32b_ascii.o)
    0x08014788   0x08014788   0x00000060   Data   RO         5070    .constdata          mylib.lib(f32b_ascii.o)
    0x080147e8   0x080147e8   0x00000060   Data   RO         5071    .constdata          mylib.lib(f32b_ascii.o)
    0x08014848   0x08014848   0x00000060   Data   RO         5072    .constdata          mylib.lib(f32b_ascii.o)
    0x080148a8   0x080148a8   0x00000060   Data   RO         5073    .constdata          mylib.lib(f32b_ascii.o)
    0x08014908   0x08014908   0x00000060   Data   RO         5074    .constdata          mylib.lib(f32b_ascii.o)
    0x08014968   0x08014968   0x00000020   Data   RO         5075    .constdata          mylib.lib(f32b_ascii.o)
    0x08014988   0x08014988   0x00000040   Data   RO         5076    .constdata          mylib.lib(f32b_ascii.o)
    0x080149c8   0x080149c8   0x00000060   Data   RO         5077    .constdata          mylib.lib(f32b_ascii.o)
    0x08014a28   0x08014a28   0x00000060   Data   RO         5078    .constdata          mylib.lib(f32b_ascii.o)
    0x08014a88   0x08014a88   0x00000060   Data   RO         5079    .constdata          mylib.lib(f32b_ascii.o)
    0x08014ae8   0x08014ae8   0x00000060   Data   RO         5080    .constdata          mylib.lib(f32b_ascii.o)
    0x08014b48   0x08014b48   0x00000060   Data   RO         5081    .constdata          mylib.lib(f32b_ascii.o)
    0x08014ba8   0x08014ba8   0x00000060   Data   RO         5082    .constdata          mylib.lib(f32b_ascii.o)
    0x08014c08   0x08014c08   0x00000060   Data   RO         5083    .constdata          mylib.lib(f32b_ascii.o)
    0x08014c68   0x08014c68   0x00000060   Data   RO         5084    .constdata          mylib.lib(f32b_ascii.o)
    0x08014cc8   0x08014cc8   0x00000060   Data   RO         5085    .constdata          mylib.lib(f32b_ascii.o)
    0x08014d28   0x08014d28   0x00000060   Data   RO         5086    .constdata          mylib.lib(f32b_ascii.o)
    0x08014d88   0x08014d88   0x00000060   Data   RO         5087    .constdata          mylib.lib(f32b_ascii.o)
    0x08014de8   0x08014de8   0x00000060   Data   RO         5088    .constdata          mylib.lib(f32b_ascii.o)
    0x08014e48   0x08014e48   0x00000080   Data   RO         5089    .constdata          mylib.lib(f32b_ascii.o)
    0x08014ec8   0x08014ec8   0x00000060   Data   RO         5090    .constdata          mylib.lib(f32b_ascii.o)
    0x08014f28   0x08014f28   0x00000060   Data   RO         5091    .constdata          mylib.lib(f32b_ascii.o)
    0x08014f88   0x08014f88   0x00000060   Data   RO         5092    .constdata          mylib.lib(f32b_ascii.o)
    0x08014fe8   0x08014fe8   0x00000040   Data   RO         5093    .constdata          mylib.lib(f32b_ascii.o)
    0x08015028   0x08015028   0x00000020   Data   RO         5094    .constdata          mylib.lib(f32b_ascii.o)
    0x08015048   0x08015048   0x00000040   Data   RO         5095    .constdata          mylib.lib(f32b_ascii.o)
    0x08015088   0x08015088   0x00000040   Data   RO         5096    .constdata          mylib.lib(f32b_ascii.o)
    0x080150c8   0x080150c8   0x00000040   Data   RO         5097    .constdata          mylib.lib(f32b_ascii.o)
    0x08015108   0x08015108   0x00000040   Data   RO         5098    .constdata          mylib.lib(f32b_ascii.o)
    0x08015148   0x08015148   0x00000040   Data   RO         5099    .constdata          mylib.lib(f32b_ascii.o)
    0x08015188   0x08015188   0x00000060   Data   RO         5100    .constdata          mylib.lib(f32b_ascii.o)
    0x080151e8   0x080151e8   0x00000040   Data   RO         5101    .constdata          mylib.lib(f32b_ascii.o)
    0x08015228   0x08015228   0x00000060   Data   RO         5102    .constdata          mylib.lib(f32b_ascii.o)
    0x08015288   0x08015288   0x00000040   Data   RO         5103    .constdata          mylib.lib(f32b_ascii.o)
    0x080152c8   0x080152c8   0x00000040   Data   RO         5104    .constdata          mylib.lib(f32b_ascii.o)
    0x08015308   0x08015308   0x00000060   Data   RO         5105    .constdata          mylib.lib(f32b_ascii.o)
    0x08015368   0x08015368   0x00000060   Data   RO         5106    .constdata          mylib.lib(f32b_ascii.o)
    0x080153c8   0x080153c8   0x00000020   Data   RO         5107    .constdata          mylib.lib(f32b_ascii.o)
    0x080153e8   0x080153e8   0x00000020   Data   RO         5108    .constdata          mylib.lib(f32b_ascii.o)
    0x08015408   0x08015408   0x00000040   Data   RO         5109    .constdata          mylib.lib(f32b_ascii.o)
    0x08015448   0x08015448   0x00000020   Data   RO         5110    .constdata          mylib.lib(f32b_ascii.o)
    0x08015468   0x08015468   0x00000080   Data   RO         5111    .constdata          mylib.lib(f32b_ascii.o)
    0x080154e8   0x080154e8   0x00000060   Data   RO         5112    .constdata          mylib.lib(f32b_ascii.o)
    0x08015548   0x08015548   0x00000060   Data   RO         5113    .constdata          mylib.lib(f32b_ascii.o)
    0x080155a8   0x080155a8   0x00000060   Data   RO         5114    .constdata          mylib.lib(f32b_ascii.o)
    0x08015608   0x08015608   0x00000060   Data   RO         5115    .constdata          mylib.lib(f32b_ascii.o)
    0x08015668   0x08015668   0x00000040   Data   RO         5116    .constdata          mylib.lib(f32b_ascii.o)
    0x080156a8   0x080156a8   0x00000040   Data   RO         5117    .constdata          mylib.lib(f32b_ascii.o)
    0x080156e8   0x080156e8   0x00000040   Data   RO         5118    .constdata          mylib.lib(f32b_ascii.o)
    0x08015728   0x08015728   0x00000060   Data   RO         5119    .constdata          mylib.lib(f32b_ascii.o)
    0x08015788   0x08015788   0x00000040   Data   RO         5120    .constdata          mylib.lib(f32b_ascii.o)
    0x080157c8   0x080157c8   0x00000060   Data   RO         5121    .constdata          mylib.lib(f32b_ascii.o)
    0x08015828   0x08015828   0x00000040   Data   RO         5122    .constdata          mylib.lib(f32b_ascii.o)
    0x08015868   0x08015868   0x00000040   Data   RO         5123    .constdata          mylib.lib(f32b_ascii.o)
    0x080158a8   0x080158a8   0x00000040   Data   RO         5124    .constdata          mylib.lib(f32b_ascii.o)
    0x080158e8   0x080158e8   0x00000040   Data   RO         5125    .constdata          mylib.lib(f32b_ascii.o)
    0x08015928   0x08015928   0x00000020   Data   RO         5126    .constdata          mylib.lib(f32b_ascii.o)
    0x08015948   0x08015948   0x00000040   Data   RO         5127    .constdata          mylib.lib(f32b_ascii.o)
    0x08015988   0x08015988   0x00000040   Data   RO         5128    .constdata          mylib.lib(f32b_ascii.o)
    0x080159c8   0x080159c8   0x000002f8   Data   RO         5129    .constdata          mylib.lib(f32b_ascii.o)
    0x08015cc0   0x08015cc0   0x0000000c   Data   RO         5130    .constdata          mylib.lib(f32b_ascii.o)
    0x08015ccc   0x08015ccc   0x00000020   Data   RO         5131    .constdata          mylib.lib(f32b_ascii.o)
    0x08015cec   0x08015cec   0x00000044   Data   RO         5177    .constdata          mylib.lib(gui2dlib.o)
    0x08015d30   0x08015d30   0x00000010   Data   RO         5239    .constdata          mylib.lib(gui_uc_encodenone.o)
    0x08015d40   0x08015d40   0x00000008   Data   RO         5259    .constdata          mylib.lib(f08_1.o)
    0x08015d48   0x08015d48   0x00000008   Data   RO         5260    .constdata          mylib.lib(f08_1.o)
    0x08015d50   0x08015d50   0x00000008   Data   RO         5261    .constdata          mylib.lib(f08_1.o)
    0x08015d58   0x08015d58   0x00000008   Data   RO         5262    .constdata          mylib.lib(f08_1.o)
    0x08015d60   0x08015d60   0x00000008   Data   RO         5263    .constdata          mylib.lib(f08_1.o)
    0x08015d68   0x08015d68   0x00000008   Data   RO         5264    .constdata          mylib.lib(f08_1.o)
    0x08015d70   0x08015d70   0x00000008   Data   RO         5265    .constdata          mylib.lib(f08_1.o)
    0x08015d78   0x08015d78   0x00000008   Data   RO         5266    .constdata          mylib.lib(f08_1.o)
    0x08015d80   0x08015d80   0x00000008   Data   RO         5267    .constdata          mylib.lib(f08_1.o)
    0x08015d88   0x08015d88   0x00000008   Data   RO         5268    .constdata          mylib.lib(f08_1.o)
    0x08015d90   0x08015d90   0x00000008   Data   RO         5269    .constdata          mylib.lib(f08_1.o)
    0x08015d98   0x08015d98   0x00000008   Data   RO         5270    .constdata          mylib.lib(f08_1.o)
    0x08015da0   0x08015da0   0x00000008   Data   RO         5271    .constdata          mylib.lib(f08_1.o)
    0x08015da8   0x08015da8   0x00000008   Data   RO         5272    .constdata          mylib.lib(f08_1.o)
    0x08015db0   0x08015db0   0x00000008   Data   RO         5273    .constdata          mylib.lib(f08_1.o)
    0x08015db8   0x08015db8   0x00000008   Data   RO         5274    .constdata          mylib.lib(f08_1.o)
    0x08015dc0   0x08015dc0   0x00000008   Data   RO         5275    .constdata          mylib.lib(f08_1.o)
    0x08015dc8   0x08015dc8   0x00000008   Data   RO         5276    .constdata          mylib.lib(f08_1.o)
    0x08015dd0   0x08015dd0   0x00000008   Data   RO         5277    .constdata          mylib.lib(f08_1.o)
    0x08015dd8   0x08015dd8   0x00000008   Data   RO         5278    .constdata          mylib.lib(f08_1.o)
    0x08015de0   0x08015de0   0x00000008   Data   RO         5279    .constdata          mylib.lib(f08_1.o)
    0x08015de8   0x08015de8   0x00000008   Data   RO         5280    .constdata          mylib.lib(f08_1.o)
    0x08015df0   0x08015df0   0x00000008   Data   RO         5281    .constdata          mylib.lib(f08_1.o)
    0x08015df8   0x08015df8   0x00000008   Data   RO         5282    .constdata          mylib.lib(f08_1.o)
    0x08015e00   0x08015e00   0x00000008   Data   RO         5283    .constdata          mylib.lib(f08_1.o)
    0x08015e08   0x08015e08   0x00000008   Data   RO         5284    .constdata          mylib.lib(f08_1.o)
    0x08015e10   0x08015e10   0x00000008   Data   RO         5285    .constdata          mylib.lib(f08_1.o)
    0x08015e18   0x08015e18   0x00000008   Data   RO         5286    .constdata          mylib.lib(f08_1.o)
    0x08015e20   0x08015e20   0x00000008   Data   RO         5287    .constdata          mylib.lib(f08_1.o)
    0x08015e28   0x08015e28   0x00000008   Data   RO         5288    .constdata          mylib.lib(f08_1.o)
    0x08015e30   0x08015e30   0x00000008   Data   RO         5289    .constdata          mylib.lib(f08_1.o)
    0x08015e38   0x08015e38   0x00000008   Data   RO         5290    .constdata          mylib.lib(f08_1.o)
    0x08015e40   0x08015e40   0x00000008   Data   RO         5291    .constdata          mylib.lib(f08_1.o)
    0x08015e48   0x08015e48   0x00000008   Data   RO         5292    .constdata          mylib.lib(f08_1.o)
    0x08015e50   0x08015e50   0x00000008   Data   RO         5293    .constdata          mylib.lib(f08_1.o)
    0x08015e58   0x08015e58   0x00000008   Data   RO         5294    .constdata          mylib.lib(f08_1.o)
    0x08015e60   0x08015e60   0x00000008   Data   RO         5295    .constdata          mylib.lib(f08_1.o)
    0x08015e68   0x08015e68   0x00000008   Data   RO         5296    .constdata          mylib.lib(f08_1.o)
    0x08015e70   0x08015e70   0x00000008   Data   RO         5297    .constdata          mylib.lib(f08_1.o)
    0x08015e78   0x08015e78   0x00000008   Data   RO         5298    .constdata          mylib.lib(f08_1.o)
    0x08015e80   0x08015e80   0x00000008   Data   RO         5299    .constdata          mylib.lib(f08_1.o)
    0x08015e88   0x08015e88   0x00000008   Data   RO         5300    .constdata          mylib.lib(f08_1.o)
    0x08015e90   0x08015e90   0x00000008   Data   RO         5301    .constdata          mylib.lib(f08_1.o)
    0x08015e98   0x08015e98   0x00000008   Data   RO         5302    .constdata          mylib.lib(f08_1.o)
    0x08015ea0   0x08015ea0   0x00000008   Data   RO         5303    .constdata          mylib.lib(f08_1.o)
    0x08015ea8   0x08015ea8   0x00000008   Data   RO         5304    .constdata          mylib.lib(f08_1.o)
    0x08015eb0   0x08015eb0   0x00000008   Data   RO         5305    .constdata          mylib.lib(f08_1.o)
    0x08015eb8   0x08015eb8   0x00000008   Data   RO         5306    .constdata          mylib.lib(f08_1.o)
    0x08015ec0   0x08015ec0   0x00000008   Data   RO         5307    .constdata          mylib.lib(f08_1.o)
    0x08015ec8   0x08015ec8   0x00000008   Data   RO         5308    .constdata          mylib.lib(f08_1.o)
    0x08015ed0   0x08015ed0   0x00000008   Data   RO         5309    .constdata          mylib.lib(f08_1.o)
    0x08015ed8   0x08015ed8   0x00000008   Data   RO         5310    .constdata          mylib.lib(f08_1.o)
    0x08015ee0   0x08015ee0   0x00000008   Data   RO         5311    .constdata          mylib.lib(f08_1.o)
    0x08015ee8   0x08015ee8   0x00000008   Data   RO         5312    .constdata          mylib.lib(f08_1.o)
    0x08015ef0   0x08015ef0   0x00000008   Data   RO         5313    .constdata          mylib.lib(f08_1.o)
    0x08015ef8   0x08015ef8   0x00000008   Data   RO         5314    .constdata          mylib.lib(f08_1.o)
    0x08015f00   0x08015f00   0x00000008   Data   RO         5315    .constdata          mylib.lib(f08_1.o)
    0x08015f08   0x08015f08   0x00000008   Data   RO         5316    .constdata          mylib.lib(f08_1.o)
    0x08015f10   0x08015f10   0x00000008   Data   RO         5317    .constdata          mylib.lib(f08_1.o)
    0x08015f18   0x08015f18   0x00000008   Data   RO         5318    .constdata          mylib.lib(f08_1.o)
    0x08015f20   0x08015f20   0x00000008   Data   RO         5319    .constdata          mylib.lib(f08_1.o)
    0x08015f28   0x08015f28   0x00000008   Data   RO         5320    .constdata          mylib.lib(f08_1.o)
    0x08015f30   0x08015f30   0x00000008   Data   RO         5321    .constdata          mylib.lib(f08_1.o)
    0x08015f38   0x08015f38   0x00000008   Data   RO         5322    .constdata          mylib.lib(f08_1.o)
    0x08015f40   0x08015f40   0x00000008   Data   RO         5323    .constdata          mylib.lib(f08_1.o)
    0x08015f48   0x08015f48   0x00000008   Data   RO         5324    .constdata          mylib.lib(f08_1.o)
    0x08015f50   0x08015f50   0x00000008   Data   RO         5325    .constdata          mylib.lib(f08_1.o)
    0x08015f58   0x08015f58   0x00000008   Data   RO         5326    .constdata          mylib.lib(f08_1.o)
    0x08015f60   0x08015f60   0x00000008   Data   RO         5327    .constdata          mylib.lib(f08_1.o)
    0x08015f68   0x08015f68   0x00000008   Data   RO         5328    .constdata          mylib.lib(f08_1.o)
    0x08015f70   0x08015f70   0x00000010   Data   RO         5329    .constdata          mylib.lib(f08_1.o)
    0x08015f80   0x08015f80   0x00000008   Data   RO         5330    .constdata          mylib.lib(f08_1.o)
    0x08015f88   0x08015f88   0x00000008   Data   RO         5331    .constdata          mylib.lib(f08_1.o)
    0x08015f90   0x08015f90   0x00000008   Data   RO         5332    .constdata          mylib.lib(f08_1.o)
    0x08015f98   0x08015f98   0x00000008   Data   RO         5333    .constdata          mylib.lib(f08_1.o)
    0x08015fa0   0x08015fa0   0x00000008   Data   RO         5334    .constdata          mylib.lib(f08_1.o)
    0x08015fa8   0x08015fa8   0x00000008   Data   RO         5335    .constdata          mylib.lib(f08_1.o)
    0x08015fb0   0x08015fb0   0x00000008   Data   RO         5336    .constdata          mylib.lib(f08_1.o)
    0x08015fb8   0x08015fb8   0x00000008   Data   RO         5337    .constdata          mylib.lib(f08_1.o)
    0x08015fc0   0x08015fc0   0x00000008   Data   RO         5338    .constdata          mylib.lib(f08_1.o)
    0x08015fc8   0x08015fc8   0x00000008   Data   RO         5339    .constdata          mylib.lib(f08_1.o)
    0x08015fd0   0x08015fd0   0x00000008   Data   RO         5340    .constdata          mylib.lib(f08_1.o)
    0x08015fd8   0x08015fd8   0x00000008   Data   RO         5341    .constdata          mylib.lib(f08_1.o)
    0x08015fe0   0x08015fe0   0x00000008   Data   RO         5342    .constdata          mylib.lib(f08_1.o)
    0x08015fe8   0x08015fe8   0x00000008   Data   RO         5343    .constdata          mylib.lib(f08_1.o)
    0x08015ff0   0x08015ff0   0x00000008   Data   RO         5344    .constdata          mylib.lib(f08_1.o)
    0x08015ff8   0x08015ff8   0x00000008   Data   RO         5345    .constdata          mylib.lib(f08_1.o)
    0x08016000   0x08016000   0x00000008   Data   RO         5346    .constdata          mylib.lib(f08_1.o)
    0x08016008   0x08016008   0x00000008   Data   RO         5347    .constdata          mylib.lib(f08_1.o)
    0x08016010   0x08016010   0x00000008   Data   RO         5348    .constdata          mylib.lib(f08_1.o)
    0x08016018   0x08016018   0x00000008   Data   RO         5349    .constdata          mylib.lib(f08_1.o)
    0x08016020   0x08016020   0x00000008   Data   RO         5350    .constdata          mylib.lib(f08_1.o)
    0x08016028   0x08016028   0x00000008   Data   RO         5351    .constdata          mylib.lib(f08_1.o)
    0x08016030   0x08016030   0x00000008   Data   RO         5352    .constdata          mylib.lib(f08_1.o)
    0x08016038   0x08016038   0x00000008   Data   RO         5353    .constdata          mylib.lib(f08_1.o)
    0x08016040   0x08016040   0x00000008   Data   RO         5354    .constdata          mylib.lib(f08_1.o)
    0x08016048   0x08016048   0x00000300   Data   RO         5355    .constdata          mylib.lib(f08_1.o)
    0x08016348   0x08016348   0x0000000c   Data   RO         5356    .constdata          mylib.lib(f08_1.o)
    0x08016354   0x08016354   0x00000020   Data   RO         5357    .constdata          mylib.lib(f08_1.o)
    0x08016374   0x08016374   0x00000a30   Data   RO         5358    .constdata          mylib.lib(f8x16.o)
    0x08016da4   0x08016da4   0x000001c0   Data   RO         5359    .constdata          mylib.lib(f8x16.o)
    0x08016f64   0x08016f64   0x00000008   Data   RO         5360    .constdata          mylib.lib(f8x16.o)
    0x08016f6c   0x08016f6c   0x00000014   Data   RO         5361    .constdata          mylib.lib(f8x16.o)
    0x08016f80   0x08016f80   0x00000020   Data   RO         5362    .constdata          mylib.lib(f8x16.o)
    0x08016fa0   0x08016fa0   0x0000000d   Data   RO         5370    .constdata          mylib.lib(f13_1.o)
    0x08016fad   0x08016fad   0x0000000d   Data   RO         5371    .constdata          mylib.lib(f13_1.o)
    0x08016fba   0x08016fba   0x0000000d   Data   RO         5372    .constdata          mylib.lib(f13_1.o)
    0x08016fc7   0x08016fc7   0x0000000d   Data   RO         5373    .constdata          mylib.lib(f13_1.o)
    0x08016fd4   0x08016fd4   0x0000000d   Data   RO         5374    .constdata          mylib.lib(f13_1.o)
    0x08016fe1   0x08016fe1   0x0000000d   Data   RO         5375    .constdata          mylib.lib(f13_1.o)
    0x08016fee   0x08016fee   0x0000000d   Data   RO         5376    .constdata          mylib.lib(f13_1.o)
    0x08016ffb   0x08016ffb   0x0000000d   Data   RO         5377    .constdata          mylib.lib(f13_1.o)
    0x08017008   0x08017008   0x0000000d   Data   RO         5378    .constdata          mylib.lib(f13_1.o)
    0x08017015   0x08017015   0x0000001a   Data   RO         5379    .constdata          mylib.lib(f13_1.o)
    0x0801702f   0x0801702f   0x0000000d   Data   RO         5380    .constdata          mylib.lib(f13_1.o)
    0x0801703c   0x0801703c   0x0000000d   Data   RO         5381    .constdata          mylib.lib(f13_1.o)
    0x08017049   0x08017049   0x0000000d   Data   RO         5382    .constdata          mylib.lib(f13_1.o)
    0x08017056   0x08017056   0x0000000d   Data   RO         5383    .constdata          mylib.lib(f13_1.o)
    0x08017063   0x08017063   0x0000001a   Data   RO         5384    .constdata          mylib.lib(f13_1.o)
    0x0801707d   0x0801707d   0x0000000d   Data   RO         5385    .constdata          mylib.lib(f13_1.o)
    0x0801708a   0x0801708a   0x0000000d   Data   RO         5386    .constdata          mylib.lib(f13_1.o)
    0x08017097   0x08017097   0x0000000d   Data   RO         5387    .constdata          mylib.lib(f13_1.o)
    0x080170a4   0x080170a4   0x0000000d   Data   RO         5388    .constdata          mylib.lib(f13_1.o)
    0x080170b1   0x080170b1   0x0000000d   Data   RO         5389    .constdata          mylib.lib(f13_1.o)
    0x080170be   0x080170be   0x0000000d   Data   RO         5390    .constdata          mylib.lib(f13_1.o)
    0x080170cb   0x080170cb   0x0000000d   Data   RO         5391    .constdata          mylib.lib(f13_1.o)
    0x080170d8   0x080170d8   0x0000000d   Data   RO         5392    .constdata          mylib.lib(f13_1.o)
    0x080170e5   0x080170e5   0x0000000d   Data   RO         5393    .constdata          mylib.lib(f13_1.o)
    0x080170f2   0x080170f2   0x0000000d   Data   RO         5394    .constdata          mylib.lib(f13_1.o)
    0x080170ff   0x080170ff   0x0000000d   Data   RO         5395    .constdata          mylib.lib(f13_1.o)
    0x0801710c   0x0801710c   0x0000000d   Data   RO         5396    .constdata          mylib.lib(f13_1.o)
    0x08017119   0x08017119   0x0000000d   Data   RO         5397    .constdata          mylib.lib(f13_1.o)
    0x08017126   0x08017126   0x0000001a   Data   RO         5398    .constdata          mylib.lib(f13_1.o)
    0x08017140   0x08017140   0x0000001a   Data   RO         5399    .constdata          mylib.lib(f13_1.o)
    0x0801715a   0x0801715a   0x0000001a   Data   RO         5400    .constdata          mylib.lib(f13_1.o)
    0x08017174   0x08017174   0x0000000d   Data   RO         5401    .constdata          mylib.lib(f13_1.o)
    0x08017181   0x08017181   0x0000000d   Data   RO         5402    .constdata          mylib.lib(f13_1.o)
    0x0801718e   0x0801718e   0x0000000d   Data   RO         5403    .constdata          mylib.lib(f13_1.o)
    0x0801719b   0x0801719b   0x0000000d   Data   RO         5404    .constdata          mylib.lib(f13_1.o)
    0x080171a8   0x080171a8   0x0000000d   Data   RO         5405    .constdata          mylib.lib(f13_1.o)
    0x080171b5   0x080171b5   0x0000000d   Data   RO         5406    .constdata          mylib.lib(f13_1.o)
    0x080171c2   0x080171c2   0x0000000d   Data   RO         5407    .constdata          mylib.lib(f13_1.o)
    0x080171cf   0x080171cf   0x0000001a   Data   RO         5408    .constdata          mylib.lib(f13_1.o)
    0x080171e9   0x080171e9   0x0000000d   Data   RO         5409    .constdata          mylib.lib(f13_1.o)
    0x080171f6   0x080171f6   0x0000000d   Data   RO         5410    .constdata          mylib.lib(f13_1.o)
    0x08017203   0x08017203   0x0000000d   Data   RO         5411    .constdata          mylib.lib(f13_1.o)
    0x08017210   0x08017210   0x0000000d   Data   RO         5412    .constdata          mylib.lib(f13_1.o)
    0x0801721d   0x0801721d   0x0000000d   Data   RO         5413    .constdata          mylib.lib(f13_1.o)
    0x0801722a   0x0801722a   0x0000000d   Data   RO         5414    .constdata          mylib.lib(f13_1.o)
    0x08017237   0x08017237   0x0000000d   Data   RO         5415    .constdata          mylib.lib(f13_1.o)
    0x08017244   0x08017244   0x0000000d   Data   RO         5416    .constdata          mylib.lib(f13_1.o)
    0x08017251   0x08017251   0x0000000d   Data   RO         5417    .constdata          mylib.lib(f13_1.o)
    0x0801725e   0x0801725e   0x0000000d   Data   RO         5418    .constdata          mylib.lib(f13_1.o)
    0x0801726b   0x0801726b   0x0000000d   Data   RO         5419    .constdata          mylib.lib(f13_1.o)
    0x08017278   0x08017278   0x0000000d   Data   RO         5420    .constdata          mylib.lib(f13_1.o)
    0x08017285   0x08017285   0x0000000d   Data   RO         5421    .constdata          mylib.lib(f13_1.o)
    0x08017292   0x08017292   0x0000000d   Data   RO         5422    .constdata          mylib.lib(f13_1.o)
    0x0801729f   0x0801729f   0x0000000d   Data   RO         5423    .constdata          mylib.lib(f13_1.o)
    0x080172ac   0x080172ac   0x0000000d   Data   RO         5424    .constdata          mylib.lib(f13_1.o)
    0x080172b9   0x080172b9   0x0000000d   Data   RO         5425    .constdata          mylib.lib(f13_1.o)
    0x080172c6   0x080172c6   0x0000000d   Data   RO         5426    .constdata          mylib.lib(f13_1.o)
    0x080172d3   0x080172d3   0x0000000d   Data   RO         5427    .constdata          mylib.lib(f13_1.o)
    0x080172e0   0x080172e0   0x0000000d   Data   RO         5428    .constdata          mylib.lib(f13_1.o)
    0x080172ed   0x080172ed   0x0000000d   Data   RO         5429    .constdata          mylib.lib(f13_1.o)
    0x080172fa   0x080172fa   0x0000000d   Data   RO         5430    .constdata          mylib.lib(f13_1.o)
    0x08017307   0x08017307   0x0000000d   Data   RO         5431    .constdata          mylib.lib(f13_1.o)
    0x08017314   0x08017314   0x0000000d   Data   RO         5432    .constdata          mylib.lib(f13_1.o)
    0x08017321   0x08017321   0x0000000d   Data   RO         5433    .constdata          mylib.lib(f13_1.o)
    0x0801732e   0x0801732e   0x0000000d   Data   RO         5434    .constdata          mylib.lib(f13_1.o)
    0x0801733b   0x0801733b   0x0000000d   Data   RO         5435    .constdata          mylib.lib(f13_1.o)
    0x08017348   0x08017348   0x0000000d   Data   RO         5436    .constdata          mylib.lib(f13_1.o)
    0x08017355   0x08017355   0x0000000d   Data   RO         5437    .constdata          mylib.lib(f13_1.o)
    0x08017362   0x08017362   0x0000000d   Data   RO         5438    .constdata          mylib.lib(f13_1.o)
    0x0801736f   0x0801736f   0x0000000d   Data   RO         5439    .constdata          mylib.lib(f13_1.o)
    0x0801737c   0x0801737c   0x0000001a   Data   RO         5440    .constdata          mylib.lib(f13_1.o)
    0x08017396   0x08017396   0x0000000d   Data   RO         5441    .constdata          mylib.lib(f13_1.o)
    0x080173a3   0x080173a3   0x0000000d   Data   RO         5442    .constdata          mylib.lib(f13_1.o)
    0x080173b0   0x080173b0   0x0000000d   Data   RO         5443    .constdata          mylib.lib(f13_1.o)
    0x080173bd   0x080173bd   0x0000000d   Data   RO         5444    .constdata          mylib.lib(f13_1.o)
    0x080173ca   0x080173ca   0x0000000d   Data   RO         5445    .constdata          mylib.lib(f13_1.o)
    0x080173d7   0x080173d7   0x0000000d   Data   RO         5446    .constdata          mylib.lib(f13_1.o)
    0x080173e4   0x080173e4   0x0000000d   Data   RO         5447    .constdata          mylib.lib(f13_1.o)
    0x080173f1   0x080173f1   0x0000000d   Data   RO         5448    .constdata          mylib.lib(f13_1.o)
    0x080173fe   0x080173fe   0x0000000d   Data   RO         5449    .constdata          mylib.lib(f13_1.o)
    0x0801740b   0x0801740b   0x0000000d   Data   RO         5450    .constdata          mylib.lib(f13_1.o)
    0x08017418   0x08017418   0x0000000d   Data   RO         5451    .constdata          mylib.lib(f13_1.o)
    0x08017425   0x08017425   0x0000000d   Data   RO         5452    .constdata          mylib.lib(f13_1.o)
    0x08017432   0x08017432   0x0000000d   Data   RO         5453    .constdata          mylib.lib(f13_1.o)
    0x0801743f   0x0801743f   0x0000000d   Data   RO         5454    .constdata          mylib.lib(f13_1.o)
    0x0801744c   0x0801744c   0x0000000d   Data   RO         5455    .constdata          mylib.lib(f13_1.o)
    0x08017459   0x08017459   0x0000000d   Data   RO         5456    .constdata          mylib.lib(f13_1.o)
    0x08017466   0x08017466   0x0000000d   Data   RO         5457    .constdata          mylib.lib(f13_1.o)
    0x08017473   0x08017473   0x0000000d   Data   RO         5458    .constdata          mylib.lib(f13_1.o)
    0x08017480   0x08017480   0x0000000d   Data   RO         5459    .constdata          mylib.lib(f13_1.o)
    0x0801748d   0x0801748d   0x0000000d   Data   RO         5460    .constdata          mylib.lib(f13_1.o)
    0x0801749a   0x0801749a   0x0000000d   Data   RO         5461    .constdata          mylib.lib(f13_1.o)
    0x080174a7   0x080174a7   0x0000000d   Data   RO         5462    .constdata          mylib.lib(f13_1.o)
    0x080174b4   0x080174b4   0x0000000d   Data   RO         5463    .constdata          mylib.lib(f13_1.o)
    0x080174c1   0x080174c1   0x0000000d   Data   RO         5464    .constdata          mylib.lib(f13_1.o)
    0x080174ce   0x080174ce   0x0000000d   Data   RO         5465    .constdata          mylib.lib(f13_1.o)
    0x080174db   0x080174db   0x00000001   PAD
    0x080174dc   0x080174dc   0x00000300   Data   RO         5466    .constdata          mylib.lib(f13_1.o)
    0x080177dc   0x080177dc   0x0000000c   Data   RO         5467    .constdata          mylib.lib(f13_1.o)
    0x080177e8   0x080177e8   0x00000020   Data   RO         5468    .constdata          mylib.lib(f13_1.o)
    0x08017808   0x08017808   0x0000000c   Data   RO         5474    .constdata          mylib.lib(gui_draw_bitmap.o)
    0x08017814   0x08017814   0x00000018   Data   RO         5483    .constdata          mylib.lib(widget_effect_3d.o)
    0x0801782c   0x0801782c   0x000002f8   Data   RO         5599    .constdata          mylib.lib(f08_ascii.o)
    0x08017b24   0x08017b24   0x000002f8   Data   RO         5600    .constdata          mylib.lib(f08_ascii.o)
    0x08017e1c   0x08017e1c   0x0000000c   Data   RO         5601    .constdata          mylib.lib(f08_ascii.o)
    0x08017e28   0x08017e28   0x0000000d   Data   RO         5603    .constdata          mylib.lib(f13_ascii.o)
    0x08017e35   0x08017e35   0x0000000d   Data   RO         5604    .constdata          mylib.lib(f13_ascii.o)
    0x08017e42   0x08017e42   0x0000000d   Data   RO         5605    .constdata          mylib.lib(f13_ascii.o)
    0x08017e4f   0x08017e4f   0x0000000d   Data   RO         5606    .constdata          mylib.lib(f13_ascii.o)
    0x08017e5c   0x08017e5c   0x0000000d   Data   RO         5607    .constdata          mylib.lib(f13_ascii.o)
    0x08017e69   0x08017e69   0x0000001a   Data   RO         5608    .constdata          mylib.lib(f13_ascii.o)
    0x08017e83   0x08017e83   0x0000000d   Data   RO         5609    .constdata          mylib.lib(f13_ascii.o)
    0x08017e90   0x08017e90   0x0000000d   Data   RO         5610    .constdata          mylib.lib(f13_ascii.o)
    0x08017e9d   0x08017e9d   0x0000000d   Data   RO         5611    .constdata          mylib.lib(f13_ascii.o)
    0x08017eaa   0x08017eaa   0x0000000d   Data   RO         5612    .constdata          mylib.lib(f13_ascii.o)
    0x08017eb7   0x08017eb7   0x0000000d   Data   RO         5613    .constdata          mylib.lib(f13_ascii.o)
    0x08017ec4   0x08017ec4   0x0000000d   Data   RO         5614    .constdata          mylib.lib(f13_ascii.o)
    0x08017ed1   0x08017ed1   0x0000000d   Data   RO         5615    .constdata          mylib.lib(f13_ascii.o)
    0x08017ede   0x08017ede   0x0000000d   Data   RO         5616    .constdata          mylib.lib(f13_ascii.o)
    0x08017eeb   0x08017eeb   0x0000000d   Data   RO         5617    .constdata          mylib.lib(f13_ascii.o)
    0x08017ef8   0x08017ef8   0x0000000d   Data   RO         5618    .constdata          mylib.lib(f13_ascii.o)
    0x08017f05   0x08017f05   0x0000000d   Data   RO         5619    .constdata          mylib.lib(f13_ascii.o)
    0x08017f12   0x08017f12   0x0000000d   Data   RO         5620    .constdata          mylib.lib(f13_ascii.o)
    0x08017f1f   0x08017f1f   0x0000000d   Data   RO         5621    .constdata          mylib.lib(f13_ascii.o)
    0x08017f2c   0x08017f2c   0x0000000d   Data   RO         5622    .constdata          mylib.lib(f13_ascii.o)
    0x08017f39   0x08017f39   0x0000000d   Data   RO         5623    .constdata          mylib.lib(f13_ascii.o)
    0x08017f46   0x08017f46   0x0000000d   Data   RO         5624    .constdata          mylib.lib(f13_ascii.o)
    0x08017f53   0x08017f53   0x0000000d   Data   RO         5625    .constdata          mylib.lib(f13_ascii.o)
    0x08017f60   0x08017f60   0x0000000d   Data   RO         5626    .constdata          mylib.lib(f13_ascii.o)
    0x08017f6d   0x08017f6d   0x0000000d   Data   RO         5627    .constdata          mylib.lib(f13_ascii.o)
    0x08017f7a   0x08017f7a   0x0000000d   Data   RO         5628    .constdata          mylib.lib(f13_ascii.o)
    0x08017f87   0x08017f87   0x0000000d   Data   RO         5629    .constdata          mylib.lib(f13_ascii.o)
    0x08017f94   0x08017f94   0x0000000d   Data   RO         5630    .constdata          mylib.lib(f13_ascii.o)
    0x08017fa1   0x08017fa1   0x0000000d   Data   RO         5631    .constdata          mylib.lib(f13_ascii.o)
    0x08017fae   0x08017fae   0x0000000d   Data   RO         5632    .constdata          mylib.lib(f13_ascii.o)
    0x08017fbb   0x08017fbb   0x0000000d   Data   RO         5633    .constdata          mylib.lib(f13_ascii.o)
    0x08017fc8   0x08017fc8   0x0000000d   Data   RO         5634    .constdata          mylib.lib(f13_ascii.o)
    0x08017fd5   0x08017fd5   0x0000001a   Data   RO         5635    .constdata          mylib.lib(f13_ascii.o)
    0x08017fef   0x08017fef   0x0000000d   Data   RO         5636    .constdata          mylib.lib(f13_ascii.o)
    0x08017ffc   0x08017ffc   0x0000000d   Data   RO         5637    .constdata          mylib.lib(f13_ascii.o)
    0x08018009   0x08018009   0x0000000d   Data   RO         5638    .constdata          mylib.lib(f13_ascii.o)
    0x08018016   0x08018016   0x0000000d   Data   RO         5639    .constdata          mylib.lib(f13_ascii.o)
    0x08018023   0x08018023   0x0000000d   Data   RO         5640    .constdata          mylib.lib(f13_ascii.o)
    0x08018030   0x08018030   0x0000000d   Data   RO         5641    .constdata          mylib.lib(f13_ascii.o)
    0x0801803d   0x0801803d   0x0000000d   Data   RO         5642    .constdata          mylib.lib(f13_ascii.o)
    0x0801804a   0x0801804a   0x0000000d   Data   RO         5643    .constdata          mylib.lib(f13_ascii.o)
    0x08018057   0x08018057   0x0000000d   Data   RO         5644    .constdata          mylib.lib(f13_ascii.o)
    0x08018064   0x08018064   0x0000000d   Data   RO         5645    .constdata          mylib.lib(f13_ascii.o)
    0x08018071   0x08018071   0x0000000d   Data   RO         5646    .constdata          mylib.lib(f13_ascii.o)
    0x0801807e   0x0801807e   0x0000000d   Data   RO         5647    .constdata          mylib.lib(f13_ascii.o)
    0x0801808b   0x0801808b   0x0000000d   Data   RO         5648    .constdata          mylib.lib(f13_ascii.o)
    0x08018098   0x08018098   0x0000000d   Data   RO         5649    .constdata          mylib.lib(f13_ascii.o)
    0x080180a5   0x080180a5   0x0000000d   Data   RO         5650    .constdata          mylib.lib(f13_ascii.o)
    0x080180b2   0x080180b2   0x0000000d   Data   RO         5651    .constdata          mylib.lib(f13_ascii.o)
    0x080180bf   0x080180bf   0x0000000d   Data   RO         5652    .constdata          mylib.lib(f13_ascii.o)
    0x080180cc   0x080180cc   0x0000000d   Data   RO         5653    .constdata          mylib.lib(f13_ascii.o)
    0x080180d9   0x080180d9   0x0000000d   Data   RO         5654    .constdata          mylib.lib(f13_ascii.o)
    0x080180e6   0x080180e6   0x0000000d   Data   RO         5655    .constdata          mylib.lib(f13_ascii.o)
    0x080180f3   0x080180f3   0x0000000d   Data   RO         5656    .constdata          mylib.lib(f13_ascii.o)
    0x08018100   0x08018100   0x0000000d   Data   RO         5657    .constdata          mylib.lib(f13_ascii.o)
    0x0801810d   0x0801810d   0x0000001a   Data   RO         5658    .constdata          mylib.lib(f13_ascii.o)
    0x08018127   0x08018127   0x0000000d   Data   RO         5659    .constdata          mylib.lib(f13_ascii.o)
    0x08018134   0x08018134   0x0000000d   Data   RO         5660    .constdata          mylib.lib(f13_ascii.o)
    0x08018141   0x08018141   0x0000000d   Data   RO         5661    .constdata          mylib.lib(f13_ascii.o)
    0x0801814e   0x0801814e   0x0000000d   Data   RO         5662    .constdata          mylib.lib(f13_ascii.o)
    0x0801815b   0x0801815b   0x0000000d   Data   RO         5663    .constdata          mylib.lib(f13_ascii.o)
    0x08018168   0x08018168   0x0000000d   Data   RO         5664    .constdata          mylib.lib(f13_ascii.o)
    0x08018175   0x08018175   0x0000000d   Data   RO         5665    .constdata          mylib.lib(f13_ascii.o)
    0x08018182   0x08018182   0x0000000d   Data   RO         5666    .constdata          mylib.lib(f13_ascii.o)
    0x0801818f   0x0801818f   0x0000000d   Data   RO         5667    .constdata          mylib.lib(f13_ascii.o)
    0x0801819c   0x0801819c   0x0000000d   Data   RO         5668    .constdata          mylib.lib(f13_ascii.o)
    0x080181a9   0x080181a9   0x0000000d   Data   RO         5669    .constdata          mylib.lib(f13_ascii.o)
    0x080181b6   0x080181b6   0x0000000d   Data   RO         5670    .constdata          mylib.lib(f13_ascii.o)
    0x080181c3   0x080181c3   0x0000000d   Data   RO         5671    .constdata          mylib.lib(f13_ascii.o)
    0x080181d0   0x080181d0   0x0000000d   Data   RO         5672    .constdata          mylib.lib(f13_ascii.o)
    0x080181dd   0x080181dd   0x0000000d   Data   RO         5673    .constdata          mylib.lib(f13_ascii.o)
    0x080181ea   0x080181ea   0x0000000d   Data   RO         5674    .constdata          mylib.lib(f13_ascii.o)
    0x080181f7   0x080181f7   0x0000000d   Data   RO         5675    .constdata          mylib.lib(f13_ascii.o)
    0x08018204   0x08018204   0x0000000d   Data   RO         5676    .constdata          mylib.lib(f13_ascii.o)
    0x08018211   0x08018211   0x0000000d   Data   RO         5677    .constdata          mylib.lib(f13_ascii.o)
    0x0801821e   0x0801821e   0x0000000d   Data   RO         5678    .constdata          mylib.lib(f13_ascii.o)
    0x0801822b   0x0801822b   0x0000000d   Data   RO         5679    .constdata          mylib.lib(f13_ascii.o)
    0x08018238   0x08018238   0x0000000d   Data   RO         5680    .constdata          mylib.lib(f13_ascii.o)
    0x08018245   0x08018245   0x0000000d   Data   RO         5681    .constdata          mylib.lib(f13_ascii.o)
    0x08018252   0x08018252   0x0000000d   Data   RO         5682    .constdata          mylib.lib(f13_ascii.o)
    0x0801825f   0x0801825f   0x0000000d   Data   RO         5683    .constdata          mylib.lib(f13_ascii.o)
    0x0801826c   0x0801826c   0x0000000d   Data   RO         5684    .constdata          mylib.lib(f13_ascii.o)
    0x08018279   0x08018279   0x0000000d   Data   RO         5685    .constdata          mylib.lib(f13_ascii.o)
    0x08018286   0x08018286   0x0000000d   Data   RO         5686    .constdata          mylib.lib(f13_ascii.o)
    0x08018293   0x08018293   0x0000000d   Data   RO         5687    .constdata          mylib.lib(f13_ascii.o)
    0x080182a0   0x080182a0   0x0000000d   Data   RO         5688    .constdata          mylib.lib(f13_ascii.o)
    0x080182ad   0x080182ad   0x0000000d   Data   RO         5689    .constdata          mylib.lib(f13_ascii.o)
    0x080182ba   0x080182ba   0x0000000d   Data   RO         5690    .constdata          mylib.lib(f13_ascii.o)
    0x080182c7   0x080182c7   0x0000000d   Data   RO         5691    .constdata          mylib.lib(f13_ascii.o)
    0x080182d4   0x080182d4   0x0000000d   Data   RO         5692    .constdata          mylib.lib(f13_ascii.o)
    0x080182e1   0x080182e1   0x0000000d   Data   RO         5693    .constdata          mylib.lib(f13_ascii.o)
    0x080182ee   0x080182ee   0x0000000d   Data   RO         5694    .constdata          mylib.lib(f13_ascii.o)
    0x080182fb   0x080182fb   0x0000000d   Data   RO         5695    .constdata          mylib.lib(f13_ascii.o)
    0x08018308   0x08018308   0x0000000d   Data   RO         5696    .constdata          mylib.lib(f13_ascii.o)
    0x08018315   0x08018315   0x0000000d   Data   RO         5697    .constdata          mylib.lib(f13_ascii.o)
    0x08018322   0x08018322   0x00000002   PAD
    0x08018324   0x08018324   0x000002f8   Data   RO         5698    .constdata          mylib.lib(f13_ascii.o)
    0x0801861c   0x0801861c   0x0000000c   Data   RO         5699    .constdata          mylib.lib(f13_ascii.o)
    0x08018628   0x08018628   0x00000014   Data   RO         5745    .constdata          mylib.lib(gui_cursorarrowm.o)
    0x0801863c   0x0801863c   0x0000000c   Data   RO         5746    .constdata          mylib.lib(gui_cursorarrowm.o)
    0x08018648   0x08018648   0x00000030   Data   RO         5752    .constdata          mylib.lib(lcd_api.o)
    0x08018678   0x08018678   0x0000003c   Data   RO         5769    .constdata          mylib.lib(gui_cursorarrowmpx.o)
    0x080186b4   0x080186b4   0x0000000c   Data   RO         5770    .constdata          mylib.lib(gui_cursorpal.o)
    0x080186c0   0x080186c0   0x0000000c   Data   RO         5771    .constdata          mylib.lib(gui_cursorpal.o)
    0x080186cc   0x080186cc   0x00000004   PAD
    0x080186d0   0x080186d0   0x00000050   Data   RO         5776    .constdata          m_ws.l(acos.o)
    0x08018720   0x08018720   0x00000050   Data   RO         5786    .constdata          m_ws.l(asin.o)
    0x08018770   0x08018770   0x00000098   Data   RO         5796    .constdata          m_ws.l(atan.o)
    0x08018808   0x08018808   0x00000058   Data   RO         5818    .constdata          m_ws.l(exp.o)
    0x08018860   0x08018860   0x00000038   Data   RO         5828    .constdata          m_ws.l(log.o)
    0x08018898   0x08018898   0x00000088   Data   RO         5838    .constdata          m_ws.l(pow.o)
    0x08018920   0x08018920   0x00000030   Data   RO         6206    .constdata          m_ws.l(cos_i.o)
    0x08018950   0x08018950   0x00000008   Data   RO         6226    .constdata          m_ws.l(qnan.o)
    0x08018958   0x08018958   0x000000c8   Data   RO         6229    .constdata          m_ws.l(rred.o)
    0x08018a20   0x08018a20   0x00000028   Data   RO         6233    .constdata          m_ws.l(sin_i.o)
    0x08018a48   0x08018a48   0x00000060   Data   RO         6239    .constdata          m_ws.l(tan_i.o)
    0x08018aa8   0x08018aa8   0x00000040   Data   RO         6298    .constdata          mc_w.l(ctype_c.o)
    0x08018ae8   0x08018ae8   0x00000214   Data   RO          877    .conststring        mycalculator v1.0.o
    0x08018cfc   0x08018cfc   0x00000019   Data   RO          975    .conststring        aboutframe.o
    0x08018d15   0x08018d15   0x00000003   PAD
    0x08018d18   0x08018d18   0x00000020   Data   RO         6306    Region$$Table       anon$$obj.o


    Execution Region ER_RW (Exec base: 0x20000000, Load base: 0x08018d38, Size: 0x000007d0, Max: 0xffffffff, ABSOLUTE, COMPRESSED[0x000004bc])

    Exec Addr    Load Addr    Size         Type   Attr      Idx    E Section Name        Object

    0x20000000   COMPRESSED   0x00000004   Data   RW          624    .data               gui_x.o
    0x20000004   COMPRESSED   0x0000003c   Data   RW         3770    .data               os_core.o
    0x20000040   COMPRESSED   0x00000004   Data   RW         3771    .data               os_core.o
    0x20000044   COMPRESSED   0x00000004   Data   RW         3772    .data               os_core.o
    0x20000048   COMPRESSED   0x00000004   Data   RW         4361    .data               calculator.o
    0x2000004c   COMPRESSED   0x00000004   PAD
    0x20000050   COMPRESSED   0x00000610   Data   RW         4490    .data               fpconv.o
    0x20000660   COMPRESSED   0x00000034   Data   RW         4528    .data               mylib.lib(gui_touch_driveranalog.o)
    0x20000694   COMPRESSED   0x00000001   Data   RW         4536    .data               mylib.lib(guicore.o)
    0x20000695   COMPRESSED   0x00000003   PAD
    0x20000698   COMPRESSED   0x00000004   Data   RW         4537    .data               mylib.lib(guicore.o)
    0x2000069c   COMPRESSED   0x00000004   Data   RW         4538    .data               mylib.lib(guicore.o)
    0x200006a0   COMPRESSED   0x00000004   Data   RW         4539    .data               mylib.lib(guicore.o)
    0x200006a4   COMPRESSED   0x00000004   Data   RW         4540    .data               mylib.lib(guicore.o)
    0x200006a8   COMPRESSED   0x00000004   Data   RW         4541    .data               mylib.lib(guicore.o)
    0x200006ac   COMPRESSED   0x00000004   Data   RW         4542    .data               mylib.lib(guicore.o)
    0x200006b0   COMPRESSED   0x00000020   Data   RW         5133    .data               mylib.lib(button.o)
    0x200006d0   COMPRESSED   0x00000004   Data   RW         5140    .data               mylib.lib(dialog.o)
    0x200006d4   COMPRESSED   0x00000024   Data   RW         5143    .data               mylib.lib(framewin.o)
    0x200006f8   COMPRESSED   0x00000014   Data   RW         5150    .data               mylib.lib(multiedit.o)
    0x2000070c   COMPRESSED   0x00000028   Data   RW         5163    .data               mylib.lib(wm.o)
    0x20000734   COMPRESSED   0x00000001   Data   RW         5164    .data               mylib.lib(wm.o)
    0x20000735   COMPRESSED   0x00000003   PAD
    0x20000738   COMPRESSED   0x00000010   Data   RW         5222    .data               mylib.lib(gui_onkey.o)
    0x20000748   COMPRESSED   0x00000008   Data   RW         5234    .data               mylib.lib(gui_touch_storeunstable.o)
    0x20000750   COMPRESSED   0x00000001   Data   RW         5243    .data               mylib.lib(guialloc.o)
    0x20000751   COMPRESSED   0x00000003   PAD
    0x20000754   COMPRESSED   0x00000008   Data   RW         5477    .data               mylib.lib(text.o)
    0x2000075c   COMPRESSED   0x00000004   Data   RW         5480    .data               mylib.lib(widget.o)
    0x20000760   COMPRESSED   0x00000004   Data   RW         5528    .data               mylib.lib(wm_setcapturemove.o)
    0x20000764   COMPRESSED   0x00000010   Data   RW         5543    .data               mylib.lib(wmtouch.o)
    0x20000774   COMPRESSED   0x00000004   Data   RW         5561    .data               mylib.lib(gui_fillpolygon.o)
    0x20000778   COMPRESSED   0x00000030   Data   RW         5592    .data               mylib.lib(guicurs.o)
    0x200007a8   COMPRESSED   0x00000004   Data   RW         5753    .data               mylib.lib(lcd_api.o)
    0x200007ac   COMPRESSED   0x00000014   Data   RW         5757    .data               mylib.lib(scrollbar.o)
    0x200007c0   COMPRESSED   0x00000004   Data   RW         5877    .data               mc_w.l(stderr.o)
    0x200007c4   COMPRESSED   0x00000004   Data   RW         6263    .data               mc_w.l(mvars.o)
    0x200007c8   COMPRESSED   0x00000004   Data   RW         6264    .data               mc_w.l(mvars.o)
    0x200007cc   COMPRESSED   0x00000004   Data   RW         6268    .data               mc_w.l(errno.o)


    Execution Region ER_ZI (Exec base: 0x200007d0, Load base: 0x080191f4, Size: 0x0000cb68, Max: 0xffffffff, ABSOLUTE)

    Exec Addr    Load Addr    Size         Type   Attr      Idx    E Section Name        Object

    0x200007d0        -       0x00004000   Zero   RW          533    .bss                main.o
    0x200047d0        -       0x00004400   Zero   RW          714    .bss                app.o
    0x20008bd0        -       0x00000814   Zero   RW         3766    .bss                os_core.o
    0x200093e4        -       0x00000050   Zero   RW         3767    .bss                os_core.o
    0x20009434        -       0x00000060   Zero   RW         3768    .bss                os_core.o
    0x20009494        -       0x00000014   Zero   RW         4360    .bss                calculator.o
    0x200094a8        -       0x00000050   Zero   RW         4534    .bss                mylib.lib(guicore.o)
    0x200094f8        -       0x0000000c   Zero   RW         5161    .bss                mylib.lib(wm.o)
    0x20009504        -       0x00000018   Zero   RW         5162    .bss                mylib.lib(wm.o)
    0x2000951c        -       0x000017e0   Zero   RW         5242    .bss                mylib.lib(guialloc.o)
    0x2000acfc        -       0x00000018   Zero   RW         5560    .bss                mylib.lib(gui_fillpolygon.o)
    0x2000ad14        -       0x0000000c   Zero   RW         5574    .bss                mylib.lib(gui_pid.o)
    0x2000ad20        -       0x0000000c   Zero   RW         5583    .bss                mylib.lib(gui_touch_storestate.o)
    0x2000ad2c        -       0x00000200   Zero   RW         5595    .bss                mylib.lib(lcdcolor.o)
    0x2000af2c        -       0x0000000c   Zero   RW         5750    .bss                mylib.lib(gui_touch.o)
    0x2000af38        -       0x00002000   Zero   RW          477    HEAP                startup_stm32f10x_xl.o
    0x2000cf38        -       0x00000400   Zero   RW          476    STACK               startup_stm32f10x_xl.o


==============================================================================

Image component sizes


      Code (inc. data)   RO Data    RW Data    ZI Data      Debug   Object Name

       840        344        361          0          0       2452   aboutframe.o
       176         22          0          0      17408      33382   app.o
      3722        566          0          4         20      13326   calculator.o
        28          0          0          0          0        874   delay.o
      1606         42          0       1552          0       7762   fpconv.o
        38          4          0          4          0       1532   gui_x.o
       790         42          0          0          0       7295   ili9325.o
      2158         72          0          0          0      12322   lcdnull.o
        52         10          0          0      16384       9196   main.o
       160         16          0          0          0       2069   misc.o
      2878        226       1624          0          0      14073   mycalculator v1.0.o
      1062        142        256         68       2244      14226   os_core.o
       164         32          0          0          0        336   os_cpu_a.o
       130          0          0          0          0      12366   os_cpu_c.o
        80         14          0          0          0        606   os_flag.o
        64          8          0          0          0        623   os_q.o
       712         64          0          0          0       5476   os_task.o
       204         28          0          0          0       1748   os_time.o
       116          0          0          0          0       3478   stack.o
        36          8        304          0       9216        820   startup_stm32f10x_xl.o
        12          6          0          0          0        497   stm32f10x_exti.o
       230          4          0          0          0       1773   stm32f10x_fsmc.o
       214          0          0          0          0       3652   stm32f10x_gpio.o
        98          6          0          0          0     274517   stm32f10x_it.o
        72         18          0          0          0       1658   stm32f10x_rcc.o
       236          8          0          0          0       4940   stm32f10x_tim.o
         8          0          0          0          0       1897   stm32f10x_usart.o
       210          6          0          0          0      26747   sysconfig.o
       240         18          0          0          0       1157   system_stm32f10x.o
       912         40          0          0          0       5150   touch.o
        32          6          0          0          0        967   uart.o
       564        108          0          0          0       2175   ucgui_practice.o

    ----------------------------------------------------------------------
     17872       1860       2580       1632      45272     469092   Object Totals
         0          0         32          0          0          0   (incl. Generated)
        28          0          3          4          0          0   (incl. Padding)

    ----------------------------------------------------------------------

      Code (inc. data)   RO Data    RW Data    ZI Data      Debug   Library Member Name

       636         62         80          0          0        188   acos.o
       624         52         80          0          0        168   asin.o
       544         70        152          0          0        124   atan.o
       364         64          0          0          0        120   cbrt.o
       156          8          0          0          0        104   cos.o
       252         22         48          0          0        124   cos_i.o
        68         10          0          0          0        408   dunder.o
       644         90         88          0          0        204   exp.o
        40          0          0          0          0         68   fpclassify.o
       860         52         56          0          0        256   log.o
       170          0          0          0          0         96   poly.o
      2520        190        136          0          0        324   pow.o
         0          0          8          0          0          0   qnan.o
       904         76        200          0          0        140   rred.o
       160         10          0          0          0        108   sin.o
       236         12         40          0          0        128   sin_i.o
        76          0          0          0          0         84   sqrt.o
        28          0          0          0          0         80   strtod.o
       100         10          0          0          0         96   tan.o
       636         50         96          0          0        168   tan_i.o
        86          0          0          0          0          0   __dczerorl2.o
        64          0          0          0          0         84   _sgetc.o
        40          6         64          0          0         68   ctype_c.o
         0          0          0          0          0          0   entry.o
         0          0          0          0          0          0   entry10a.o
         0          0          0          0          0          0   entry11a.o
         8          4          0          0          0          0   entry2.o
         4          0          0          0          0          0   entry5.o
         0          0          0          0          0          0   entry7b.o
         0          0          0          0          0          0   entry8b.o
         8          4          0          0          0          0   entry9a.o
        12          6          0          4          0         68   errno.o
        30          0          0          0          0          0   handlers.o
        36          8          0          0          0         68   init.o
        10          0          0          0          0         68   isspace_c.o
         0          0          0          0          0          0   iusefp.o
        30          0          0          0          0         68   llshl.o
        36          0          0          0          0         68   llsshr.o
        32          0          0          0          0         68   llushr.o
       360         30          0          0          0        356   mallocr.o
        26          0          0          0          0         80   memcmp.o
        64          0          0          0          0         76   memmovea.o
        36          0          0          0          0        108   memseta.o
         0          0          0          8          0          0   mvars.o
      1150         50          0          0          0        352   printf8.o
       878         12          0          0          0        216   scanf_fp.o
         0          0          0          4          0          0   stderr.o
        28          0          0          0          0         76   strcmp.o
        18          0          0          0          0         68   strcpy.o
        14          0          0          0          0         68   strlen.o
        30          0          0          0          0         80   strncmp.o
       156         12          0          0          0        120   strtod.o
        98          0          0          0          0         92   uldiv.o
        48          0          0          0          0         68   cdcmple.o
        48          0          0          0          0         68   cdrcmple.o
        56          0          0          0          0         88   d2f.o
       334          0          0          0          0        148   dadd.o
       222          0          0          0          0        100   ddiv.o
       186          0          0          0          0        176   depilogue.o
        62          0          0          0          0         80   dfixi.o
        34          0          0          0          0         76   dflti.o
        26          0          0          0          0         76   dfltui.o
        24          0          0          0          0         76   dfltul.o
       228          0          0          0          0         96   dmul.o
        46          0          0          0          0         80   dscalb.o
       162          0          0          0          0        100   dsqrt.o
       110          0          0          0          0        168   fepilogue.o
       716          6          0         32          0        444   button.o
        46          0          0          0          0         92   button__setbitmapobj.o
        44          0          0          0          0        112   button_bitmap.o
        62          0          0          0          0         84   button_createindirect.o
       252          6          0          4          0        368   dialog.o
         0          0       1588          0          0          0   f08_1.o
         0          0       1532          0          0          0   f08_ascii.o
         0          0       2151          0          0          0   f13_1.o
         0          0       2046          0          0          0   f13_ascii.o
         0          0       2221          0          0          0   f13b_ascii.o
         0          0       2716          0          0          0   f16_ascii.o
         0          0       2692          0          0          0   f16b_ascii.o
         0          0       4788          0          0          0   f24_ascii.o
         0          0       4860          0          0          0   f24b_ascii.o
         0          0       7844          0          0          0   f32b_ascii.o
         0          0       3116          0          0          0   f8x16.o
      1630         16          0         36          0        512   framewin.o
        60          0          0          0          0         88   framewin_createindirect.o
       152          0          0          0          0         96   framewin_settitlevis.o
      1412         20         68          0          0        704   gui2dlib.o
       156          0          0          0          0         84   gui__calctextrect.o
        22          0          0          0          0         68   gui__divideround.o
        16          4          0          0          0         68   gui__getfontsizey.o
        26          0          0          0          0         80   gui__getnumchars.o
        24          0          0          0          0         68   gui__handleeoline.o
        58          0          0          0          0         68   gui__intersectrect.o
        82          0          0          0          0         80   gui__intersectrects.o
        76          0          0          0          0         76   gui__memset.o
        26          0          0          0          0         68   gui__reducerect.o
        64          0          0          0          0         84   gui__settext.o
        68          6          0          0          0        148   gui__strcmp.o
        20          0          0          0          0         68   gui__strlen.o
       218          0          0          0          0        156   gui__wrap.o
        28          0          0          0          0         80   gui_alloc_alloczero.o
        20          0          0          0          0         68   gui_clearrectex.o
         0          0         32          0          0          0   gui_cursorarrowm.o
         0          0         60          0          0          0   gui_cursorarrowmpx.o
         0          0         24          0          0          0   gui_cursorpal.o
       136          4          0          0          0        112   gui_dispchar.o
        20          0          0          0          0         80   gui_dispchars.o
       240          4          0          0          0         88   gui_dispstring.o
        16          6          0          0          0         68   gui_dispstringat.o
       392          6          0          0          0        144   gui_dispstringinrect.o
        74          0          0          0          0        156   gui_draw.o
        76          6         12          0          0        132   gui_draw_bitmap.o
       208          4          0          0          0        128   gui_drawbitmap.o
       156          6          0          0          0         76   gui_drawfocusrect.o
        72          6          0          0          0         84   gui_drawhline.o
        64          6          0          0          0         80   gui_drawvline.o
        52          4          0          0          0        100   gui_exec.o
       552         14          0          4         24        152   gui_fillpolygon.o
        72          6          0          0          0         84   gui_fillrect.o
        20          0          0          0          0         68   gui_fillrectex.o
       142          0          0          0          0         68   gui_getbitmappixelindex.o
        10          0          0          0          0         68   gui_getclientrect.o
        36          0          0          0          0        140   gui_getcolor.o
         4          0          0          0          0         68   gui_getfontsizey.o
        20          0          0          0          0         80   gui_getstringdistx.o
        16          0          0          0          0         84   gui_getysizeoffont.o
        48          4          0          0          0        144   gui_goto.o
        92          4          0          0          0         84   gui_invertrect.o
        88          0          0          0          0         76   gui_mergerect.o
        30          0          0          0          0         68   gui_moverect.o
       128          6          0         16          0        244   gui_onkey.o
        36          4          0          0          0        168   gui_pen.o
        68         14          0          0         12        144   gui_pid.o
        56          0          0          0          0         68   gui_rectsintersect.o
        24          6          0          0          0         84   gui_savecontext.o
         8          0          0          0          0         84   gui_setcolor.o
        64          6          0          0          0         96   gui_setdefault.o
         4          0          0          0          0         68   gui_setdrawmode.o
        16          4          0          0          0         68   gui_setfont.o
        16          6          0          0          0         68   gui_setlinestyle.o
        16          4          0          0          0         68   gui_settextalign.o
        16          4          0          0          0         68   gui_settextmode.o
        64          4          0          0         12        160   gui_touch.o
       396          6          0         52          0        400   gui_touch_driveranalog.o
        36          6          0          0         12         68   gui_touch_storestate.o
        56          4          0          8          0        156   gui_touch_storeunstable.o
       148          4          0          0          0        212   gui_uc.o
        36         10         16          0          0        184   gui_uc_encodenone.o
       200          8         16          0          0        196   gui_uc_encodeutf8.o
       736         16          0          1       6112        448   guialloc.o
       132         10          0          0          0        268   guichar.o
       332         12          0          0          0        168   guicharline.o
       356          6          0          0          0        300   guicharm.o
       264          6          0          0          0        228   guicharp.o
       944          4          0          0          0        388   guicirc.o
       224         20          8         25         80        140   guicore.o
      1284         34          0         48          0        488   guicurs.o
        68          0          0          0          0         84   guirealloc.o
       844          8          0          0          0        460   lcd.o
         0          0         48          4          0          0   lcd_api.o
        60          6          0          0          0         88   lcd_drawvline.o
        16          4          0          0          0         84   lcd_getcolorindex.o
        32          0          0          0          0        168   lcd_l0_generic.o
        28          6          0          0          0         76   lcd_setcliprectex.o
        64          6          0          0        512        168   lcdcolor.o
        28          0          0          0          0        136   lcdpm565.o
        52          0          0          0          0         76   lcdpm565_index2color.o
      5012         22          0         20          0       1888   multiedit.o
        56          0          0          0          0         88   multiedit_createindirect.o
      1600          8          0         20          0        540   scrollbar.o
        82          0          0          0          0        116   scrollbar_create.o
       276         10          0          8          0        280   text.o
        56          0          0          0          0         88   text_createindirect.o
        26          0          0          0          0         92   text_setfont.o
        36          0          0          0          0         92   text_settext.o
       972          6          0          4          0        908   widget.o
       300         16         24          0          0        224   widget_effect_3d.o
       248          6          0          0          0        108   widget_fillstringinrect.o
      3280         58          0         41         36       1500   wm.o
        54          0          0          0          0         84   wm__foreachdesc.o
        20          0          0          0          0         76   wm__getfirstsibling.o
        32          6          0          0          0         80   wm__getfocussedchild.o
        38          0          0          0          0         80   wm__getprevsibling.o
        44          0          0          0          0         96   wm__isancestor.o
        28          0          0          0          0         80   wm__ischild.o
        20          0          0          0          0         76   wm__isenabled.o
        32          0          0          0          0         96   wm__sendmessage.o
        28          0          0          0          0         92   wm__sendmessageifenabled.o
        40          0          0          0          0         80   wm__sendmessagenopara.o
       208          0          0          0          0         92   wm__updatechildpositions.o
        66          0          0          0          0         96   wm_bringtobottom.o
        84          4          0          0          0        108   wm_bringtotop.o
        94          0          0          0          0        172   wm_checkscrollpos.o
        52          4          0          0          0        136   wm_criticalhandle.o
         4          0          0          0          0         68   wm_foreachdesc.o
        24          0          0          0          0         76   wm_getbkcolor.o
        56         10          0          0          0        100   wm_getclientrect.o
        22          0          0          0          0         76   wm_getclientwindow.o
        12          4          0          0          0         68   wm_getdesktopwindow.o
        74          0          0          0          0         96   wm_getdialogitem.o
        16          0          0          0          0         76   wm_getfirstchild.o
        20          0          0          0          0         76   wm_getflags.o
        16          0          0          0          0         76   wm_getid.o
        32          6          0          0          0         92   wm_getinsiderect.o
       164          0          0          0          0         88   wm_getinsiderectexscrollbar.o
        16          0          0          0          0         76   wm_getparent.o
        12          0          0          0          0         84   wm_getscrollbar.o
        42          0          0          0          0         88   wm_getscrollpartner.o
        16          0          0          0          0         76   wm_getscrollstate.o
        72          8          0          0          0        100   wm_getwindowrect.o
        86          0          0          0          0        200   wm_getwindowsize.o
        24          6          0          0          0         68   wm_hascaptured.o
        24          6          0          0          0         68   wm_hasfocus.o
        40          0          0          0          0         84   wm_hide.o
        28          0          0          0          0         76   wm_isfocussable.o
         4          0          0          0          0         68   wm_iswindow.o
       202          0          0          0          0        188   wm_move.o
        70          0          0          0          0         96   wm_movechildto.o
        16          0          0          0          0         76   wm_notifyparent.o
        48          4          0          0          0         80   wm_onkey.o
       202          0          0          0          0         88   wm_resizewindow.o
       156          6          0          0          0        188   wm_screen2win.o
         4          0          0          0          0         68   wm_sendmessagenopara.o
        30          0          0          0          0         92   wm_sendtoparent.o
        30          0          0          0          0         80   wm_setcallback.o
        68          8          0          0          0        124   wm_setcapture.o
       144          6          0          4          0         96   wm_setcapturemove.o
       144          6          0          0          0         88   wm_setfocus.o
       108          0          0          0          0        108   wm_setfocusonnextchild.o
        70          0          0          0          0        148   wm_setscrollbar.o
        24          0          0          0          0         76   wm_setscrollstate.o
        54          0          0          0          0         92   wm_setsize.o
       112          4          0          0          0        140   wm_settrans.o
        20          4          0          0          0         76   wm_setusercliprect.o
        76          0          0          0          0        112   wm_show.o
         4          0          0          0          0         84   wmmemdev.o
       480         16          0         16          0        184   wmtouch.o

    ----------------------------------------------------------------------
     44316       1516      36920        368       6800      30740   Library Totals
        42          0         10          9          0          0   (incl. Padding)

    ----------------------------------------------------------------------

      Code (inc. data)   RO Data    RW Data    ZI Data      Debug   Library Name

      9018        778        984          0          0       2988   m_ws.l
      3254        132         64         16          0       2252   mc_w.l
      1586          0          0          0          0       1400   mf_w.l
     30416        606      35862        343       6800      24100   mylib.lib

    ----------------------------------------------------------------------
     44316       1516      36920        368       6800      30740   Library Totals

    ----------------------------------------------------------------------

==============================================================================


      Code (inc. data)   RO Data    RW Data    ZI Data      Debug   

     62188       3376      39500       2000      52072     479628   Grand Totals
     62188       3376      39500       1212      52072     479628   ELF Image Totals (compressed)
     62188       3376      39500       1212          0          0   ROM Totals

==============================================================================

    Total RO  Size (Code + RO Data)               101688 (  99.30kB)
    Total RW  Size (RW Data + ZI Data)             54072 (  52.80kB)
    Total ROM Size (Code + RO Data + RW Data)     102900 ( 100.49kB)

==============================================================================

